Microchip MPLAB XC8 Compiler V2.40

Linker command line:

-W-3 \
  --edf=D:\ProgramData\Microchip\xc8\v2.40\pic\dat\20220703182018_en.msgs \
  -cn -h+dist/PIC16F1827/production\PIC16F1827.production.sym \
  --cmf=dist/PIC16F1827/production\PIC16F1827.production.cmf -z -Q16F1827 \
  -oC:\Users\160047~1\AppData\Local\Temp\xcAseg8.4 --defsym=__MPLAB_BUILD=1 \
  --fixupoverflow=error \
  -Mdist/PIC16F1827/production/PIC16F1827.production.map \
  --md=C:\Users\160047~1\AppData\Local\Temp\xcAseg8.dat -E1 \
  -ver=XC8 Compiler --acfsm=1493 -ACODE=00h-07FFhx2 -ASTRCODE=00h-0FFFh \
  -ASTRING=00h-0FFhx16 -ACONST=00h-0FFhx16 -AENTRY=00h-0FFhx16 \
  -ACOMMON=070h-07Fh -ABANK0=020h-06Fh -ABANK1=0A0h-0EFh \
  -ABANK2=0120h-016Fh -ABANK3=01A0h-01EFh -ABANK4=0220h-024Fh \
  -ABIGRAM=02000h-0216Fh \
  -ARAM=020h-06Fh,0A0h-0EFh,0120h-016Fh,01A0h-01EFh,0220h-024Fh \
  -AABS1=020h-07Fh,0A0h-0EFh,0120h-016Fh,01A0h-01EFh,0220h-024Fh \
  -ASFR0=00h-01Fh -ASFR1=080h-09Fh -ASFR2=0100h-011Fh -ASFR3=0180h-019Fh \
  -ASFR4=0200h-021Fh -ASFR5=0280h-02EFh -ASFR6=0300h-036Fh \
  -ASFR7=0380h-03EFh -ASFR8=0400h-046Fh -ASFR9=0480h-04EFh \
  -ASFR10=0500h-056Fh -ASFR11=0580h-05EFh -ASFR12=0600h-066Fh \
  -ASFR13=0680h-06EFh -ASFR14=0700h-076Fh -ASFR15=0780h-07EFh \
  -ASFR16=0800h-086Fh -ASFR17=0880h-08EFh -ASFR18=0900h-096Fh \
  -ASFR19=0980h-09EFh -ASFR20=0A00h-0A6Fh -ASFR21=0A80h-0AEFh \
  -ASFR22=0B00h-0B6Fh -ASFR23=0B80h-0BEFh -ASFR24=0C00h-0C6Fh \
  -ASFR25=0C80h-0CEFh -ASFR26=0D00h-0D6Fh -ASFR27=0D80h-0DEFh \
  -ASFR28=0E00h-0E6Fh -ASFR29=0E80h-0EEFh -ASFR30=0F00h-0F6Fh \
  -ASFR31=0F80h-0FEFh -ACONFIG=08007h-08008h -DCONFIG=2 \
  -AIDLOC=08000h-08003h -DIDLOC=2 -AEEDATA=00h-0FFh/0F000h \
  -peeprom_data=EEDATA -DEEDATA=2 -DCODE=2 -DSTRCODE=2 -DSTRING=2 -DCONST=2 \
  -DENTRY=2 -preset_vec=00h,intentry,init,end_init -ppowerup=CODE \
  -pcinit=CODE -pfunctab=ENTRY -k \
  C:\Users\160047~1\AppData\Local\Temp\xcAseg8.o \
  dist/PIC16F1827/production\PIC16F1827.production.o 

Object code version is 3.11

Machine type is 16F1827



                Name                               Link     Load   Length Selector   Space Scale
C:\Users\160047~1\AppData\Local\Temp\xcAseg8.o
                end_init                              2        2        2        0       0
                reset_vec                             0        0        2        0       0
                config                             8007     8007        2        0       4
                idloc                              8000     8000        4        0       5
dist/PIC16F1827/production\PIC16F1827.production.o
                cinit                               7D1      7D1       2F      FA2       0
                config                             8007     8007        2        0       4
                idloc                              8000     8000        4        0       5
                text36                              E23      E23        6     1C46       0
                text35                              E29      E29        6     1C52       0
                text34                              E2F      E2F        6     1C5E       0
                text33                              F01      F01       22     1E02       0
                text32                              E41      E41        7     1C82       0
                text31                              EB0      EB0       18     1D60       0
                text30                              E63      E63        C     1CC6       0
                text29                              E1A      E1A        4     1C34       0
                text28                              E7C      E7C       10     1CF8       0
                text27                              E13      E13        2     1C26       0
                text26                                4        4       33        0       0
                text25                               6A       6A       35       D4       0
                text24                               9F       9F       3B      13E       0
                text23                              F75      F75       2E     1EEA       0
                text22                              E59      E59        A     1CB2       0
                text21                               37       37       33       6E       0
                text20                              E50      E50        9     1CA0       0
                text19                              F23      F23       26     1E46       0
                text18                              FD1      FD1       2F     1FA2       0
                text17                              613      613      1BE      C26       0
                text16                              118      118       60      230       0
                text15                              EE2      EE2       1F     1DC4       0
                text14                              4CE      4CE      145      99C       0
                text13                              23A      23A       D3      474       0
                text12                              E6F      E6F        D     1CDE       0
                text11                              E1E      E1E        5     1C3C       0
                text10                              EC8      EC8       1A     1D90       0
                text9                                DA       DA       3E      1B4       0
                text8                               E8C      E8C       12     1D18       0
                text7                               E9E      E9E       12     1D3C       0
                text6                               FA3      FA3       2E     1F46       0
                text5                               E15      E15        2     1C2A       0
                text4                               E17      E17        3     1C2E       0
                text3                               178      178       C2      2F0       0
                text2                               F49      F49       2C     1E92       0
                text1                               30D      30D       D7      61A       0
                maintext                            3E4      3E4       EA      7C8       0
                cstackBANK0                          4A       4A       1F       20       1
                cstackCOMMON                         70       70        E       70       1
                clrtext                             E35      E35        6     1C6A       0
                inittext                            E3B      E3B        6     1C76       0
                bssBANK3                            1A0      1A0       40      1A0       1
                bssBANK2                            120      120       20      120       1
                dataBANK1                            D0       D0        8       A0       1
                bssBANK1                             A0       A0       30       A0       1
                bssBANK0                             20       20       2A       20       1
                stringtext11                        854      854        3     1000       0
                stringtext10                        850      850        4     1000       0
                stringtext9                         845      845        7     1000       0
                stringtext8                         83E      83E        7     1000       0
                stringtext7                         837      837        7     1000       0
                stringtext6                         830      830        7     1000       0
                stringtext5                         828      828        8     1000       0
                stringtext4                         820      820        8     1000       0
                nvBANK0                              69       69        6       20       1
                stringtext3                         84C      84C        4     1000       0
                stringtext2                         810      810       10     1000       0
                stringtext1                         800      800       10     1000       0
                idataBANK1                          E48      E48        8     1C90       0

TOTAL           Name                               Link     Load   Length     Space
        CLASS   CODE           
                end_init                              2        2        2         0
                cinit                               7D1      7D1       2F         0
                reset_vec                             0        0        2         0
                text36                              E23      E23        6         0
                text35                              E29      E29        6         0
                text34                              E2F      E2F        6         0
                text33                              F01      F01       22         0
                text32                              E41      E41        7         0
                text31                              EB0      EB0       18         0
                text30                              E63      E63        C         0
                text29                              E1A      E1A        4         0
                text28                              E7C      E7C       10         0
                text27                              E13      E13        2         0
                text26                                4        4       33         0
                text25                               6A       6A       35         0
                text24                               9F       9F       3B         0
                text23                              F75      F75       2E         0
                text22                              E59      E59        A         0
                text21                               37       37       33         0
                text20                              E50      E50        9         0
                text19                              F23      F23       26         0
                text18                              FD1      FD1       2F         0
                text17                              613      613      1BE         0
                text16                              118      118       60         0
                text15                              EE2      EE2       1F         0
                text14                              4CE      4CE      145         0
                text13                              23A      23A       D3         0
                text12                              E6F      E6F        D         0
                text11                              E1E      E1E        5         0
                text10                              EC8      EC8       1A         0
                text9                                DA       DA       3E         0
                text8                               E8C      E8C       12         0
                text7                               E9E      E9E       12         0
                text6                               FA3      FA3       2E         0
                text5                               E15      E15        2         0
                text4                               E17      E17        3         0
                text3                               178      178       C2         0
                text2                               F49      F49       2C         0
                text1                               30D      30D       D7         0
                maintext                            3E4      3E4       EA         0
                clrtext                             E35      E35        6         0
                inittext                            E3B      E3B        6         0
                idataBANK1                          E48      E48        8         0

        CLASS   STRCODE        
                stringtext11                        854      854        3         0
                stringtext10                        850      850        4         0
                stringtext9                         845      845        7         0
                stringtext8                         83E      83E        7         0
                stringtext7                         837      837        7         0
                stringtext6                         830      830        7         0
                stringtext5                         828      828        8         0
                stringtext4                         820      820        8         0
                stringtext3                         84C      84C        4         0
                stringtext2                         810      810       10         0
                stringtext1                         800      800       10         0

        CLASS   STRING         

        CLASS   CONST          

        CLASS   ENTRY          

        CLASS   COMMON         
                cstackCOMMON                         70       70        E         1

        CLASS   BANK0          
                cstackBANK0                          4A       4A       1F         1
                bssBANK0                             20       20       2A         1
                nvBANK0                              69       69        6         1

        CLASS   BANK1          
                dataBANK1                            D0       D0        8         1
                bssBANK1                             A0       A0       30         1

        CLASS   BANK2          
                bssBANK2                            120      120       20         1

        CLASS   BANK3          
                bssBANK3                            1A0      1A0       40         1

        CLASS   BANK4          

        CLASS   BIGRAM         

        CLASS   RAM            

        CLASS   ABS1           
                abs_s1                               7E       7E        2         1

        CLASS   SFR0           

        CLASS   SFR1           

        CLASS   SFR2           

        CLASS   SFR3           

        CLASS   SFR4           

        CLASS   SFR5           

        CLASS   SFR6           

        CLASS   SFR7           

        CLASS   SFR8           

        CLASS   SFR9           

        CLASS   SFR10          

        CLASS   SFR11          

        CLASS   SFR12          

        CLASS   SFR13          

        CLASS   SFR14          

        CLASS   SFR15          

        CLASS   SFR16          

        CLASS   SFR17          

        CLASS   SFR18          

        CLASS   SFR19          

        CLASS   SFR20          

        CLASS   SFR21          

        CLASS   SFR22          

        CLASS   SFR23          

        CLASS   SFR24          

        CLASS   SFR25          

        CLASS   SFR26          

        CLASS   SFR27          

        CLASS   SFR28          

        CLASS   SFR29          

        CLASS   SFR30          

        CLASS   SFR31          

        CLASS   CONFIG         
                config                             8007     8007        2         4

        CLASS   IDLOC          
                idloc                              8000     8000        4         5

        CLASS   EEDATA         

        CLASS   BANK31         

        CLASS   BANK30         

        CLASS   BANK29         

        CLASS   BANK28         

        CLASS   BANK27         

        CLASS   BANK26         

        CLASS   BANK25         

        CLASS   BANK24         

        CLASS   BANK23         

        CLASS   BANK22         

        CLASS   BANK21         

        CLASS   BANK20         

        CLASS   BANK19         

        CLASS   BANK18         

        CLASS   BANK17         

        CLASS   BANK16         

        CLASS   BANK15         

        CLASS   BANK14         

        CLASS   BANK13         

        CLASS   BANK12         

        CLASS   BANK11         

        CLASS   BANK10         

        CLASS   BANK9          

        CLASS   BANK8          

        CLASS   BANK7          

        CLASS   BANK6          

        CLASS   BANK5          

        CLASS   HEAP           

        CLASS   STACK          



SEGMENTS        Name                           Load    Length   Top    Selector   Space  Class     Delta

                reset_vec                      000000  000037  000037         0       0  CODE        2
                bssBANK0                       000020  00004F  00006F        20       1  BANK0       1
                text21                         000037  000033  00006A        6E       0  CODE        2
                cstackCOMMON                   000070  00000E  00007E        70       1  COMMON      1
                bssBANK1                       0000A0  000038  0000D8        A0       1  BANK1       1
                text25                         00006A  000035  00009F        D4       0  CODE        2
                bssBANK2                       000120  000020  000140       120       1  BANK2       1
                text24                         00009F  00003B  0000DA       13E       0  CODE        2
                bssBANK3                       0001A0  000040  0001E0       1A0       1  BANK3       1
                text9                          0000DA  00003E  000118       1B4       0  CODE        2
                text16                         000118  000060  000178       230       0  CODE        2
                text3                          000178  0000C2  00023A       2F0       0  CODE        2
                text13                         00023A  0000D3  00030D       474       0  CODE        2
                text1                          00030D  0000D7  0003E4       61A       0  CODE        2
                maintext                       0003E4  0000EA  0004CE       7C8       0  CODE        2
                text14                         0004CE  000145  000613       99C       0  CODE        2
                text17                         000613  0001BE  0007D1       C26       0  CODE        2
                cinit                          0007D1  00002F  000800       FA2       0  CODE        2
                stringtext1                    000800  000057  000857      1000       0  STRCODE     2
                text27                         000E13  000002  000E15      1C26       0  CODE        2
                text5                          000E15  000002  000E17      1C2A       0  CODE        2
                text4                          000E17  000003  000E1A      1C2E       0  CODE        2
                text29                         000E1A  000004  000E1E      1C34       0  CODE        2
                text11                         000E1E  000005  000E23      1C3C       0  CODE        2
                text36                         000E23  000006  000E29      1C46       0  CODE        2
                text35                         000E29  000006  000E2F      1C52       0  CODE        2
                text34                         000E2F  000006  000E35      1C5E       0  CODE        2
                clrtext                        000E35  000006  000E3B      1C6A       0  CODE        2
                inittext                       000E3B  000006  000E41      1C76       0  CODE        2
                text32                         000E41  000007  000E48      1C82       0  CODE        2
                idataBANK1                     000E48  000008  000E50      1C90       0  CODE        2
                text20                         000E50  000009  000E59      1CA0       0  CODE        2
                text22                         000E59  00000A  000E63      1CB2       0  CODE        2
                text30                         000E63  00000C  000E6F      1CC6       0  CODE        2
                text12                         000E6F  00000D  000E7C      1CDE       0  CODE        2
                text28                         000E7C  000010  000E8C      1CF8       0  CODE        2
                text8                          000E8C  000012  000E9E      1D18       0  CODE        2
                text7                          000E9E  000012  000EB0      1D3C       0  CODE        2
                text31                         000EB0  000018  000EC8      1D60       0  CODE        2
                text10                         000EC8  00001A  000EE2      1D90       0  CODE        2
                text15                         000EE2  00001F  000F01      1DC4       0  CODE        2
                text33                         000F01  000022  000F23      1E02       0  CODE        2
                text19                         000F23  000026  000F49      1E46       0  CODE        2
                text2                          000F49  00002C  000F75      1E92       0  CODE        2
                text23                         000F75  00002E  000FA3      1EEA       0  CODE        2
                text6                          000FA3  00002E  000FD1      1F46       0  CODE        2
                text18                         000FD1  00002F  001000      1FA2       0  CODE        2


UNUSED ADDRESS RANGES

        Name                Unused          Largest block    Delta
        BANK0            0006F-0006F               1           1
        BANK1            000D8-000EF              18           1
        BANK2            00140-0016F              30           1
        BANK3            001E0-001EF              10           1
        BANK4            00220-0024F              30           1
        BIGRAM           02000-0216F             170           1
        CODE             00857-00E12             5BC           2
        CONST            00857-00E12             100           2
        EEDATA           0F000-0F0FF             100           2
        ENTRY            00857-00E12             100           2
        RAM              0006F-0006F               1           1
                         000D8-000EF              18
                         00140-0016F              30
                         001E0-001EF              10
                         00220-0024F              30
        SFR0             00000-0001F              20           1
        SFR1             00080-0009F              20           1
        SFR10            00500-0056F              70           1
        SFR11            00580-005EF              70           1
        SFR12            00600-0066F              70           1
        SFR13            00680-006EF              70           1
        SFR14            00700-0076F              70           1
        SFR15            00780-007EF              70           1
        SFR16            00800-0086F              70           1
        SFR17            00880-008EF              70           1
        SFR18            00900-0096F              70           1
        SFR19            00980-009EF              70           1
        SFR2             00100-0011F              20           1
        SFR20            00A00-00A6F              70           1
        SFR21            00A80-00AEF              70           1
        SFR22            00B00-00B6F              70           1
        SFR23            00B80-00BEF              70           1
        SFR24            00C00-00C6F              70           1
        SFR25            00C80-00CEF              70           1
        SFR26            00D00-00D6F              70           1
        SFR27            00D80-00DEF              70           1
        SFR28            00E00-00E6F              70           1
        SFR29            00E80-00EEF              70           1
        SFR3             00180-0019F              20           1
        SFR30            00F00-00F6F              70           1
        SFR31            00F80-00FEF              70           1
        SFR4             00200-0021F              20           1
        SFR5             00280-002EF              70           1
        SFR6             00300-0036F              70           1
        SFR7             00380-003EF              70           1
        SFR8             00400-0046F              70           1
        SFR9             00480-004EF              70           1
        STRCODE          00857-00E12             5BC           2
        STRING           00857-00E12             100           2

                                  Symbol Table

?___awdiv                                      cstackCOMMON 00079
?___lmul                                       cstackCOMMON 00070
?___wmul                                       cstackCOMMON 00073
?_rand                                         cstackCOMMON 0007C
EUSART_SetErrorHandler@interruptHandler        cstackCOMMON 00070
EUSART_SetFramingErrorHandler@interruptHandler cstackCOMMON 00070
EUSART_SetOverrunErrorHandler@interruptHandler cstackCOMMON 00070
EUSART_Write@txData                            cstackCOMMON 00070
SPI1_WriteByte@byte                            cstackCOMMON 00070
_ANSELA                                        (abs)        0018C
_ANSELB                                        (abs)        0018D
_APFCON0                                       (abs)        0011D
_APFCON1                                       (abs)        0011E
_B1                                            bssBANK0     00038
_BAUDCON                                       (abs)        0019F
_BORCON                                        (abs)        00116
_DC_DB1                                        bssBANK0     0002C
_DC_DW1                                        bssBANK2     00120
_DC_DY1                                        bssBANK0     00034
_DC_DZ1                                        bssBANK0     00030
_EEADRH                                        (abs)        00192
_EEADRL                                        (abs)        00191
_EECON1bits                                    (abs)        00195
_EECON2                                        (abs)        00196
_EEDATH                                        (abs)        00194
_EEDATL                                        (abs)        00193
_EUSART_DefaultErrorHandler                    (abs)        00000
_EUSART_DefaultFramingErrorHandler             (abs)        00000
_EUSART_DefaultOverrunErrorHandler             (abs)        00000
_EUSART_ErrorHandler                           nvBANK0      00069
_EUSART_FramingErrorHandler                    nvBANK0      0006D
_EUSART_Initialize                             text33       00F01
_EUSART_OverrunErrorHandler                    nvBANK0      0006B
_EUSART_SetErrorHandler                        text36       00E23
_EUSART_SetFramingErrorHandler                 text35       00E29
_EUSART_SetOverrunErrorHandler                 text34       00E2F
_EUSART_Write                                  text22       00E59
_INTCONbits                                    (abs)        0000B
_LATA                                          (abs)        0010C
_LATAbits                                      (abs)        0010C
_LATB                                          (abs)        0010D
_LATBbits                                      (abs)        0010D
_OPTION_REGbits                                (abs)        00095
_OSCCON                                        (abs)        00099
_OSCILLATOR_Initialize                         text32       00E41
_OSCTUNE                                       (abs)        00098
_PIN_MANAGER_Initialize                        text31       00EB0
_PIR1bits                                      (abs)        00011
_RCREG                                         (abs)        00199
_RCSTA                                         (abs)        0019D
_RCSTAbits                                     (abs)        0019D
_S                                             bssBANK0     00028
_SPBRGH                                        (abs)        0019C
_SPBRGL                                        (abs)        0019B
_SPI1_Initialize                               text30       00E63
_SPI1_WriteByte                                text11       00E1E
_SSP1ADD                                       (abs)        00212
_SSP1BUF                                       (abs)        00211
_SSP1CON1                                      (abs)        00215
_SSP1CON1bits                                  (abs)        00215
_SSP1CON2                                      (abs)        00216
_SSP1STAT                                      (abs)        00214
_SYSTEM_Initialize                             text28       00E7C
_TRISA                                         (abs)        0008C
_TRISAbits                                     (abs)        0008C
_TRISB                                         (abs)        0008D
_TRISBbits                                     (abs)        0008D
_TXREG                                         (abs)        0019A
_TXSTA                                         (abs)        0019E
_TXSTAbits                                     (abs)        0019E
_W1                                            bssBANK1     000A0
_WDTCON                                        (abs)        00097
_WDT_Initialize                                text29       00E1A
_WPUA                                          (abs)        0020C
_WPUB                                          (abs)        0020D
_Y0                                            bssBANK1     000C8
_Y1                                            bssBANK0     00046
_Z1                                            bssBANK0     00020
__Habs1                                        abs1         00000
__Hbank0                                       bank0        00000
__Hbank1                                       bank1        00000
__Hbank10                                      bank10       00000
__Hbank11                                      bank11       00000
__Hbank12                                      bank12       00000
__Hbank13                                      bank13       00000
__Hbank14                                      bank14       00000
__Hbank15                                      bank15       00000
__Hbank16                                      bank16       00000
__Hbank17                                      bank17       00000
__Hbank18                                      bank18       00000
__Hbank19                                      bank19       00000
__Hbank2                                       bank2        00000
__Hbank20                                      bank20       00000
__Hbank21                                      bank21       00000
__Hbank22                                      bank22       00000
__Hbank23                                      bank23       00000
__Hbank24                                      bank24       00000
__Hbank25                                      bank25       00000
__Hbank26                                      bank26       00000
__Hbank27                                      bank27       00000
__Hbank28                                      bank28       00000
__Hbank29                                      bank29       00000
__Hbank3                                       bank3        00000
__Hbank30                                      bank30       00000
__Hbank31                                      bank31       00000
__Hbank4                                       bank4        00000
__Hbank5                                       bank5        00000
__Hbank6                                       bank6        00000
__Hbank7                                       bank7        00000
__Hbank8                                       bank8        00000
__Hbank9                                       bank9        00000
__Hbigram                                      bigram       00000
__HbssBANK0                                    bssBANK0     00000
__HbssBANK1                                    bssBANK1     00000
__HbssBANK2                                    bssBANK2     00000
__HbssBANK3                                    bssBANK3     00000
__Hcinit                                       cinit        00800
__Hclrtext                                     clrtext      00000
__Hcode                                        code         00000
__Hcommon                                      common       00000
__Hconfig                                      config       08009
__HcstackBANK0                                 cstackBANK0  00000
__HcstackCOMMON                                cstackCOMMON 00000
__HdataBANK1                                   dataBANK1    00000
__Heeprom_data                                 eeprom_data  00000
__Hend_init                                    end_init     00004
__Hfunctab                                     functab      00000
__Hheap                                        heap         00000
__HidataBANK1                                  idataBANK1   00000
__Hidloc                                       idloc        08004
__Hinit                                        init         00002
__Hinittext                                    inittext     00000
__Hintentry                                    intentry     00002
__Hmaintext                                    maintext     00000
__HnvBANK0                                     nvBANK0      00000
__Hpowerup                                     powerup      00000
__Hram                                         ram          00000
__Hreset_vec                                   reset_vec    00002
__Hsfr0                                        sfr0         00000
__Hsfr1                                        sfr1         00000
__Hsfr10                                       sfr10        00000
__Hsfr11                                       sfr11        00000
__Hsfr12                                       sfr12        00000
__Hsfr13                                       sfr13        00000
__Hsfr14                                       sfr14        00000
__Hsfr15                                       sfr15        00000
__Hsfr16                                       sfr16        00000
__Hsfr17                                       sfr17        00000
__Hsfr18                                       sfr18        00000
__Hsfr19                                       sfr19        00000
__Hsfr2                                        sfr2         00000
__Hsfr20                                       sfr20        00000
__Hsfr21                                       sfr21        00000
__Hsfr22                                       sfr22        00000
__Hsfr23                                       sfr23        00000
__Hsfr24                                       sfr24        00000
__Hsfr25                                       sfr25        00000
__Hsfr26                                       sfr26        00000
__Hsfr27                                       sfr27        00000
__Hsfr28                                       sfr28        00000
__Hsfr29                                       sfr29        00000
__Hsfr3                                        sfr3         00000
__Hsfr30                                       sfr30        00000
__Hsfr31                                       sfr31        00000
__Hsfr4                                        sfr4         00000
__Hsfr5                                        sfr5         00000
__Hsfr6                                        sfr6         00000
__Hsfr7                                        sfr7         00000
__Hsfr8                                        sfr8         00000
__Hsfr9                                        sfr9         00000
__Hspace_0                                     (abs)        01000
__Hspace_1                                     (abs)        001E0
__Hspace_2                                     (abs)        00000
__Hspace_3                                     (abs)        00000
__Hspace_4                                     (abs)        10010
__Hstack                                       stack        00000
__Hstrings                                     strings      00000
__Hstringtext1                                 stringtext1  00000
__Hstringtext10                                stringtext10 00000
__Hstringtext11                                stringtext11 00000
__Hstringtext12                                stringtext12 00000
__Hstringtext2                                 stringtext2  00000
__Hstringtext3                                 stringtext3  00000
__Hstringtext4                                 stringtext4  00000
__Hstringtext5                                 stringtext5  00000
__Hstringtext6                                 stringtext6  00000
__Hstringtext7                                 stringtext7  00000
__Hstringtext8                                 stringtext8  00000
__Hstringtext9                                 stringtext9  00000
__Htext                                        text         00000
__Labs1                                        abs1         00000
__Lbank0                                       bank0        00000
__Lbank1                                       bank1        00000
__Lbank10                                      bank10       00000
__Lbank11                                      bank11       00000
__Lbank12                                      bank12       00000
__Lbank13                                      bank13       00000
__Lbank14                                      bank14       00000
__Lbank15                                      bank15       00000
__Lbank16                                      bank16       00000
__Lbank17                                      bank17       00000
__Lbank18                                      bank18       00000
__Lbank19                                      bank19       00000
__Lbank2                                       bank2        00000
__Lbank20                                      bank20       00000
__Lbank21                                      bank21       00000
__Lbank22                                      bank22       00000
__Lbank23                                      bank23       00000
__Lbank24                                      bank24       00000
__Lbank25                                      bank25       00000
__Lbank26                                      bank26       00000
__Lbank27                                      bank27       00000
__Lbank28                                      bank28       00000
__Lbank29                                      bank29       00000
__Lbank3                                       bank3        00000
__Lbank30                                      bank30       00000
__Lbank31                                      bank31       00000
__Lbank4                                       bank4        00000
__Lbank5                                       bank5        00000
__Lbank6                                       bank6        00000
__Lbank7                                       bank7        00000
__Lbank8                                       bank8        00000
__Lbank9                                       bank9        00000
__Lbigram                                      bigram       00000
__LbssBANK0                                    bssBANK0     00000
__LbssBANK1                                    bssBANK1     00000
__LbssBANK2                                    bssBANK2     00000
__LbssBANK3                                    bssBANK3     00000
__Lcinit                                       cinit        007D1
__Lclrtext                                     clrtext      00000
__Lcode                                        code         00000
__Lcommon                                      common       00000
__Lconfig                                      config       00000
__LcstackBANK0                                 cstackBANK0  00000
__LcstackCOMMON                                cstackCOMMON 00000
__LdataBANK1                                   dataBANK1    00000
__Leeprom_data                                 eeprom_data  00000
__Lend_init                                    end_init     00002
__Lfunctab                                     functab      00000
__Lheap                                        heap         00000
__LidataBANK1                                  idataBANK1   00000
__Lidloc                                       idloc        00000
__Linit                                        init         00002
__Linittext                                    inittext     00000
__Lintentry                                    intentry     00002
__Lmaintext                                    maintext     00000
__LnvBANK0                                     nvBANK0      00000
__Lpowerup                                     powerup      00000
__Lram                                         ram          00000
__Lreset_vec                                   reset_vec    00000
__Lsfr0                                        sfr0         00000
__Lsfr1                                        sfr1         00000
__Lsfr10                                       sfr10        00000
__Lsfr11                                       sfr11        00000
__Lsfr12                                       sfr12        00000
__Lsfr13                                       sfr13        00000
__Lsfr14                                       sfr14        00000
__Lsfr15                                       sfr15        00000
__Lsfr16                                       sfr16        00000
__Lsfr17                                       sfr17        00000
__Lsfr18                                       sfr18        00000
__Lsfr19                                       sfr19        00000
__Lsfr2                                        sfr2         00000
__Lsfr20                                       sfr20        00000
__Lsfr21                                       sfr21        00000
__Lsfr22                                       sfr22        00000
__Lsfr23                                       sfr23        00000
__Lsfr24                                       sfr24        00000
__Lsfr25                                       sfr25        00000
__Lsfr26                                       sfr26        00000
__Lsfr27                                       sfr27        00000
__Lsfr28                                       sfr28        00000
__Lsfr29                                       sfr29        00000
__Lsfr3                                        sfr3         00000
__Lsfr30                                       sfr30        00000
__Lsfr31                                       sfr31        00000
__Lsfr4                                        sfr4         00000
__Lsfr5                                        sfr5         00000
__Lsfr6                                        sfr6         00000
__Lsfr7                                        sfr7         00000
__Lsfr8                                        sfr8         00000
__Lsfr9                                        sfr9         00000
__Lspace_0                                     (abs)        00000
__Lspace_1                                     (abs)        00000
__Lspace_2                                     (abs)        00000
__Lspace_3                                     (abs)        00000
__Lspace_4                                     (abs)        00000
__Lstack                                       stack        00000
__Lstrings                                     strings      00000
__Lstringtext1                                 stringtext1  00000
__Lstringtext10                                stringtext10 00000
__Lstringtext11                                stringtext11 00000
__Lstringtext12                                stringtext12 00000
__Lstringtext2                                 stringtext2  00000
__Lstringtext3                                 stringtext3  00000
__Lstringtext4                                 stringtext4  00000
__Lstringtext5                                 stringtext5  00000
__Lstringtext6                                 stringtext6  00000
__Lstringtext7                                 stringtext7  00000
__Lstringtext8                                 stringtext8  00000
__Lstringtext9                                 stringtext9  00000
__Ltext                                        text         00000
__S0                                           (abs)        01000
__S1                                           (abs)        001E0
__S3                                           (abs)        00000
___awdiv                                       text16       00118
___awdiv@counter                               cstackBANK0  0004A
___awdiv@dividend                              cstackCOMMON 0007B
___awdiv@divisor                               cstackCOMMON 00079
___awdiv@quotient                              cstackBANK0  0004C
___awdiv@sign                                  cstackBANK0  0004B
___heap_hi                                     (abs)        00000
___heap_lo                                     (abs)        00000
___int_sp                                      stack        00000
___latbits                                     (abs)        00001
___lmul                                        text26       00004
___lmul@multiplicand                           cstackCOMMON 00074
___lmul@multiplier                             cstackCOMMON 00070
___lmul@product                                cstackCOMMON 00078
___sp                                          stack        00000
___stackhi                                     (abs)        00000
___stacklo                                     (abs)        00000
___wmul                                        text15       00EE2
___wmul@multiplicand                           cstackCOMMON 00075
___wmul@multiplier                             cstackCOMMON 00073
___wmul@product                                cstackCOMMON 00077
__end_of_EUSART_Initialize                     text33       00F23
__end_of_EUSART_SetErrorHandler                text36       00E29
__end_of_EUSART_SetFramingErrorHandler         text35       00E2F
__end_of_EUSART_SetOverrunErrorHandler         text34       00E35
__end_of_EUSART_Write                          text22       00E63
__end_of_OSCILLATOR_Initialize                 text32       00E48
__end_of_PIN_MANAGER_Initialize                text31       00EC8
__end_of_SPI1_Initialize                       text30       00E6F
__end_of_SPI1_WriteByte                        text11       00E23
__end_of_SYSTEM_Initialize                     text28       00E8C
__end_of_WDT_Initialize                        text29       00E1E
__end_of___awdiv                               text16       00178
__end_of___lmul                                text26       00037
__end_of___wmul                                text15       00F01
__end_of__initialization                       cinit        007FD
__end_of_ai_getInputField                      text27       00E15
__end_of_ai_initiate                           text24       000DA
__end_of_ai_printAI                            text17       007D1
__end_of_ai_propagate                          text14       00613
__end_of_ai_run                                text13       0030D
__end_of_de_sigmoid                            text23       00FA3
__end_of_de_sigmoidValues                      stringtext1  00810
__end_of_deactivateElevator                    text12       00E7C
__end_of_initMAX7219                           text9        00118
__end_of_ledClear                              text8        00E9E
__end_of_ledSet                                text7        00EB0
__end_of_main                                  maintext     004CE
__end_of_print                                 text21       0006A
__end_of_printInteger                          text20       00E59
__end_of_printString                           text19       00F49
__end_of_rand                                  text25       0009F
__end_of_sendMatrix                            text6        00FD1
__end_of_sigmoid                               text18       01000
__end_of_sigmoidValues                         stringtext2  00820
__end_of_snake_getField                        text5        00E17
__end_of_snake_getFoodPosition                 text4        00E1A
__end_of_snake_getSurroundings                 text3        0023A
__end_of_snake_initiate                        text2        00F75
__end_of_snake_move                            text1        003E4
__end_of_spi1_configuration                    stringtext3  00850
__end_of_txMAX7219                             text10       00EE2
__initialization                               cinit        007D1
__pbssBANK0                                    bssBANK0     00020
__pbssBANK1                                    bssBANK1     000A0
__pbssBANK2                                    bssBANK2     00120
__pbssBANK3                                    bssBANK3     001A0
__pcstackBANK0                                 cstackBANK0  0004A
__pcstackCOMMON                                cstackCOMMON 00070
__pdataBANK1                                   dataBANK1    000D0
__pidataBANK1                                  idataBANK1   00E48
__pmaintext                                    maintext     003E4
__pnvBANK0                                     nvBANK0      00069
__pstringtext1                                 stringtext1  00800
__pstringtext10                                stringtext10 00850
__pstringtext11                                stringtext11 00854
__pstringtext12                                stringtext12 00000
__pstringtext2                                 stringtext2  00810
__pstringtext3                                 stringtext3  0084C
__pstringtext4                                 stringtext4  00820
__pstringtext5                                 stringtext5  00828
__pstringtext6                                 stringtext6  00830
__pstringtext7                                 stringtext7  00837
__pstringtext8                                 stringtext8  0083E
__pstringtext9                                 stringtext9  00845
__ptext1                                       text1        0030D
__ptext10                                      text10       00EC8
__ptext11                                      text11       00E1E
__ptext12                                      text12       00E6F
__ptext13                                      text13       0023A
__ptext14                                      text14       004CE
__ptext15                                      text15       00EE2
__ptext16                                      text16       00118
__ptext17                                      text17       00613
__ptext18                                      text18       00FD1
__ptext19                                      text19       00F23
__ptext2                                       text2        00F49
__ptext20                                      text20       00E50
__ptext21                                      text21       00037
__ptext22                                      text22       00E59
__ptext23                                      text23       00F75
__ptext24                                      text24       0009F
__ptext25                                      text25       0006A
__ptext26                                      text26       00004
__ptext27                                      text27       00E13
__ptext28                                      text28       00E7C
__ptext29                                      text29       00E1A
__ptext3                                       text3        00178
__ptext30                                      text30       00E63
__ptext31                                      text31       00EB0
__ptext32                                      text32       00E41
__ptext33                                      text33       00F01
__ptext34                                      text34       00E2F
__ptext35                                      text35       00E29
__ptext36                                      text36       00E23
__ptext4                                       text4        00E17
__ptext5                                       text5        00E15
__ptext6                                       text6        00FA3
__ptext7                                       text7        00E9E
__ptext8                                       text8        00E8C
__ptext9                                       text9        000DA
_ai_getInputField                              text27       00E13
_ai_initiate                                   text24       0009F
_ai_printAI                                    text17       00613
_ai_propagate                                  text14       004CE
_ai_run                                        text13       0023A
_choice                                        bssBANK0     00040
_de_sigmoid                                    text23       00F75
_de_sigmoidValues                              stringtext1  00800
_deactivateElevator                            text12       00E6F
_eusartRxLastError                             bssBANK0     00041
_field                                         bssBANK3     001A0
_foodPosition                                  bssBANK0     0003D
_headPosition                                  bssBANK0     0003E
_initMAX7219                                   text9        000DA
_ledClear                                      text8        00E8C
_ledSet                                        text7        00E9E
_main                                          maintext     003E4
_matrix                                        bssBANK1     000C0
_print                                         text21       00037
_printInteger                                  text20       00E50
_printString                                   text19       00F23
_rand                                          text25       0006A
_remainingMoves                                bssBANK0     0003C
_seed                                          bssBANK0     00042
_sendMatrix                                    text6        00FA3
_sigmoid                                       text18       00FD1
_sigmoidValues                                 stringtext2  00810
_snakeSize                                     bssBANK0     0003F
_snake_getField                                text5        00E15
_snake_getFoodPosition                         text4        00E17
_snake_getSurroundings                         text3        00178
_snake_initiate                                text2        00F49
_snake_mapping                                 dataBANK1    000D0
_snake_move                                    text1        0030D
_spi1_configuration                            stringtext3  0084C
_txMAX7219                                     text10       00EC8
ai_initiate@i                                  cstackBANK0  00051
ai_initiate@j                                  cstackBANK0  00052
ai_printAI@i                                   cstackBANK0  0004A
ai_printAI@i_837                               cstackBANK0  0004E
ai_printAI@i_841                               cstackBANK0  00050
ai_printAI@i_853                               cstackBANK0  00054
ai_printAI@i_857                               cstackBANK0  00056
ai_printAI@j                                   cstackBANK0  0004B
ai_printAI@j_830                               cstackBANK0  0004C
ai_printAI@j_834                               cstackBANK0  0004D
ai_printAI@j_838                               cstackBANK0  0004F
ai_printAI@j_844                               cstackBANK0  00051
ai_printAI@j_847                               cstackBANK0  00052
ai_printAI@j_850                               cstackBANK0  00053
ai_printAI@j_854                               cstackBANK0  00055
ai_propagate@i                                 cstackBANK0  00056
ai_propagate@i_814                             cstackBANK0  00057
ai_propagate@i_817                             cstackBANK0  00058
ai_propagate@i_819                             cstackBANK0  00059
ai_propagate@incentive                         cstackBANK0  00055
ai_propagate@j                                 cstackBANK0  0005A
ai_propagate@j_816                             cstackBANK0  0005C
ai_propagate@j_818                             cstackBANK0  0005B
ai_run@i                                       cstackBANK0  00054
ai_run@i_809                                   cstackBANK0  00055
ai_run@i_810                                   cstackBANK0  00056
ai_run@j                                       cstackBANK0  00057
btemp                                          (abs)        0007E
clear_ram0                                     clrtext      00E35
de_sigmoid@z                                   cstackCOMMON 00070
end_of_initialization                          cinit        007FD
init_ram                                       inittext     00E3B
intlevel0                                      functab      00000
intlevel1                                      functab      00000
intlevel2                                      functab      00000
intlevel3                                      functab      00000
intlevel4                                      functab      00000
intlevel5                                      functab      00000
ledClear@c                                     cstackCOMMON 00070
ledClear@l                                     cstackCOMMON 00073
ledSet@c                                       cstackBANK0  0004E
ledSet@l                                       cstackBANK0  00051
main@choice                                    cstackBANK0  00060
main@field                                     cstackBANK0  00062
main@foodPosition                              cstackBANK0  00063
main@foodPosition_653                          cstackBANK0  00064
main@i                                         cstackBANK0  00065
main@i_651                                     cstackBANK0  00067
main@incentive                                 cstackBANK0  00061
main@j                                         cstackBANK0  00066
main@j_652                                     cstackBANK0  00068
print@b                                        cstackCOMMON 00071
printInteger@i                                 cstackCOMMON 00072
printString@i                                  cstackCOMMON 00077
printString@str                                cstackCOMMON 00072
reset_vec                                      reset_vec    00000
sendMatrix@b                                   cstackCOMMON 00074
sendMatrix@i                                   cstackCOMMON 00077
sendMatrix@j                                   cstackCOMMON 00076
sendMatrix@nb                                  cstackCOMMON 00075
sigmoid@z                                      cstackCOMMON 00070
snake_getSurroundings@cf                       cstackBANK0  00052
snake_getSurroundings@ch                       cstackBANK0  00055
snake_getSurroundings@i                        cstackBANK0  00053
snake_getSurroundings@i_886                    cstackBANK0  00056
snake_getSurroundings@lf                       cstackBANK0  00051
snake_getSurroundings@lh                       cstackBANK0  00054
snake_getSurroundings@p                        cstackBANK0  00050
snake_getSurroundings@surroundings             cstackBANK0  00057
snake_initiate@i                               cstackBANK0  0004F
snake_move@direction                           cstackBANK0  00052
snake_move@i                                   cstackBANK0  00054
snake_move@incentive                           cstackBANK0  00053
start                                          init         00002
start_initialization                           cinit        007D1
txMAX7219@addr0                                cstackCOMMON 00072
txMAX7219@dat0                                 cstackCOMMON 00071
wtemp0                                         (abs)        0007E


MODULE INFORMATION

Module		Function		Class		Link	Load	Size
D:\ProgramData\Microchip\xc8\v2.40\pic\sources\c99\common\Umul16.c
		___wmul        		CODE           	0EE2	0000	31

D:\ProgramData\Microchip\xc8\v2.40\pic\sources\c99\common\Umul16.c estimated size: 31

sigmoid.c
		_sigmoid       		CODE           	0FD1	0000	47
		_de_sigmoid    		CODE           	0F75	0000	46

sigmoid.c estimated size: 93

ledMatrix.c
		_ledSet        		CODE           	0E9E	0000	18
		_initMAX7219   		CODE           	00DA	0000	62
		_sendMatrix    		CODE           	0FA3	0000	46
		_txMAX7219     		CODE           	0EC8	0000	26
		_ledClear      		CODE           	0E8C	0000	18

ledMatrix.c estimated size: 170

D:\ProgramData\Microchip\xc8\v2.40\pic\sources\c99\common\Umul32.c
		___lmul        		CODE           	0004	0000	51

D:\ProgramData\Microchip\xc8\v2.40\pic\sources\c99\common\Umul32.c estimated size: 51

mcc_generated_files/pin_manager.c
		_PIN_MANAGER_Initialize		CODE           	0EB0	0000	24

mcc_generated_files/pin_manager.c estimated size: 24

snake.c
		_snake_move    		CODE           	030D	0000	215
		_snake_getField		CODE           	0E15	0000	2
		_snake_initiate		CODE           	0F49	0000	44
		_snake_getFoodPosition		CODE           	0E17	0000	3
		_snake_getSurroundings		CODE           	0178	0000	194

snake.c estimated size: 458

mcc_generated_files/spi1.c
		_SPI1_WriteByte		CODE           	0E1E	0000	5
		_SPI1_Initialize		CODE           	0E63	0000	12

mcc_generated_files/spi1.c estimated size: 17

shared
		__initialization		CODE           	07D1	0000	44
		_sigmoidValues 		STRCODE        	0810	0000	16
		_spi1_configuration		STRCODE        	084C	0000	4
		_de_sigmoidValues		STRCODE        	0800	0000	16

shared estimated size: 80

mcc_generated_files/mcc.c
		_WDT_Initialize		CODE           	0E1A	0000	4
		_OSCILLATOR_Initialize		CODE           	0E41	0000	7
		_SYSTEM_Initialize		CODE           	0E7C	0000	16

mcc_generated_files/mcc.c estimated size: 27

D:\ProgramData\Microchip\xc8\v2.40\pic\sources\c99\common\awdiv.c
		___awdiv       		CODE           	0118	0000	96

D:\ProgramData\Microchip\xc8\v2.40\pic\sources\c99\common\awdiv.c estimated size: 96

D:\ProgramData\Microchip\xc8\v2.40\pic\sources\c99\common\rand.c
		_rand          		CODE           	006A	0000	53

D:\ProgramData\Microchip\xc8\v2.40\pic\sources\c99\common\rand.c estimated size: 53

mcc_generated_files/eusart.c
		_EUSART_Write  		CODE           	0E59	0000	10
		_EUSART_Initialize		CODE           	0F01	0000	34
		_EUSART_SetFramingErrorHandler		CODE           	0E29	0000	6
		_EUSART_SetErrorHandler		CODE           	0E23	0000	6
		_EUSART_SetOverrunErrorHandler		CODE           	0E2F	0000	6

mcc_generated_files/eusart.c estimated size: 62

main.c
		_deactivateElevator		CODE           	0E6F	0000	13
		_main          		CODE           	03E4	0000	234

main.c estimated size: 247

serialCommunication.c
		_printString   		CODE           	0F23	0000	38
		_printInteger  		CODE           	0E50	0000	9
		_print         		CODE           	0037	0000	51

serialCommunication.c estimated size: 98

ai_short.c
		_ai_run        		CODE           	023A	0000	211
		_ai_initiate   		CODE           	009F	0000	59
		_ai_printAI    		CODE           	0613	0000	446
		_ai_getInputField		CODE           	0E13	0000	2
		_ai_propagate  		CODE           	04CE	0000	325

ai_short.c estimated size: 1043

