Archive member included to satisfy reference by file (symbol)

d:/programdata/microchip/xc8/v2.40/avr/bin/../lib/gcc/avr/5.4.0/../../../../avr/lib/avr5/memx-const\libm.a(addsf3.o)
                              build/default/production/ai_short_float.o (__subsf3)
d:/programdata/microchip/xc8/v2.40/avr/bin/../lib/gcc/avr/5.4.0/../../../../avr/lib/avr5/memx-const\libm.a(addsf3x.o)
                              d:/programdata/microchip/xc8/v2.40/avr/bin/../lib/gcc/avr/5.4.0/../../../../avr/lib/avr5/memx-const\libm.a(addsf3.o) (__addsf3x)
d:/programdata/microchip/xc8/v2.40/avr/bin/../lib/gcc/avr/5.4.0/../../../../avr/lib/avr5/memx-const\libm.a(divsf3.o)
                              build/default/production/ai_short_float.o (__divsf3)
d:/programdata/microchip/xc8/v2.40/avr/bin/../lib/gcc/avr/5.4.0/../../../../avr/lib/avr5/memx-const\libm.a(divsf3x.o)
                              d:/programdata/microchip/xc8/v2.40/avr/bin/../lib/gcc/avr/5.4.0/../../../../avr/lib/avr5/memx-const\libm.a(divsf3.o) (__divsf3x)
d:/programdata/microchip/xc8/v2.40/avr/bin/../lib/gcc/avr/5.4.0/../../../../avr/lib/avr5/memx-const\libm.a(fixsfsi.o)
                              build/default/production/ai_short_float.o (__fixsfsi)
d:/programdata/microchip/xc8/v2.40/avr/bin/../lib/gcc/avr/5.4.0/../../../../avr/lib/avr5/memx-const\libm.a(fixunssfsi.o)
                              d:/programdata/microchip/xc8/v2.40/avr/bin/../lib/gcc/avr/5.4.0/../../../../avr/lib/avr5/memx-const\libm.a(fixsfsi.o) (__fixunssfsi)
d:/programdata/microchip/xc8/v2.40/avr/bin/../lib/gcc/avr/5.4.0/../../../../avr/lib/avr5/memx-const\libm.a(floatsisf.o)
                              build/default/production/ai_short_float.o (__floatunsisf)
d:/programdata/microchip/xc8/v2.40/avr/bin/../lib/gcc/avr/5.4.0/../../../../avr/lib/avr5/memx-const\libm.a(fp_inf.o)
                              d:/programdata/microchip/xc8/v2.40/avr/bin/../lib/gcc/avr/5.4.0/../../../../avr/lib/avr5/memx-const\libm.a(addsf3x.o) (__fp_inf)
d:/programdata/microchip/xc8/v2.40/avr/bin/../lib/gcc/avr/5.4.0/../../../../avr/lib/avr5/memx-const\libm.a(fp_nan.o)
                              d:/programdata/microchip/xc8/v2.40/avr/bin/../lib/gcc/avr/5.4.0/../../../../avr/lib/avr5/memx-const\libm.a(addsf3x.o) (__fp_nan)
d:/programdata/microchip/xc8/v2.40/avr/bin/../lib/gcc/avr/5.4.0/../../../../avr/lib/avr5/memx-const\libm.a(fp_pscA.o)
                              d:/programdata/microchip/xc8/v2.40/avr/bin/../lib/gcc/avr/5.4.0/../../../../avr/lib/avr5/memx-const\libm.a(addsf3x.o) (__fp_pscA)
d:/programdata/microchip/xc8/v2.40/avr/bin/../lib/gcc/avr/5.4.0/../../../../avr/lib/avr5/memx-const\libm.a(fp_pscB.o)
                              d:/programdata/microchip/xc8/v2.40/avr/bin/../lib/gcc/avr/5.4.0/../../../../avr/lib/avr5/memx-const\libm.a(addsf3x.o) (__fp_pscB)
d:/programdata/microchip/xc8/v2.40/avr/bin/../lib/gcc/avr/5.4.0/../../../../avr/lib/avr5/memx-const\libm.a(fp_round.o)
                              d:/programdata/microchip/xc8/v2.40/avr/bin/../lib/gcc/avr/5.4.0/../../../../avr/lib/avr5/memx-const\libm.a(addsf3.o) (__fp_round)
d:/programdata/microchip/xc8/v2.40/avr/bin/../lib/gcc/avr/5.4.0/../../../../avr/lib/avr5/memx-const\libm.a(fp_split3.o)
                              d:/programdata/microchip/xc8/v2.40/avr/bin/../lib/gcc/avr/5.4.0/../../../../avr/lib/avr5/memx-const\libm.a(addsf3x.o) (__fp_split3)
d:/programdata/microchip/xc8/v2.40/avr/bin/../lib/gcc/avr/5.4.0/../../../../avr/lib/avr5/memx-const\libm.a(fp_zero.o)
                              d:/programdata/microchip/xc8/v2.40/avr/bin/../lib/gcc/avr/5.4.0/../../../../avr/lib/avr5/memx-const\libm.a(addsf3x.o) (__fp_zero)
d:/programdata/microchip/xc8/v2.40/avr/bin/../lib/gcc/avr/5.4.0/../../../../avr/lib/avr5/memx-const\libm.a(gesf2.o)
                              build/default/production/ai_short_float.o (__gtsf2)
d:/programdata/microchip/xc8/v2.40/avr/bin/../lib/gcc/avr/5.4.0/../../../../avr/lib/avr5/memx-const\libm.a(mulsf3.o)
                              build/default/production/ai_short_float.o (__mulsf3)
d:/programdata/microchip/xc8/v2.40/avr/bin/../lib/gcc/avr/5.4.0/../../../../avr/lib/avr5/memx-const\libm.a(mulsf3x.o)
                              d:/programdata/microchip/xc8/v2.40/avr/bin/../lib/gcc/avr/5.4.0/../../../../avr/lib/avr5/memx-const\libm.a(mulsf3.o) (__mulsf3x)
d:/programdata/microchip/xc8/v2.40/avr/bin/../lib/gcc/avr/5.4.0/../../../../avr/lib/avr5/memx-const\libm.a(fp_cmp.o)
                              d:/programdata/microchip/xc8/v2.40/avr/bin/../lib/gcc/avr/5.4.0/../../../../avr/lib/avr5/memx-const\libm.a(gesf2.o) (__fp_cmp)
d:/programdata/microchip/xc8/v2.40/avr/bin/../lib/gcc/avr/5.4.0/avr5/memx-const\libgcc.a(_copy_data.o)
                              build/default/production/mcc_generated_files/device_config.o (__do_copy_data)
d:/programdata/microchip/xc8/v2.40/avr/bin/../lib/gcc/avr/5.4.0/../../../../avr/lib/avr5/memx-const\libc.a(exit.o)
                              D:/ProgramData/Microchip/MPLABX/v6.00/packs/Microchip/ATmega_DFP/2.4.131/xc8/avr/lib/avr5/memx-const/crtatmega328p.o (exit)
d:/programdata/microchip/xc8/v2.40/avr/bin/../lib/gcc/avr/5.4.0/../../../../avr/lib/avr5/memx-const\libc.a(rand.o)
                              build/default/production/snake.o (srand)
d:/programdata/microchip/xc8/v2.40/avr/bin/../lib/gcc/avr/5.4.0/../../../../avr/lib/avr5/memx-const\libc.a(_Exit.o)
                              d:/programdata/microchip/xc8/v2.40/avr/bin/../lib/gcc/avr/5.4.0/../../../../avr/lib/avr5/memx-const\libc.a(exit.o) (_Exit)
d:/programdata/microchip/xc8/v2.40/avr/bin/../lib/gcc/avr/5.4.0/avr5/memx-const\libgcc.a(_mulsi3.o)
                              d:/programdata/microchip/xc8/v2.40/avr/bin/../lib/gcc/avr/5.4.0/../../../../avr/lib/avr5/memx-const\libc.a(rand.o) (__mulsi3)
d:/programdata/microchip/xc8/v2.40/avr/bin/../lib/gcc/avr/5.4.0/avr5/memx-const\libgcc.a(_exit.o)
                              d:/programdata/microchip/xc8/v2.40/avr/bin/../lib/gcc/avr/5.4.0/../../../../avr/lib/avr5/memx-const\libc.a(_Exit.o) (_exit)
d:/programdata/microchip/xc8/v2.40/avr/bin/../lib/gcc/avr/5.4.0/avr5/memx-const\libgcc.a(_muluhisi3.o)
                              d:/programdata/microchip/xc8/v2.40/avr/bin/../lib/gcc/avr/5.4.0/avr5/memx-const\libgcc.a(_mulsi3.o) (__muluhisi3)
d:/programdata/microchip/xc8/v2.40/avr/bin/../lib/gcc/avr/5.4.0/avr5/memx-const\libgcc.a(_umulhisi3.o)
                              d:/programdata/microchip/xc8/v2.40/avr/bin/../lib/gcc/avr/5.4.0/avr5/memx-const\libgcc.a(_muluhisi3.o) (__umulhisi3)

Discarded input sections

 .data          0x0000000000000000        0x0 D:/ProgramData/Microchip/MPLABX/v6.00/packs/Microchip/ATmega_DFP/2.4.131/xc8/avr/lib/avr5/memx-const/crtatmega328p.o
 .bss           0x0000000000000000        0x0 D:/ProgramData/Microchip/MPLABX/v6.00/packs/Microchip/ATmega_DFP/2.4.131/xc8/avr/lib/avr5/memx-const/crtatmega328p.o
 .text          0x0000000000000000        0x0 build/default/production/mcc_generated_files/src/protected_io.o
 .data          0x0000000000000000        0x0 build/default/production/mcc_generated_files/src/protected_io.o
 .bss           0x0000000000000000        0x0 build/default/production/mcc_generated_files/src/protected_io.o
 .text.protected_write_io
                0x0000000000000000        0x8 build/default/production/mcc_generated_files/src/protected_io.o
 .debug_line    0x0000000000000000       0x66 build/default/production/mcc_generated_files/src/protected_io.o
 .debug_info    0x0000000000000000       0x6f build/default/production/mcc_generated_files/src/protected_io.o
 .debug_abbrev  0x0000000000000000       0x14 build/default/production/mcc_generated_files/src/protected_io.o
 .debug_aranges
                0x0000000000000000       0x20 build/default/production/mcc_generated_files/src/protected_io.o
 .text          0x0000000000000000        0x0 build/default/production/mcc_generated_files/src/cpuint.o
 .data          0x0000000000000000        0x0 build/default/production/mcc_generated_files/src/cpuint.o
 .bss           0x0000000000000000        0x0 build/default/production/mcc_generated_files/src/cpuint.o
 .text          0x0000000000000000        0x0 build/default/production/mcc_generated_files/src/usart0.o
 .data          0x0000000000000000        0x0 build/default/production/mcc_generated_files/src/usart0.o
 .bss           0x0000000000000000        0x0 build/default/production/mcc_generated_files/src/usart0.o
 .text.USART0_Enable
                0x0000000000000000        0xc build/default/production/mcc_generated_files/src/usart0.o
 .text.USART0_EnableRx
                0x0000000000000000        0xc build/default/production/mcc_generated_files/src/usart0.o
 .text.USART0_EnableTx
                0x0000000000000000        0xc build/default/production/mcc_generated_files/src/usart0.o
 .text.USART0_Disable
                0x0000000000000000        0xc build/default/production/mcc_generated_files/src/usart0.o
 .text.USART0_GetData
                0x0000000000000000        0x6 build/default/production/mcc_generated_files/src/usart0.o
 .text.USART0_IsTxReady
                0x0000000000000000        0xc build/default/production/mcc_generated_files/src/usart0.o
 .text.USART0_IsRxReady
                0x0000000000000000        0xc build/default/production/mcc_generated_files/src/usart0.o
 .text.USART0_IsTxBusy
                0x0000000000000000       0x10 build/default/production/mcc_generated_files/src/usart0.o
 .text.USART0_IsTxDone
                0x0000000000000000        0xc build/default/production/mcc_generated_files/src/usart0.o
 .text.USART0_Read
                0x0000000000000000       0x10 build/default/production/mcc_generated_files/src/usart0.o
 .text          0x0000000000000000        0x0 build/default/production/mcc_generated_files/src/eeprom.o
 .data          0x0000000000000000        0x0 build/default/production/mcc_generated_files/src/eeprom.o
 .bss           0x0000000000000000        0x0 build/default/production/mcc_generated_files/src/eeprom.o
 .text          0x0000000000000000        0x0 build/default/production/mcc_generated_files/src/pin_manager.o
 .data          0x0000000000000000        0x0 build/default/production/mcc_generated_files/src/pin_manager.o
 .bss           0x0000000000000000        0x0 build/default/production/mcc_generated_files/src/pin_manager.o
 .text.PORT_Initialize
                0x0000000000000000        0x2 build/default/production/mcc_generated_files/src/pin_manager.o
 .text          0x0000000000000000        0x0 build/default/production/mcc_generated_files/device_config.o
 .data          0x0000000000000000        0x0 build/default/production/mcc_generated_files/device_config.o
 .bss           0x0000000000000000        0x0 build/default/production/mcc_generated_files/device_config.o
 .text          0x0000000000000000        0x0 build/default/production/mcc_generated_files/mcc.o
 .data          0x0000000000000000        0x0 build/default/production/mcc_generated_files/mcc.o
 .bss           0x0000000000000000        0x0 build/default/production/mcc_generated_files/mcc.o
 .text.WDT_Initialize
                0x0000000000000000        0x8 build/default/production/mcc_generated_files/mcc.o
 .text          0x0000000000000000        0x0 build/default/production/main.o
 .data          0x0000000000000000        0x0 build/default/production/main.o
 .bss           0x0000000000000000        0x0 build/default/production/main.o
 .text          0x0000000000000000        0x0 build/default/production/serialCommunication.o
 .data          0x0000000000000000        0x0 build/default/production/serialCommunication.o
 .bss           0x0000000000000000        0x0 build/default/production/serialCommunication.o
 .text          0x0000000000000000        0x0 build/default/production/sigmoid.o
 .data          0x0000000000000000        0x0 build/default/production/sigmoid.o
 .bss           0x0000000000000000        0x0 build/default/production/sigmoid.o
 .text          0x0000000000000000        0x0 build/default/production/snake.o
 .data          0x0000000000000000        0x0 build/default/production/snake.o
 .bss           0x0000000000000000        0x0 build/default/production/snake.o
 .text.snake_getHeadPosition
                0x0000000000000000        0x6 build/default/production/snake.o
 .text.snake_setHeadPosition
                0x0000000000000000        0x6 build/default/production/snake.o
 .text.snake_setFoodPosition
                0x0000000000000000        0x6 build/default/production/snake.o
 .text          0x0000000000000000        0x0 build/default/production/ai_short_float.o
 .data          0x0000000000000000        0x0 build/default/production/ai_short_float.o
 .bss           0x0000000000000000        0x0 build/default/production/ai_short_float.o
 .data          0x0000000000000000        0x0 d:/programdata/microchip/xc8/v2.40/avr/bin/../lib/gcc/avr/5.4.0/../../../../avr/lib/avr5/memx-const\libm.a(addsf3.o)
 .bss           0x0000000000000000        0x0 d:/programdata/microchip/xc8/v2.40/avr/bin/../lib/gcc/avr/5.4.0/../../../../avr/lib/avr5/memx-const\libm.a(addsf3.o)
 .stack.descriptors
                0x0000000000000000       0x2c d:/programdata/microchip/xc8/v2.40/avr/bin/../lib/gcc/avr/5.4.0/../../../../avr/lib/avr5/memx-const\libm.a(addsf3.o)
 .data          0x0000000000000000        0x0 d:/programdata/microchip/xc8/v2.40/avr/bin/../lib/gcc/avr/5.4.0/../../../../avr/lib/avr5/memx-const\libm.a(addsf3x.o)
 .bss           0x0000000000000000        0x0 d:/programdata/microchip/xc8/v2.40/avr/bin/../lib/gcc/avr/5.4.0/../../../../avr/lib/avr5/memx-const\libm.a(addsf3x.o)
 .stack.descriptors
                0x0000000000000000       0x17 d:/programdata/microchip/xc8/v2.40/avr/bin/../lib/gcc/avr/5.4.0/../../../../avr/lib/avr5/memx-const\libm.a(addsf3x.o)
 .data          0x0000000000000000        0x0 d:/programdata/microchip/xc8/v2.40/avr/bin/../lib/gcc/avr/5.4.0/../../../../avr/lib/avr5/memx-const\libm.a(divsf3.o)
 .bss           0x0000000000000000        0x0 d:/programdata/microchip/xc8/v2.40/avr/bin/../lib/gcc/avr/5.4.0/../../../../avr/lib/avr5/memx-const\libm.a(divsf3.o)
 .stack.descriptors
                0x0000000000000000       0x16 d:/programdata/microchip/xc8/v2.40/avr/bin/../lib/gcc/avr/5.4.0/../../../../avr/lib/avr5/memx-const\libm.a(divsf3.o)
 .data          0x0000000000000000        0x0 d:/programdata/microchip/xc8/v2.40/avr/bin/../lib/gcc/avr/5.4.0/../../../../avr/lib/avr5/memx-const\libm.a(divsf3x.o)
 .bss           0x0000000000000000        0x0 d:/programdata/microchip/xc8/v2.40/avr/bin/../lib/gcc/avr/5.4.0/../../../../avr/lib/avr5/memx-const\libm.a(divsf3x.o)
 .stack.descriptors
                0x0000000000000000       0x31 d:/programdata/microchip/xc8/v2.40/avr/bin/../lib/gcc/avr/5.4.0/../../../../avr/lib/avr5/memx-const\libm.a(divsf3x.o)
 .data          0x0000000000000000        0x0 d:/programdata/microchip/xc8/v2.40/avr/bin/../lib/gcc/avr/5.4.0/../../../../avr/lib/avr5/memx-const\libm.a(fixsfsi.o)
 .bss           0x0000000000000000        0x0 d:/programdata/microchip/xc8/v2.40/avr/bin/../lib/gcc/avr/5.4.0/../../../../avr/lib/avr5/memx-const\libm.a(fixsfsi.o)
 .stack.descriptors
                0x0000000000000000       0x17 d:/programdata/microchip/xc8/v2.40/avr/bin/../lib/gcc/avr/5.4.0/../../../../avr/lib/avr5/memx-const\libm.a(fixsfsi.o)
 .data          0x0000000000000000        0x0 d:/programdata/microchip/xc8/v2.40/avr/bin/../lib/gcc/avr/5.4.0/../../../../avr/lib/avr5/memx-const\libm.a(fixunssfsi.o)
 .bss           0x0000000000000000        0x0 d:/programdata/microchip/xc8/v2.40/avr/bin/../lib/gcc/avr/5.4.0/../../../../avr/lib/avr5/memx-const\libm.a(fixunssfsi.o)
 .stack.descriptors
                0x0000000000000000       0x1a d:/programdata/microchip/xc8/v2.40/avr/bin/../lib/gcc/avr/5.4.0/../../../../avr/lib/avr5/memx-const\libm.a(fixunssfsi.o)
 .data          0x0000000000000000        0x0 d:/programdata/microchip/xc8/v2.40/avr/bin/../lib/gcc/avr/5.4.0/../../../../avr/lib/avr5/memx-const\libm.a(floatsisf.o)
 .bss           0x0000000000000000        0x0 d:/programdata/microchip/xc8/v2.40/avr/bin/../lib/gcc/avr/5.4.0/../../../../avr/lib/avr5/memx-const\libm.a(floatsisf.o)
 .stack.descriptors
                0x0000000000000000       0x34 d:/programdata/microchip/xc8/v2.40/avr/bin/../lib/gcc/avr/5.4.0/../../../../avr/lib/avr5/memx-const\libm.a(floatsisf.o)
 .data          0x0000000000000000        0x0 d:/programdata/microchip/xc8/v2.40/avr/bin/../lib/gcc/avr/5.4.0/../../../../avr/lib/avr5/memx-const\libm.a(fp_inf.o)
 .bss           0x0000000000000000        0x0 d:/programdata/microchip/xc8/v2.40/avr/bin/../lib/gcc/avr/5.4.0/../../../../avr/lib/avr5/memx-const\libm.a(fp_inf.o)
 .stack.descriptors
                0x0000000000000000       0x16 d:/programdata/microchip/xc8/v2.40/avr/bin/../lib/gcc/avr/5.4.0/../../../../avr/lib/avr5/memx-const\libm.a(fp_inf.o)
 .data          0x0000000000000000        0x0 d:/programdata/microchip/xc8/v2.40/avr/bin/../lib/gcc/avr/5.4.0/../../../../avr/lib/avr5/memx-const\libm.a(fp_nan.o)
 .bss           0x0000000000000000        0x0 d:/programdata/microchip/xc8/v2.40/avr/bin/../lib/gcc/avr/5.4.0/../../../../avr/lib/avr5/memx-const\libm.a(fp_nan.o)
 .stack.descriptors
                0x0000000000000000       0x16 d:/programdata/microchip/xc8/v2.40/avr/bin/../lib/gcc/avr/5.4.0/../../../../avr/lib/avr5/memx-const\libm.a(fp_nan.o)
 .data          0x0000000000000000        0x0 d:/programdata/microchip/xc8/v2.40/avr/bin/../lib/gcc/avr/5.4.0/../../../../avr/lib/avr5/memx-const\libm.a(fp_pscA.o)
 .bss           0x0000000000000000        0x0 d:/programdata/microchip/xc8/v2.40/avr/bin/../lib/gcc/avr/5.4.0/../../../../avr/lib/avr5/memx-const\libm.a(fp_pscA.o)
 .stack.descriptors
                0x0000000000000000       0x17 d:/programdata/microchip/xc8/v2.40/avr/bin/../lib/gcc/avr/5.4.0/../../../../avr/lib/avr5/memx-const\libm.a(fp_pscA.o)
 .data          0x0000000000000000        0x0 d:/programdata/microchip/xc8/v2.40/avr/bin/../lib/gcc/avr/5.4.0/../../../../avr/lib/avr5/memx-const\libm.a(fp_pscB.o)
 .bss           0x0000000000000000        0x0 d:/programdata/microchip/xc8/v2.40/avr/bin/../lib/gcc/avr/5.4.0/../../../../avr/lib/avr5/memx-const\libm.a(fp_pscB.o)
 .stack.descriptors
                0x0000000000000000       0x17 d:/programdata/microchip/xc8/v2.40/avr/bin/../lib/gcc/avr/5.4.0/../../../../avr/lib/avr5/memx-const\libm.a(fp_pscB.o)
 .data          0x0000000000000000        0x0 d:/programdata/microchip/xc8/v2.40/avr/bin/../lib/gcc/avr/5.4.0/../../../../avr/lib/avr5/memx-const\libm.a(fp_round.o)
 .bss           0x0000000000000000        0x0 d:/programdata/microchip/xc8/v2.40/avr/bin/../lib/gcc/avr/5.4.0/../../../../avr/lib/avr5/memx-const\libm.a(fp_round.o)
 .stack.descriptors
                0x0000000000000000       0x18 d:/programdata/microchip/xc8/v2.40/avr/bin/../lib/gcc/avr/5.4.0/../../../../avr/lib/avr5/memx-const\libm.a(fp_round.o)
 .data          0x0000000000000000        0x0 d:/programdata/microchip/xc8/v2.40/avr/bin/../lib/gcc/avr/5.4.0/../../../../avr/lib/avr5/memx-const\libm.a(fp_split3.o)
 .bss           0x0000000000000000        0x0 d:/programdata/microchip/xc8/v2.40/avr/bin/../lib/gcc/avr/5.4.0/../../../../avr/lib/avr5/memx-const\libm.a(fp_split3.o)
 .stack.descriptors
                0x0000000000000000       0x32 d:/programdata/microchip/xc8/v2.40/avr/bin/../lib/gcc/avr/5.4.0/../../../../avr/lib/avr5/memx-const\libm.a(fp_split3.o)
 .data          0x0000000000000000        0x0 d:/programdata/microchip/xc8/v2.40/avr/bin/../lib/gcc/avr/5.4.0/../../../../avr/lib/avr5/memx-const\libm.a(fp_zero.o)
 .bss           0x0000000000000000        0x0 d:/programdata/microchip/xc8/v2.40/avr/bin/../lib/gcc/avr/5.4.0/../../../../avr/lib/avr5/memx-const\libm.a(fp_zero.o)
 .stack.descriptors
                0x0000000000000000       0x2f d:/programdata/microchip/xc8/v2.40/avr/bin/../lib/gcc/avr/5.4.0/../../../../avr/lib/avr5/memx-const\libm.a(fp_zero.o)
 .data          0x0000000000000000        0x0 d:/programdata/microchip/xc8/v2.40/avr/bin/../lib/gcc/avr/5.4.0/../../../../avr/lib/avr5/memx-const\libm.a(gesf2.o)
 .bss           0x0000000000000000        0x0 d:/programdata/microchip/xc8/v2.40/avr/bin/../lib/gcc/avr/5.4.0/../../../../avr/lib/avr5/memx-const\libm.a(gesf2.o)
 .stack.descriptors
                0x0000000000000000       0x2a d:/programdata/microchip/xc8/v2.40/avr/bin/../lib/gcc/avr/5.4.0/../../../../avr/lib/avr5/memx-const\libm.a(gesf2.o)
 .data          0x0000000000000000        0x0 d:/programdata/microchip/xc8/v2.40/avr/bin/../lib/gcc/avr/5.4.0/../../../../avr/lib/avr5/memx-const\libm.a(mulsf3.o)
 .bss           0x0000000000000000        0x0 d:/programdata/microchip/xc8/v2.40/avr/bin/../lib/gcc/avr/5.4.0/../../../../avr/lib/avr5/memx-const\libm.a(mulsf3.o)
 .stack.descriptors
                0x0000000000000000       0x16 d:/programdata/microchip/xc8/v2.40/avr/bin/../lib/gcc/avr/5.4.0/../../../../avr/lib/avr5/memx-const\libm.a(mulsf3.o)
 .data          0x0000000000000000        0x0 d:/programdata/microchip/xc8/v2.40/avr/bin/../lib/gcc/avr/5.4.0/../../../../avr/lib/avr5/memx-const\libm.a(mulsf3x.o)
 .bss           0x0000000000000000        0x0 d:/programdata/microchip/xc8/v2.40/avr/bin/../lib/gcc/avr/5.4.0/../../../../avr/lib/avr5/memx-const\libm.a(mulsf3x.o)
 .stack.descriptors
                0x0000000000000000       0x31 d:/programdata/microchip/xc8/v2.40/avr/bin/../lib/gcc/avr/5.4.0/../../../../avr/lib/avr5/memx-const\libm.a(mulsf3x.o)
 .data          0x0000000000000000        0x0 d:/programdata/microchip/xc8/v2.40/avr/bin/../lib/gcc/avr/5.4.0/../../../../avr/lib/avr5/memx-const\libm.a(fp_cmp.o)
 .bss           0x0000000000000000        0x0 d:/programdata/microchip/xc8/v2.40/avr/bin/../lib/gcc/avr/5.4.0/../../../../avr/lib/avr5/memx-const\libm.a(fp_cmp.o)
 .stack.descriptors
                0x0000000000000000       0x16 d:/programdata/microchip/xc8/v2.40/avr/bin/../lib/gcc/avr/5.4.0/../../../../avr/lib/avr5/memx-const\libm.a(fp_cmp.o)
 .text          0x0000000000000000        0x0 d:/programdata/microchip/xc8/v2.40/avr/bin/../lib/gcc/avr/5.4.0/avr5/memx-const\libgcc.a(_copy_data.o)
 .data          0x0000000000000000        0x0 d:/programdata/microchip/xc8/v2.40/avr/bin/../lib/gcc/avr/5.4.0/avr5/memx-const\libgcc.a(_copy_data.o)
 .bss           0x0000000000000000        0x0 d:/programdata/microchip/xc8/v2.40/avr/bin/../lib/gcc/avr/5.4.0/avr5/memx-const\libgcc.a(_copy_data.o)
 .text.libgcc.mul
                0x0000000000000000        0x0 d:/programdata/microchip/xc8/v2.40/avr/bin/../lib/gcc/avr/5.4.0/avr5/memx-const\libgcc.a(_copy_data.o)
 .text.libgcc.div
                0x0000000000000000        0x0 d:/programdata/microchip/xc8/v2.40/avr/bin/../lib/gcc/avr/5.4.0/avr5/memx-const\libgcc.a(_copy_data.o)
 .text.libgcc   0x0000000000000000        0x0 d:/programdata/microchip/xc8/v2.40/avr/bin/../lib/gcc/avr/5.4.0/avr5/memx-const\libgcc.a(_copy_data.o)
 .text.libgcc.prologue
                0x0000000000000000        0x0 d:/programdata/microchip/xc8/v2.40/avr/bin/../lib/gcc/avr/5.4.0/avr5/memx-const\libgcc.a(_copy_data.o)
 .text.libgcc.builtins
                0x0000000000000000        0x0 d:/programdata/microchip/xc8/v2.40/avr/bin/../lib/gcc/avr/5.4.0/avr5/memx-const\libgcc.a(_copy_data.o)
 .text.libgcc.fmul
                0x0000000000000000        0x0 d:/programdata/microchip/xc8/v2.40/avr/bin/../lib/gcc/avr/5.4.0/avr5/memx-const\libgcc.a(_copy_data.o)
 .text.libgcc.fixed
                0x0000000000000000        0x0 d:/programdata/microchip/xc8/v2.40/avr/bin/../lib/gcc/avr/5.4.0/avr5/memx-const\libgcc.a(_copy_data.o)
 .text          0x0000000000000000        0x0 d:/programdata/microchip/xc8/v2.40/avr/bin/../lib/gcc/avr/5.4.0/../../../../avr/lib/avr5/memx-const\libc.a(exit.o)
 .data          0x0000000000000000        0x0 d:/programdata/microchip/xc8/v2.40/avr/bin/../lib/gcc/avr/5.4.0/../../../../avr/lib/avr5/memx-const\libc.a(exit.o)
 .bss           0x0000000000000000        0x0 d:/programdata/microchip/xc8/v2.40/avr/bin/../lib/gcc/avr/5.4.0/../../../../avr/lib/avr5/memx-const\libc.a(exit.o)
 .text          0x0000000000000000        0x0 d:/programdata/microchip/xc8/v2.40/avr/bin/../lib/gcc/avr/5.4.0/../../../../avr/lib/avr5/memx-const\libc.a(rand.o)
 .data          0x0000000000000000        0x0 d:/programdata/microchip/xc8/v2.40/avr/bin/../lib/gcc/avr/5.4.0/../../../../avr/lib/avr5/memx-const\libc.a(rand.o)
 .bss           0x0000000000000000        0x0 d:/programdata/microchip/xc8/v2.40/avr/bin/../lib/gcc/avr/5.4.0/../../../../avr/lib/avr5/memx-const\libc.a(rand.o)
 .text          0x0000000000000000        0x0 d:/programdata/microchip/xc8/v2.40/avr/bin/../lib/gcc/avr/5.4.0/../../../../avr/lib/avr5/memx-const\libc.a(_Exit.o)
 .data          0x0000000000000000        0x0 d:/programdata/microchip/xc8/v2.40/avr/bin/../lib/gcc/avr/5.4.0/../../../../avr/lib/avr5/memx-const\libc.a(_Exit.o)
 .bss           0x0000000000000000        0x0 d:/programdata/microchip/xc8/v2.40/avr/bin/../lib/gcc/avr/5.4.0/../../../../avr/lib/avr5/memx-const\libc.a(_Exit.o)
 .text          0x0000000000000000        0x0 d:/programdata/microchip/xc8/v2.40/avr/bin/../lib/gcc/avr/5.4.0/avr5/memx-const\libgcc.a(_mulsi3.o)
 .data          0x0000000000000000        0x0 d:/programdata/microchip/xc8/v2.40/avr/bin/../lib/gcc/avr/5.4.0/avr5/memx-const\libgcc.a(_mulsi3.o)
 .bss           0x0000000000000000        0x0 d:/programdata/microchip/xc8/v2.40/avr/bin/../lib/gcc/avr/5.4.0/avr5/memx-const\libgcc.a(_mulsi3.o)
 .stack.descriptors
                0x0000000000000000       0x16 d:/programdata/microchip/xc8/v2.40/avr/bin/../lib/gcc/avr/5.4.0/avr5/memx-const\libgcc.a(_mulsi3.o)
 .text.libgcc.div
                0x0000000000000000        0x0 d:/programdata/microchip/xc8/v2.40/avr/bin/../lib/gcc/avr/5.4.0/avr5/memx-const\libgcc.a(_mulsi3.o)
 .text.libgcc   0x0000000000000000        0x0 d:/programdata/microchip/xc8/v2.40/avr/bin/../lib/gcc/avr/5.4.0/avr5/memx-const\libgcc.a(_mulsi3.o)
 .text.libgcc.prologue
                0x0000000000000000        0x0 d:/programdata/microchip/xc8/v2.40/avr/bin/../lib/gcc/avr/5.4.0/avr5/memx-const\libgcc.a(_mulsi3.o)
 .text.libgcc.builtins
                0x0000000000000000        0x0 d:/programdata/microchip/xc8/v2.40/avr/bin/../lib/gcc/avr/5.4.0/avr5/memx-const\libgcc.a(_mulsi3.o)
 .text.libgcc.fmul
                0x0000000000000000        0x0 d:/programdata/microchip/xc8/v2.40/avr/bin/../lib/gcc/avr/5.4.0/avr5/memx-const\libgcc.a(_mulsi3.o)
 .text.libgcc.fixed
                0x0000000000000000        0x0 d:/programdata/microchip/xc8/v2.40/avr/bin/../lib/gcc/avr/5.4.0/avr5/memx-const\libgcc.a(_mulsi3.o)
 .text          0x0000000000000000        0x0 d:/programdata/microchip/xc8/v2.40/avr/bin/../lib/gcc/avr/5.4.0/avr5/memx-const\libgcc.a(_exit.o)
 .data          0x0000000000000000        0x0 d:/programdata/microchip/xc8/v2.40/avr/bin/../lib/gcc/avr/5.4.0/avr5/memx-const\libgcc.a(_exit.o)
 .bss           0x0000000000000000        0x0 d:/programdata/microchip/xc8/v2.40/avr/bin/../lib/gcc/avr/5.4.0/avr5/memx-const\libgcc.a(_exit.o)
 .text.libgcc.mul
                0x0000000000000000        0x0 d:/programdata/microchip/xc8/v2.40/avr/bin/../lib/gcc/avr/5.4.0/avr5/memx-const\libgcc.a(_exit.o)
 .text.libgcc.div
                0x0000000000000000        0x0 d:/programdata/microchip/xc8/v2.40/avr/bin/../lib/gcc/avr/5.4.0/avr5/memx-const\libgcc.a(_exit.o)
 .text.libgcc   0x0000000000000000        0x0 d:/programdata/microchip/xc8/v2.40/avr/bin/../lib/gcc/avr/5.4.0/avr5/memx-const\libgcc.a(_exit.o)
 .text.libgcc.prologue
                0x0000000000000000        0x0 d:/programdata/microchip/xc8/v2.40/avr/bin/../lib/gcc/avr/5.4.0/avr5/memx-const\libgcc.a(_exit.o)
 .stack.descriptors
                0x0000000000000000       0x13 d:/programdata/microchip/xc8/v2.40/avr/bin/../lib/gcc/avr/5.4.0/avr5/memx-const\libgcc.a(_exit.o)
 .text.libgcc.builtins
                0x0000000000000000        0x0 d:/programdata/microchip/xc8/v2.40/avr/bin/../lib/gcc/avr/5.4.0/avr5/memx-const\libgcc.a(_exit.o)
 .text.libgcc.fmul
                0x0000000000000000        0x0 d:/programdata/microchip/xc8/v2.40/avr/bin/../lib/gcc/avr/5.4.0/avr5/memx-const\libgcc.a(_exit.o)
 .text.libgcc.fixed
                0x0000000000000000        0x0 d:/programdata/microchip/xc8/v2.40/avr/bin/../lib/gcc/avr/5.4.0/avr5/memx-const\libgcc.a(_exit.o)
 .text          0x0000000000000000        0x0 d:/programdata/microchip/xc8/v2.40/avr/bin/../lib/gcc/avr/5.4.0/avr5/memx-const\libgcc.a(_muluhisi3.o)
 .data          0x0000000000000000        0x0 d:/programdata/microchip/xc8/v2.40/avr/bin/../lib/gcc/avr/5.4.0/avr5/memx-const\libgcc.a(_muluhisi3.o)
 .bss           0x0000000000000000        0x0 d:/programdata/microchip/xc8/v2.40/avr/bin/../lib/gcc/avr/5.4.0/avr5/memx-const\libgcc.a(_muluhisi3.o)
 .stack.descriptors
                0x0000000000000000       0x19 d:/programdata/microchip/xc8/v2.40/avr/bin/../lib/gcc/avr/5.4.0/avr5/memx-const\libgcc.a(_muluhisi3.o)
 .text.libgcc.div
                0x0000000000000000        0x0 d:/programdata/microchip/xc8/v2.40/avr/bin/../lib/gcc/avr/5.4.0/avr5/memx-const\libgcc.a(_muluhisi3.o)
 .text.libgcc   0x0000000000000000        0x0 d:/programdata/microchip/xc8/v2.40/avr/bin/../lib/gcc/avr/5.4.0/avr5/memx-const\libgcc.a(_muluhisi3.o)
 .text.libgcc.prologue
                0x0000000000000000        0x0 d:/programdata/microchip/xc8/v2.40/avr/bin/../lib/gcc/avr/5.4.0/avr5/memx-const\libgcc.a(_muluhisi3.o)
 .text.libgcc.builtins
                0x0000000000000000        0x0 d:/programdata/microchip/xc8/v2.40/avr/bin/../lib/gcc/avr/5.4.0/avr5/memx-const\libgcc.a(_muluhisi3.o)
 .text.libgcc.fmul
                0x0000000000000000        0x0 d:/programdata/microchip/xc8/v2.40/avr/bin/../lib/gcc/avr/5.4.0/avr5/memx-const\libgcc.a(_muluhisi3.o)
 .text.libgcc.fixed
                0x0000000000000000        0x0 d:/programdata/microchip/xc8/v2.40/avr/bin/../lib/gcc/avr/5.4.0/avr5/memx-const\libgcc.a(_muluhisi3.o)
 .text          0x0000000000000000        0x0 d:/programdata/microchip/xc8/v2.40/avr/bin/../lib/gcc/avr/5.4.0/avr5/memx-const\libgcc.a(_umulhisi3.o)
 .data          0x0000000000000000        0x0 d:/programdata/microchip/xc8/v2.40/avr/bin/../lib/gcc/avr/5.4.0/avr5/memx-const\libgcc.a(_umulhisi3.o)
 .bss           0x0000000000000000        0x0 d:/programdata/microchip/xc8/v2.40/avr/bin/../lib/gcc/avr/5.4.0/avr5/memx-const\libgcc.a(_umulhisi3.o)
 .stack.descriptors
                0x0000000000000000       0x19 d:/programdata/microchip/xc8/v2.40/avr/bin/../lib/gcc/avr/5.4.0/avr5/memx-const\libgcc.a(_umulhisi3.o)
 .text.libgcc.div
                0x0000000000000000        0x0 d:/programdata/microchip/xc8/v2.40/avr/bin/../lib/gcc/avr/5.4.0/avr5/memx-const\libgcc.a(_umulhisi3.o)
 .text.libgcc   0x0000000000000000        0x0 d:/programdata/microchip/xc8/v2.40/avr/bin/../lib/gcc/avr/5.4.0/avr5/memx-const\libgcc.a(_umulhisi3.o)
 .text.libgcc.prologue
                0x0000000000000000        0x0 d:/programdata/microchip/xc8/v2.40/avr/bin/../lib/gcc/avr/5.4.0/avr5/memx-const\libgcc.a(_umulhisi3.o)
 .text.libgcc.builtins
                0x0000000000000000        0x0 d:/programdata/microchip/xc8/v2.40/avr/bin/../lib/gcc/avr/5.4.0/avr5/memx-const\libgcc.a(_umulhisi3.o)
 .text.libgcc.fmul
                0x0000000000000000        0x0 d:/programdata/microchip/xc8/v2.40/avr/bin/../lib/gcc/avr/5.4.0/avr5/memx-const\libgcc.a(_umulhisi3.o)
 .text.libgcc.fixed
                0x0000000000000000        0x0 d:/programdata/microchip/xc8/v2.40/avr/bin/../lib/gcc/avr/5.4.0/avr5/memx-const\libgcc.a(_umulhisi3.o)

Memory Configuration

Name             Origin             Length             Attributes
text             0x0000000000000000 0x0000000000008000 xr
data             0x0000000000800100 0x0000000000000800 rw !x
eeprom           0x0000000000810000 0x0000000000000400 rw !x
fuse             0x0000000000820000 0x0000000000000003 rw !x
lock             0x0000000000830000 0x0000000000000400 rw !x
signature        0x0000000000840000 0x0000000000000400 rw !x
user_signatures  0x0000000000850000 0x0000000000000400 rw !x
*default*        0x0000000000000000 0xffffffffffffffff

Linker script and memory map

Address of section .data set to 0x800100
LOAD D:/ProgramData/Microchip/MPLABX/v6.00/packs/Microchip/ATmega_DFP/2.4.131/xc8/avr/lib/avr5/memx-const/crtatmega328p.o
                0x0000000000000001                __MPLAB_BUILD = 0x1
LOAD build/default/production/mcc_generated_files/src/protected_io.o
LOAD build/default/production/mcc_generated_files/src/cpuint.o
LOAD build/default/production/mcc_generated_files/src/usart0.o
LOAD build/default/production/mcc_generated_files/src/eeprom.o
LOAD build/default/production/mcc_generated_files/src/pin_manager.o
LOAD build/default/production/mcc_generated_files/device_config.o
LOAD build/default/production/mcc_generated_files/mcc.o
LOAD build/default/production/main.o
LOAD build/default/production/serialCommunication.o
LOAD build/default/production/sigmoid.o
LOAD build/default/production/snake.o
LOAD build/default/production/ai_short_float.o
START GROUP
LOAD d:/programdata/microchip/xc8/v2.40/avr/bin/../lib/gcc/avr/5.4.0/../../../../avr/lib/avr5/memx-const\libm.a
END GROUP
START GROUP
LOAD d:/programdata/microchip/xc8/v2.40/avr/bin/../lib/gcc/avr/5.4.0/avr5/memx-const\libgcc.a
LOAD d:/programdata/microchip/xc8/v2.40/avr/bin/../lib/gcc/avr/5.4.0/../../../../avr/lib/avr5/memx-const\libm.a
LOAD d:/programdata/microchip/xc8/v2.40/avr/bin/../lib/gcc/avr/5.4.0/../../../../avr/lib/avr5/memx-const\libc.a
LOAD D:/ProgramData/Microchip/MPLABX/v6.00/packs/Microchip/ATmega_DFP/2.4.131/xc8/avr/lib/avr5/memx-const\libatmega328p.a
END GROUP
                0x0000000000000000                __TEXT_REGION_ORIGIN__ = DEFINED (__TEXT_REGION_ORIGIN__)?__TEXT_REGION_ORIGIN__:0x0
                [0x0000000000800100]                __DATA_REGION_ORIGIN__ = DEFINED (__DATA_REGION_ORIGIN__)?__DATA_REGION_ORIGIN__:0x800060
                [0x0000000000008000]                __TEXT_REGION_LENGTH__ = DEFINED (__TEXT_REGION_LENGTH__)?__TEXT_REGION_LENGTH__:0x20000
                [0x0000000000000800]                __DATA_REGION_LENGTH__ = DEFINED (__DATA_REGION_LENGTH__)?__DATA_REGION_LENGTH__:0xffa0
                [0x0000000000000400]                __EEPROM_REGION_LENGTH__ = DEFINED (__EEPROM_REGION_LENGTH__)?__EEPROM_REGION_LENGTH__:0x10000
                [0x0000000000000003]                __FUSE_REGION_LENGTH__ = DEFINED (__FUSE_REGION_LENGTH__)?__FUSE_REGION_LENGTH__:0x400
                0x0000000000000400                __LOCK_REGION_LENGTH__ = DEFINED (__LOCK_REGION_LENGTH__)?__LOCK_REGION_LENGTH__:0x400
                0x0000000000000400                __SIGNATURE_REGION_LENGTH__ = DEFINED (__SIGNATURE_REGION_LENGTH__)?__SIGNATURE_REGION_LENGTH__:0x400
                0x0000000000000400                __USER_SIGNATURE_REGION_LENGTH__ = DEFINED (__USER_SIGNATURE_REGION_LENGTH__)?__USER_SIGNATURE_REGION_LENGTH__:0x400

.hash
 *(.hash)

.dynsym
 *(.dynsym)

.dynstr
 *(.dynstr)

.gnu.version
 *(.gnu.version)

.gnu.version_d
 *(.gnu.version_d)

.gnu.version_r
 *(.gnu.version_r)

.rel.init
 *(.rel.init)

.rela.init
 *(.rela.init)

.rel.text
 *(.rel.text)
 *(.rel.text.*)
 *(.rel.gnu.linkonce.t*)

.rela.text
 *(.rela.text)
 *(.rela.text.*)
 *(.rela.gnu.linkonce.t*)

.rel.fini
 *(.rel.fini)

.rela.fini
 *(.rela.fini)

.rel.rodata
 *(.rel.rodata)
 *(.rel.rodata.*)
 *(.rel.gnu.linkonce.r*)

.rela.rodata
 *(.rela.rodata)
 *(.rela.rodata.*)
 *(.rela.gnu.linkonce.r*)

.rel.data
 *(.rel.data)
 *(.rel.data.*)
 *(.rel.gnu.linkonce.d*)

.rela.data
 *(.rela.data)
 *(.rela.data.*)
 *(.rela.gnu.linkonce.d*)

.rel.ctors
 *(.rel.ctors)

.rela.ctors
 *(.rela.ctors)

.rel.dtors
 *(.rel.dtors)

.rela.dtors
 *(.rela.dtors)

.rel.got
 *(.rel.got)

.rela.got
 *(.rela.got)

.rel.bss
 *(.rel.bss)

.rela.bss
 *(.rela.bss)

.rel.plt
 *(.rel.plt)

.rela.plt
 *(.rela.plt)

.text           0x0000000000000000       0xce
 *(.vectors)
 .vectors       0x0000000000000000       0x68 D:/ProgramData/Microchip/MPLABX/v6.00/packs/Microchip/ATmega_DFP/2.4.131/xc8/avr/lib/avr5/memx-const/crtatmega328p.o
                0x0000000000000000                __vector_default
                0x0000000000000000                __vectors
 *(.vectors)
 *(.progmem.gcc*)
 *(.dinit)
 .dinit         0x0000000000000068       0x11 data_init
                0x000000000000007a                . = ALIGN (0x2)
 *fill*         0x0000000000000079        0x1 
                0x000000000000007a                __trampolines_start = .
 *(.trampolines)
 .trampolines   0x000000000000007a        0x0 linker stubs
 *(.trampolines*)
                0x000000000000007a                __trampolines_end = .
 *libprintf_flt.a:*(.progmem.data)
 *libc.a:*(.progmem.data)
                0x000000000000007a                . = ALIGN (0x2)
 *(.jumptables)
 *(.jumptables*)
 *(.lowtext)
 *(.lowtext*)
                0x000000000000007a                __ctors_start = .
 *(.ctors)
                0x000000000000007a                __ctors_end = .
                0x000000000000007a                __dtors_start = .
 *(.dtors)
                0x000000000000007a                __dtors_end = .
 SORT(*)(.ctors)
 SORT(*)(.dtors)
 *(.init0)
 .init0         0x000000000000007a        0x0 D:/ProgramData/Microchip/MPLABX/v6.00/packs/Microchip/ATmega_DFP/2.4.131/xc8/avr/lib/avr5/memx-const/crtatmega328p.o
                0x000000000000007a                __init
 *(.init0)
 *(.init1)
 *(.init1)
 *(.init2)
 .init2         0x000000000000007a        0xc D:/ProgramData/Microchip/MPLABX/v6.00/packs/Microchip/ATmega_DFP/2.4.131/xc8/avr/lib/avr5/memx-const/crtatmega328p.o
 *(.init2)
 *(.init3)
 *(.init3)
 *(.init4)
 .init4         0x0000000000000086       0x3c d:/programdata/microchip/xc8/v2.40/avr/bin/../lib/gcc/avr/5.4.0/avr5/memx-const\libgcc.a(_copy_data.o)
                0x0000000000000086                __do_copy_data
                0x00000000000000b4                __do_clear_bss
 *(.init4)
 *(.init5)
 *(.init5)
 *(.init6)
 *(.init6)
 *(.init7)
 *(.init7)
 *(.init8)
 *(.init8)
 *(.init9)
 .init9         0x00000000000000c2        0x8 D:/ProgramData/Microchip/MPLABX/v6.00/packs/Microchip/ATmega_DFP/2.4.131/xc8/avr/lib/avr5/memx-const/crtatmega328p.o
 *(.init9)
                0x00000000000000ca                . = ALIGN (0x2)
 *(.fini9)
 .fini9         0x00000000000000ca        0x0 d:/programdata/microchip/xc8/v2.40/avr/bin/../lib/gcc/avr/5.4.0/avr5/memx-const\libgcc.a(_exit.o)
                0x00000000000000ca                _exit
 *(.fini9)
 *(.fini8)
 *(.fini8)
 *(.fini7)
 *(.fini7)
 *(.fini6)
 *(.fini6)
 *(.fini5)
 *(.fini5)
 *(.fini4)
 *(.fini4)
 *(.fini3)
 *(.fini3)
 *(.fini2)
 *(.fini2)
 *(.fini1)
 *(.fini1)
 *(.fini0)
 .fini0         0x00000000000000ca        0x4 d:/programdata/microchip/xc8/v2.40/avr/bin/../lib/gcc/avr/5.4.0/avr5/memx-const\libgcc.a(_exit.o)
 *(.fini0)
                0x00000000000000ce                _etext = .

.data           0x0000000000800100        0x0 load address 0x00000000000000ce
                [!provide]                        PROVIDE (__data_start, .)
 *(.gnu.linkonce.d*)
 *(.gnu.linkonce.r*)
                0x0000000000800100                . = ALIGN (0x2)
                0x0000000000800100                _edata = .
                [!provide]                        PROVIDE (__data_end, .)

.bss            0x0000000000800100        0x0
                [!provide]                        PROVIDE (__bss_start, .)
 *(COMMON)
                [!provide]                        PROVIDE (__bss_end, .)
                0x00000000000000ce                __data_load_start = LOADADDR (.data)
                0x00000000000000ce                __data_load_end = (__data_load_start + SIZEOF (.data))

.noinit         0x0000000000800100        0x0
                [!provide]                        PROVIDE (__noinit_start, .)
 *(.noinit*)
                [!provide]                        PROVIDE (__noinit_end, .)
                0x0000000000800100                _end = .

.eeprom         0x0000000000810000        0x0
 *(.eeprom*)
                0x0000000000810000                __eeprom_end = .

.fuse           0x0000000000820000        0x3
 *(.fuse)
 .fuse          0x0000000000820000        0x3 build/default/production/mcc_generated_files/device_config.o
                0x0000000000820000                __fuse
 *(.lfuse)
 *(.hfuse)
 *(.efuse)

.lock
 *(.lock*)

.signature
 *(.signature*)

.user_signatures
 *(.user_signatures*)

.stab
 *(.stab)

.stabstr
 *(.stabstr)

.stab.excl
 *(.stab.excl)

.stab.exclstr
 *(.stab.exclstr)

.stab.index
 *(.stab.index)

.stab.indexstr
 *(.stab.indexstr)

.comment        0x0000000000000000       0x2f
 *(.comment)
 .comment       0x0000000000000000       0x2f build/default/production/mcc_generated_files/src/cpuint.o
                                         0x30 (size before relaxing)
 .comment       0x000000000000002f       0x30 build/default/production/mcc_generated_files/src/usart0.o
 .comment       0x000000000000002f       0x30 build/default/production/mcc_generated_files/src/eeprom.o
 .comment       0x000000000000002f       0x30 build/default/production/mcc_generated_files/src/pin_manager.o
 .comment       0x000000000000002f       0x30 build/default/production/mcc_generated_files/device_config.o
 .comment       0x000000000000002f       0x30 build/default/production/mcc_generated_files/mcc.o
 .comment       0x000000000000002f       0x30 build/default/production/main.o
 .comment       0x000000000000002f       0x30 build/default/production/serialCommunication.o
 .comment       0x000000000000002f       0x30 build/default/production/sigmoid.o
 .comment       0x000000000000002f       0x30 build/default/production/snake.o
 .comment       0x000000000000002f       0x30 build/default/production/ai_short_float.o
 .comment       0x000000000000002f       0x30 d:/programdata/microchip/xc8/v2.40/avr/bin/../lib/gcc/avr/5.4.0/../../../../avr/lib/avr5/memx-const\libc.a(exit.o)
 .comment       0x000000000000002f       0x30 d:/programdata/microchip/xc8/v2.40/avr/bin/../lib/gcc/avr/5.4.0/../../../../avr/lib/avr5/memx-const\libc.a(rand.o)
 .comment       0x000000000000002f       0x30 d:/programdata/microchip/xc8/v2.40/avr/bin/../lib/gcc/avr/5.4.0/../../../../avr/lib/avr5/memx-const\libc.a(_Exit.o)

.stack.descriptors.hdr
                0x0000000000000000      0x134
 .stack.descriptors.hdr
                0x0000000000000000        0xe d:/programdata/microchip/xc8/v2.40/avr/bin/../lib/gcc/avr/5.4.0/../../../../avr/lib/avr5/memx-const\libm.a(addsf3.o)
 .stack.descriptors.hdr
                0x000000000000000e        0xe d:/programdata/microchip/xc8/v2.40/avr/bin/../lib/gcc/avr/5.4.0/../../../../avr/lib/avr5/memx-const\libm.a(addsf3x.o)
 .stack.descriptors.hdr
                0x000000000000001c        0xe d:/programdata/microchip/xc8/v2.40/avr/bin/../lib/gcc/avr/5.4.0/../../../../avr/lib/avr5/memx-const\libm.a(divsf3.o)
 .stack.descriptors.hdr
                0x000000000000002a        0xe d:/programdata/microchip/xc8/v2.40/avr/bin/../lib/gcc/avr/5.4.0/../../../../avr/lib/avr5/memx-const\libm.a(divsf3x.o)
 .stack.descriptors.hdr
                0x0000000000000038        0xe d:/programdata/microchip/xc8/v2.40/avr/bin/../lib/gcc/avr/5.4.0/../../../../avr/lib/avr5/memx-const\libm.a(fixsfsi.o)
 .stack.descriptors.hdr
                0x0000000000000046        0xe d:/programdata/microchip/xc8/v2.40/avr/bin/../lib/gcc/avr/5.4.0/../../../../avr/lib/avr5/memx-const\libm.a(fixunssfsi.o)
 .stack.descriptors.hdr
                0x0000000000000054        0xe d:/programdata/microchip/xc8/v2.40/avr/bin/../lib/gcc/avr/5.4.0/../../../../avr/lib/avr5/memx-const\libm.a(floatsisf.o)
 .stack.descriptors.hdr
                0x0000000000000062        0xe d:/programdata/microchip/xc8/v2.40/avr/bin/../lib/gcc/avr/5.4.0/../../../../avr/lib/avr5/memx-const\libm.a(fp_inf.o)
 .stack.descriptors.hdr
                0x0000000000000070        0xe d:/programdata/microchip/xc8/v2.40/avr/bin/../lib/gcc/avr/5.4.0/../../../../avr/lib/avr5/memx-const\libm.a(fp_nan.o)
 .stack.descriptors.hdr
                0x000000000000007e        0xe d:/programdata/microchip/xc8/v2.40/avr/bin/../lib/gcc/avr/5.4.0/../../../../avr/lib/avr5/memx-const\libm.a(fp_pscA.o)
 .stack.descriptors.hdr
                0x000000000000008c        0xe d:/programdata/microchip/xc8/v2.40/avr/bin/../lib/gcc/avr/5.4.0/../../../../avr/lib/avr5/memx-const\libm.a(fp_pscB.o)
 .stack.descriptors.hdr
                0x000000000000009a        0xe d:/programdata/microchip/xc8/v2.40/avr/bin/../lib/gcc/avr/5.4.0/../../../../avr/lib/avr5/memx-const\libm.a(fp_round.o)
 .stack.descriptors.hdr
                0x00000000000000a8        0xe d:/programdata/microchip/xc8/v2.40/avr/bin/../lib/gcc/avr/5.4.0/../../../../avr/lib/avr5/memx-const\libm.a(fp_split3.o)
 .stack.descriptors.hdr
                0x00000000000000b6        0xe d:/programdata/microchip/xc8/v2.40/avr/bin/../lib/gcc/avr/5.4.0/../../../../avr/lib/avr5/memx-const\libm.a(fp_zero.o)
 .stack.descriptors.hdr
                0x00000000000000c4        0xe d:/programdata/microchip/xc8/v2.40/avr/bin/../lib/gcc/avr/5.4.0/../../../../avr/lib/avr5/memx-const\libm.a(gesf2.o)
 .stack.descriptors.hdr
                0x00000000000000d2        0xe d:/programdata/microchip/xc8/v2.40/avr/bin/../lib/gcc/avr/5.4.0/../../../../avr/lib/avr5/memx-const\libm.a(mulsf3.o)
 .stack.descriptors.hdr
                0x00000000000000e0        0xe d:/programdata/microchip/xc8/v2.40/avr/bin/../lib/gcc/avr/5.4.0/../../../../avr/lib/avr5/memx-const\libm.a(mulsf3x.o)
 .stack.descriptors.hdr
                0x00000000000000ee        0xe d:/programdata/microchip/xc8/v2.40/avr/bin/../lib/gcc/avr/5.4.0/../../../../avr/lib/avr5/memx-const\libm.a(fp_cmp.o)
 .stack.descriptors.hdr
                0x00000000000000fc        0xe d:/programdata/microchip/xc8/v2.40/avr/bin/../lib/gcc/avr/5.4.0/avr5/memx-const\libgcc.a(_mulsi3.o)
 .stack.descriptors.hdr
                0x000000000000010a        0xe d:/programdata/microchip/xc8/v2.40/avr/bin/../lib/gcc/avr/5.4.0/avr5/memx-const\libgcc.a(_exit.o)
 .stack.descriptors.hdr
                0x0000000000000118        0xe d:/programdata/microchip/xc8/v2.40/avr/bin/../lib/gcc/avr/5.4.0/avr5/memx-const\libgcc.a(_muluhisi3.o)
 .stack.descriptors.hdr
                0x0000000000000126        0xe d:/programdata/microchip/xc8/v2.40/avr/bin/../lib/gcc/avr/5.4.0/avr5/memx-const\libgcc.a(_umulhisi3.o)

.note.GNU-stack
                0x0000000000000000        0x0
 .note.GNU-stack
                0x0000000000000000        0x0 d:/programdata/microchip/xc8/v2.40/avr/bin/../lib/gcc/avr/5.4.0/../../../../avr/lib/avr5/memx-const\libm.a(addsf3.o)
 .note.GNU-stack
                0x0000000000000000        0x0 d:/programdata/microchip/xc8/v2.40/avr/bin/../lib/gcc/avr/5.4.0/../../../../avr/lib/avr5/memx-const\libm.a(addsf3x.o)
 .note.GNU-stack
                0x0000000000000000        0x0 d:/programdata/microchip/xc8/v2.40/avr/bin/../lib/gcc/avr/5.4.0/../../../../avr/lib/avr5/memx-const\libm.a(divsf3.o)
 .note.GNU-stack
                0x0000000000000000        0x0 d:/programdata/microchip/xc8/v2.40/avr/bin/../lib/gcc/avr/5.4.0/../../../../avr/lib/avr5/memx-const\libm.a(divsf3x.o)
 .note.GNU-stack
                0x0000000000000000        0x0 d:/programdata/microchip/xc8/v2.40/avr/bin/../lib/gcc/avr/5.4.0/../../../../avr/lib/avr5/memx-const\libm.a(fixsfsi.o)
 .note.GNU-stack
                0x0000000000000000        0x0 d:/programdata/microchip/xc8/v2.40/avr/bin/../lib/gcc/avr/5.4.0/../../../../avr/lib/avr5/memx-const\libm.a(fixunssfsi.o)
 .note.GNU-stack
                0x0000000000000000        0x0 d:/programdata/microchip/xc8/v2.40/avr/bin/../lib/gcc/avr/5.4.0/../../../../avr/lib/avr5/memx-const\libm.a(floatsisf.o)
 .note.GNU-stack
                0x0000000000000000        0x0 d:/programdata/microchip/xc8/v2.40/avr/bin/../lib/gcc/avr/5.4.0/../../../../avr/lib/avr5/memx-const\libm.a(fp_inf.o)
 .note.GNU-stack
                0x0000000000000000        0x0 d:/programdata/microchip/xc8/v2.40/avr/bin/../lib/gcc/avr/5.4.0/../../../../avr/lib/avr5/memx-const\libm.a(fp_nan.o)
 .note.GNU-stack
                0x0000000000000000        0x0 d:/programdata/microchip/xc8/v2.40/avr/bin/../lib/gcc/avr/5.4.0/../../../../avr/lib/avr5/memx-const\libm.a(fp_pscA.o)
 .note.GNU-stack
                0x0000000000000000        0x0 d:/programdata/microchip/xc8/v2.40/avr/bin/../lib/gcc/avr/5.4.0/../../../../avr/lib/avr5/memx-const\libm.a(fp_pscB.o)
 .note.GNU-stack
                0x0000000000000000        0x0 d:/programdata/microchip/xc8/v2.40/avr/bin/../lib/gcc/avr/5.4.0/../../../../avr/lib/avr5/memx-const\libm.a(fp_round.o)
 .note.GNU-stack
                0x0000000000000000        0x0 d:/programdata/microchip/xc8/v2.40/avr/bin/../lib/gcc/avr/5.4.0/../../../../avr/lib/avr5/memx-const\libm.a(fp_split3.o)
 .note.GNU-stack
                0x0000000000000000        0x0 d:/programdata/microchip/xc8/v2.40/avr/bin/../lib/gcc/avr/5.4.0/../../../../avr/lib/avr5/memx-const\libm.a(fp_zero.o)
 .note.GNU-stack
                0x0000000000000000        0x0 d:/programdata/microchip/xc8/v2.40/avr/bin/../lib/gcc/avr/5.4.0/../../../../avr/lib/avr5/memx-const\libm.a(gesf2.o)
 .note.GNU-stack
                0x0000000000000000        0x0 d:/programdata/microchip/xc8/v2.40/avr/bin/../lib/gcc/avr/5.4.0/../../../../avr/lib/avr5/memx-const\libm.a(mulsf3.o)
 .note.GNU-stack
                0x0000000000000000        0x0 d:/programdata/microchip/xc8/v2.40/avr/bin/../lib/gcc/avr/5.4.0/../../../../avr/lib/avr5/memx-const\libm.a(mulsf3x.o)
 .note.GNU-stack
                0x0000000000000000        0x0 d:/programdata/microchip/xc8/v2.40/avr/bin/../lib/gcc/avr/5.4.0/../../../../avr/lib/avr5/memx-const\libm.a(fp_cmp.o)
 .note.GNU-stack
                0x0000000000000000        0x0 d:/programdata/microchip/xc8/v2.40/avr/bin/../lib/gcc/avr/5.4.0/../../../../avr/lib/avr5/memx-const\libc.a(exit.o)
 .note.GNU-stack
                0x0000000000000000        0x0 d:/programdata/microchip/xc8/v2.40/avr/bin/../lib/gcc/avr/5.4.0/../../../../avr/lib/avr5/memx-const\libc.a(rand.o)
 .note.GNU-stack
                0x0000000000000000        0x0 d:/programdata/microchip/xc8/v2.40/avr/bin/../lib/gcc/avr/5.4.0/../../../../avr/lib/avr5/memx-const\libc.a(_Exit.o)

.note.gnu.build-id
 *(.note.gnu.build-id)

.debug
 *(.debug)

.line
 *(.line)

.debug_srcinfo
 *(.debug_srcinfo)

.debug_sfnames
 *(.debug_sfnames)

.debug_aranges  0x0000000000000000      0x250
 *(.debug_aranges)
 .debug_aranges
                0x0000000000000000       0x20 build/default/production/mcc_generated_files/src/cpuint.o
 .debug_aranges
                0x0000000000000020       0x78 build/default/production/mcc_generated_files/src/usart0.o
 .debug_aranges
                0x0000000000000098       0x20 build/default/production/mcc_generated_files/src/eeprom.o
 .debug_aranges
                0x00000000000000b8       0x28 build/default/production/mcc_generated_files/src/pin_manager.o
 .debug_aranges
                0x00000000000000e0       0x18 build/default/production/mcc_generated_files/device_config.o
 .debug_aranges
                0x00000000000000f8       0x38 build/default/production/mcc_generated_files/mcc.o
 .debug_aranges
                0x0000000000000130       0x20 build/default/production/main.o
 .debug_aranges
                0x0000000000000150       0x40 build/default/production/serialCommunication.o
 .debug_aranges
                0x0000000000000190       0x28 build/default/production/sigmoid.o
 .debug_aranges
                0x00000000000001b8       0x58 build/default/production/snake.o
 .debug_aranges
                0x0000000000000210       0x40 build/default/production/ai_short_float.o

.debug_pubnames
 *(.debug_pubnames)

.debug_info     0x0000000000000000     0x3214
 *(.debug_info .gnu.linkonce.wi.*)
 .debug_info    0x0000000000000000      0x5f4 D:/ProgramData/Microchip/MPLABX/v6.00/packs/Microchip/ATmega_DFP/2.4.131/xc8/avr/lib/avr5/memx-const/crtatmega328p.o
 .debug_info    0x00000000000005f4      0x271 build/default/production/mcc_generated_files/src/cpuint.o
 .debug_info    0x0000000000000865      0x414 build/default/production/mcc_generated_files/src/usart0.o
 .debug_info    0x0000000000000c79      0x282 build/default/production/mcc_generated_files/src/eeprom.o
 .debug_info    0x0000000000000efb      0x289 build/default/production/mcc_generated_files/src/pin_manager.o
 .debug_info    0x0000000000001184      0x26f build/default/production/mcc_generated_files/device_config.o
 .debug_info    0x00000000000013f3      0x35f build/default/production/mcc_generated_files/mcc.o
 .debug_info    0x0000000000001752      0x4b4 build/default/production/main.o
 .debug_info    0x0000000000001c06      0x444 build/default/production/serialCommunication.o
 .debug_info    0x000000000000204a      0x2e1 build/default/production/sigmoid.o
 .debug_info    0x000000000000232b      0x5c3 build/default/production/snake.o
 .debug_info    0x00000000000028ee      0x926 build/default/production/ai_short_float.o

.debug_abbrev   0x0000000000000000      0xd17
 *(.debug_abbrev)
 .debug_abbrev  0x0000000000000000      0x5a2 D:/ProgramData/Microchip/MPLABX/v6.00/packs/Microchip/ATmega_DFP/2.4.131/xc8/avr/lib/avr5/memx-const/crtatmega328p.o
 .debug_abbrev  0x00000000000005a2       0x46 build/default/production/mcc_generated_files/src/cpuint.o
 .debug_abbrev  0x00000000000005e8       0xa6 build/default/production/mcc_generated_files/src/usart0.o
 .debug_abbrev  0x000000000000068e       0x48 build/default/production/mcc_generated_files/src/eeprom.o
 .debug_abbrev  0x00000000000006d6       0x5c build/default/production/mcc_generated_files/src/pin_manager.o
 .debug_abbrev  0x0000000000000732       0x55 build/default/production/mcc_generated_files/device_config.o
 .debug_abbrev  0x0000000000000787       0xc5 build/default/production/mcc_generated_files/mcc.o
 .debug_abbrev  0x000000000000084c       0xc7 build/default/production/main.o
 .debug_abbrev  0x0000000000000913      0x101 build/default/production/serialCommunication.o
 .debug_abbrev  0x0000000000000a14       0x6f build/default/production/sigmoid.o
 .debug_abbrev  0x0000000000000a83      0x144 build/default/production/snake.o
 .debug_abbrev  0x0000000000000bc7      0x150 build/default/production/ai_short_float.o

.debug_line     0x0000000000000000     0x1191
 *(.debug_line .debug_line.* .debug_line_end)
 .debug_line    0x0000000000000000      0x137 D:/ProgramData/Microchip/MPLABX/v6.00/packs/Microchip/ATmega_DFP/2.4.131/xc8/avr/lib/avr5/memx-const/crtatmega328p.o
 .debug_line    0x0000000000000137       0xa6 build/default/production/mcc_generated_files/src/cpuint.o
 .debug_line    0x00000000000001dd      0x1ef build/default/production/mcc_generated_files/src/usart0.o
 .debug_line    0x00000000000003cc       0xac build/default/production/mcc_generated_files/src/eeprom.o
 .debug_line    0x0000000000000478       0xdf build/default/production/mcc_generated_files/src/pin_manager.o
 .debug_line    0x0000000000000557       0x82 build/default/production/mcc_generated_files/device_config.o
 .debug_line    0x00000000000005d9      0x163 build/default/production/mcc_generated_files/mcc.o
 .debug_line    0x000000000000073c      0x155 build/default/production/main.o
 .debug_line    0x0000000000000891      0x179 build/default/production/serialCommunication.o
 .debug_line    0x0000000000000a0a       0xeb build/default/production/sigmoid.o
 .debug_line    0x0000000000000af5      0x2fa build/default/production/snake.o
 .debug_line    0x0000000000000def      0x3a2 build/default/production/ai_short_float.o

.debug_frame    0x0000000000000000      0x4dc
 *(.debug_frame)
 .debug_frame   0x0000000000000000       0x24 build/default/production/mcc_generated_files/src/cpuint.o
 .debug_frame   0x0000000000000024       0xd4 build/default/production/mcc_generated_files/src/usart0.o
 .debug_frame   0x00000000000000f8       0x24 build/default/production/mcc_generated_files/src/eeprom.o
 .debug_frame   0x000000000000011c       0x34 build/default/production/mcc_generated_files/src/pin_manager.o
 .debug_frame   0x0000000000000150       0x60 build/default/production/mcc_generated_files/mcc.o
 .debug_frame   0x00000000000001b0       0x24 build/default/production/main.o
 .debug_frame   0x00000000000001d4       0x98 build/default/production/serialCommunication.o
 .debug_frame   0x000000000000026c       0x34 build/default/production/sigmoid.o
 .debug_frame   0x00000000000002a0       0xa8 build/default/production/snake.o
 .debug_frame   0x0000000000000348      0x194 build/default/production/ai_short_float.o

.debug_str      0x0000000000000000      0x344
 *(.debug_str)
 .debug_str     0x0000000000000000      0x208 D:/ProgramData/Microchip/MPLABX/v6.00/packs/Microchip/ATmega_DFP/2.4.131/xc8/avr/lib/avr5/memx-const/crtatmega328p.o
 .debug_str     0x0000000000000208        0x0 build/default/production/mcc_generated_files/src/cpuint.o
 .debug_str     0x0000000000000208        0x0 build/default/production/mcc_generated_files/src/usart0.o
 .debug_str     0x0000000000000208        0x0 build/default/production/mcc_generated_files/src/eeprom.o
 .debug_str     0x0000000000000208        0x0 build/default/production/mcc_generated_files/src/pin_manager.o
 .debug_str     0x0000000000000208        0x0 build/default/production/mcc_generated_files/device_config.o
 .debug_str     0x0000000000000208       0x4d build/default/production/mcc_generated_files/mcc.o
 .debug_str     0x0000000000000255       0xc0 build/default/production/main.o
 .debug_str     0x0000000000000315        0xd build/default/production/serialCommunication.o
 .debug_str     0x0000000000000322        0x0 build/default/production/sigmoid.o
 .debug_str     0x0000000000000322        0x0 build/default/production/snake.o
 .debug_str     0x0000000000000322       0x22 build/default/production/ai_short_float.o

.debug_loc      0x0000000000000000      0x842
 *(.debug_loc)
 .debug_loc     0x0000000000000000       0x76 build/default/production/main.o
 .debug_loc     0x0000000000000076      0x167 build/default/production/serialCommunication.o
 .debug_loc     0x00000000000001dd       0xa9 build/default/production/sigmoid.o
 .debug_loc     0x0000000000000286      0x2ed build/default/production/snake.o
 .debug_loc     0x0000000000000573      0x2cf build/default/production/ai_short_float.o

.debug_macinfo
 *(.debug_macinfo)

.debug_weaknames
 *(.debug_weaknames)

.debug_funcnames
 *(.debug_funcnames)

.debug_typenames
 *(.debug_typenames)

.debug_varnames
 *(.debug_varnames)

.debug_pubtypes
 *(.debug_pubtypes)

.debug_ranges   0x0000000000000000      0x1b0
 *(.debug_ranges)
 .debug_ranges  0x0000000000000000       0x10 build/default/production/mcc_generated_files/src/cpuint.o
 .debug_ranges  0x0000000000000010       0x68 build/default/production/mcc_generated_files/src/usart0.o
 .debug_ranges  0x0000000000000078       0x10 build/default/production/mcc_generated_files/src/eeprom.o
 .debug_ranges  0x0000000000000088       0x18 build/default/production/mcc_generated_files/src/pin_manager.o
 .debug_ranges  0x00000000000000a0       0x28 build/default/production/mcc_generated_files/mcc.o
 .debug_ranges  0x00000000000000c8       0x10 build/default/production/main.o
 .debug_ranges  0x00000000000000d8       0x30 build/default/production/serialCommunication.o
 .debug_ranges  0x0000000000000108       0x18 build/default/production/sigmoid.o
 .debug_ranges  0x0000000000000120       0x60 build/default/production/snake.o
 .debug_ranges  0x0000000000000180       0x30 build/default/production/ai_short_float.o

.debug_macro
 *(.debug_macro)
OUTPUT(dist/default/production/ATMEGA328P.X.production.elf elf32-avr)
LOAD linker stubs
LOAD data_init

.note.gnu.avr.deviceinfo
                0x0000000000000000       0x40
 .note.gnu.avr.deviceinfo
                0x0000000000000000       0x40 D:/ProgramData/Microchip/MPLABX/v6.00/packs/Microchip/ATmega_DFP/2.4.131/xc8/avr/lib/avr5/memx-const/crtatmega328p.o

.bss.remainingMoves
                0x00000000008002b4        0x1
 .bss.remainingMoves
                0x00000000008002b4        0x1 build/default/production/snake.o
                0x00000000008002b4                remainingMoves

.bss.foodPosition
                0x00000000008002b5        0x1
 .bss.foodPosition
                0x00000000008002b5        0x1 build/default/production/snake.o
                0x00000000008002b5                foodPosition

.bss.headPosition
                0x00000000008002b6        0x1
 .bss.headPosition
                0x00000000008002b6        0x1 build/default/production/snake.o
                0x00000000008002b6                headPosition

.bss.snakeSize  0x00000000008002b7        0x1
 .bss.snakeSize
                0x00000000008002b7        0x1 build/default/production/snake.o
                0x00000000008002b7                snakeSize

.bss.field      0x0000000000800220       0x10
 .bss.field     0x0000000000800220       0x10 build/default/production/snake.o
                0x0000000000800220                field

.bss.choice     0x00000000008002b8        0x1
 .bss.choice    0x00000000008002b8        0x1 build/default/production/ai_short_float.o
                0x00000000008002b8                choice

.bss.S          0x0000000000800230       0x10
 .bss.S         0x0000000000800230       0x10 build/default/production/ai_short_float.o
                0x0000000000800230                S

.bss.DC_DW1     0x0000000000800100       0x80
 .bss.DC_DW1    0x0000000000800100       0x80 build/default/production/ai_short_float.o
                0x0000000000800100                DC_DW1

.bss.DC_DB1     0x0000000000800240       0x10
 .bss.DC_DB1    0x0000000000800240       0x10 build/default/production/ai_short_float.o
                0x0000000000800240                DC_DB1

.bss.DC_DZ1     0x0000000000800250       0x10
 .bss.DC_DZ1    0x0000000000800250       0x10 build/default/production/ai_short_float.o
                0x0000000000800250                DC_DZ1

.bss.DC_DY1     0x0000000000800260       0x10
 .bss.DC_DY1    0x0000000000800260       0x10 build/default/production/ai_short_float.o
                0x0000000000800260                DC_DY1

.bss.W1         0x0000000000800180       0x80
 .bss.W1        0x0000000000800180       0x80 build/default/production/ai_short_float.o
                0x0000000000800180                W1

.bss.B1         0x0000000000800270       0x10
 .bss.B1        0x0000000000800270       0x10 build/default/production/ai_short_float.o
                0x0000000000800270                B1

.bss.Z1         0x0000000000800280       0x10
 .bss.Z1        0x0000000000800280       0x10 build/default/production/ai_short_float.o
                0x0000000000800280                Z1

.bss.Y1         0x0000000000800290       0x10
 .bss.Y1        0x0000000000800290       0x10 build/default/production/ai_short_float.o
                0x0000000000800290                Y1

.bss.Y0         0x0000000000800200       0x20
 .bss.Y0        0x0000000000800200       0x20 build/default/production/ai_short_float.o
                0x0000000000800200                Y0

.bss.input      0x00000000008002a8        0x8
 .bss.input     0x00000000008002a8        0x8 build/default/production/ai_short_float.o
                0x00000000008002a8                input

.bss.seed       0x00000000008002b0        0x4
 .bss.seed      0x00000000008002b0        0x4 d:/programdata/microchip/xc8/v2.40/avr/bin/../lib/gcc/avr/5.4.0/../../../../avr/lib/avr5/memx-const\libc.a(rand.o)

.progmemx.data  0x00000000000000ce       0x6d
 .progmemx.data
                0x00000000000000ce       0x6d build/default/production/ai_short_float.o

.progmemx.data  0x000000000000013b       0x13
 .progmemx.data
                0x000000000000013b       0x13 build/default/production/main.o

.progmemx.data.de_sigmoidValues
                0x000000000000014e       0x10
 .progmemx.data.de_sigmoidValues
                0x000000000000014e       0x10 build/default/production/sigmoid.o
                0x000000000000014e                de_sigmoidValues

.progmemx.data.sigmoidValues
                0x000000000000015e       0x10
 .progmemx.data.sigmoidValues
                0x000000000000015e       0x10 build/default/production/sigmoid.o
                0x000000000000015e                sigmoidValues

.text.ai_propagate
                0x000000000000016e      0x300
 .text.ai_propagate
                0x000000000000016e      0x300 build/default/production/ai_short_float.o
                0x000000000000016e                ai_propagate

.text.ai_printAI
                0x000000000000046e      0x22c
 .text.ai_printAI
                0x000000000000046e      0x22c build/default/production/ai_short_float.o
                0x000000000000046e                ai_printAI

.text.ai_run    0x000000000000069a      0x1d4
 .text.ai_run   0x000000000000069a      0x1d4 build/default/production/ai_short_float.o
                0x000000000000069a                ai_run

.text.snake_move
                0x000000000000086e      0x100
 .text.snake_move
                0x000000000000086e      0x100 build/default/production/snake.o
                0x000000000000086e                snake_move

.text           0x000000000000096e       0xde
 .text          0x000000000000096e       0xde d:/programdata/microchip/xc8/v2.40/avr/bin/../lib/gcc/avr/5.4.0/../../../../avr/lib/avr5/memx-const\libm.a(divsf3x.o)
                0x000000000000096e                __divsf3x
                0x0000000000000996                __divsf3_pse

.text.ai_initiate
                0x0000000000000a4c       0xd8
 .text.ai_initiate
                0x0000000000000a4c       0xd8 build/default/production/ai_short_float.o
                0x0000000000000a4c                ai_initiate

.text           0x0000000000000b24       0xd4
 .text          0x0000000000000b24       0xd4 d:/programdata/microchip/xc8/v2.40/avr/bin/../lib/gcc/avr/5.4.0/../../../../avr/lib/avr5/memx-const\libm.a(mulsf3x.o)
                0x0000000000000b24                __mulsf3x
                0x0000000000000b4a                __mulsf3_pse

.text           0x0000000000000bf8       0xce
 .text          0x0000000000000bf8       0xce d:/programdata/microchip/xc8/v2.40/avr/bin/../lib/gcc/avr/5.4.0/../../../../avr/lib/avr5/memx-const\libm.a(addsf3x.o)
                0x0000000000000bf8                __addsf3x

.text.snake_getSurroundings
                0x0000000000000cc6       0xc6
 .text.snake_getSurroundings
                0x0000000000000cc6       0xc6 build/default/production/snake.o
                0x0000000000000cc6                snake_getSurroundings

.text.main      0x0000000000000d8c       0x90
 .text.main     0x0000000000000d8c       0x90 build/default/production/main.o
                0x0000000000000d8c                main

.text           0x0000000000000e1c       0x7a
 .text          0x0000000000000e1c       0x7a d:/programdata/microchip/xc8/v2.40/avr/bin/../lib/gcc/avr/5.4.0/../../../../avr/lib/avr5/memx-const\libm.a(floatsisf.o)
                0x0000000000000e1c                __floatunsisf
                0x0000000000000e20                __floatsisf

.text.snake_initiate
                0x0000000000000e96       0x62
 .text.snake_initiate
                0x0000000000000e96       0x62 build/default/production/snake.o
                0x0000000000000e96                snake_initiate

.text           0x0000000000000ef8       0x5e
 .text          0x0000000000000ef8       0x5e d:/programdata/microchip/xc8/v2.40/avr/bin/../lib/gcc/avr/5.4.0/../../../../avr/lib/avr5/memx-const\libm.a(fixunssfsi.o)
                0x0000000000000ef8                __fixunssfsi

.text.sigmoid   0x0000000000000f56       0x4a
 .text.sigmoid  0x0000000000000f56       0x4a build/default/production/sigmoid.o
                0x0000000000000f56                sigmoid

.text           0x0000000000000fa0       0x48
 .text          0x0000000000000fa0       0x48 d:/programdata/microchip/xc8/v2.40/avr/bin/../lib/gcc/avr/5.4.0/../../../../avr/lib/avr5/memx-const\libm.a(fp_cmp.o)
                0x0000000000000fa0                __fp_cmp

.text.de_sigmoid
                0x0000000000000fe8       0x44
 .text.de_sigmoid
                0x0000000000000fe8       0x44 build/default/production/sigmoid.o
                0x0000000000000fe8                de_sigmoid

.text           0x000000000000102c       0x44
 .text          0x000000000000102c       0x44 d:/programdata/microchip/xc8/v2.40/avr/bin/../lib/gcc/avr/5.4.0/../../../../avr/lib/avr5/memx-const\libm.a(fp_split3.o)
                0x000000000000102c                __fp_split3
                0x000000000000103c                __fp_splitA

.text.printFloat
                0x0000000000001070       0x42
 .text.printFloat
                0x0000000000001070       0x42 build/default/production/serialCommunication.o
                0x0000000000001070                printFloat

.text.printString
                0x00000000000010b2       0x40
 .text.printString
                0x00000000000010b2       0x40 build/default/production/serialCommunication.o
                0x00000000000010b2                printString

.text.rand      0x00000000000010f2       0x3e
 .text.rand     0x00000000000010f2       0x3e d:/programdata/microchip/xc8/v2.40/avr/bin/../lib/gcc/avr/5.4.0/../../../../avr/lib/avr5/memx-const\libc.a(rand.o)
                0x00000000000010f2                rand

.text.print     0x0000000000001130       0x3a
 .text.print    0x0000000000001130       0x3a build/default/production/serialCommunication.o
                0x0000000000001130                print

.text           0x000000000000116a       0x22
 .text          0x000000000000116a       0x22 d:/programdata/microchip/xc8/v2.40/avr/bin/../lib/gcc/avr/5.4.0/../../../../avr/lib/avr5/memx-const\libm.a(fp_round.o)
                0x000000000000116a                __fp_round

.text.__vector_6
                0x000000000000118c       0x20
 .text.__vector_6
                0x000000000000118c       0x20 build/default/production/mcc_generated_files/mcc.o
                0x000000000000118c                __vector_6

.text.libgcc.mul
                0x00000000000011ac       0x20
 .text.libgcc.mul
                0x00000000000011ac       0x20 d:/programdata/microchip/xc8/v2.40/avr/bin/../lib/gcc/avr/5.4.0/avr5/memx-const\libgcc.a(_mulsi3.o)
                0x00000000000011ac                __mulsi3

.text.USART0_Initialize
                0x00000000000011cc       0x1e
 .text.USART0_Initialize
                0x00000000000011cc       0x1e build/default/production/mcc_generated_files/src/usart0.o
                0x00000000000011cc                USART0_Initialize

.text.libgcc.mul
                0x00000000000011ea       0x1e
 .text.libgcc.mul
                0x00000000000011ea       0x1e d:/programdata/microchip/xc8/v2.40/avr/bin/../lib/gcc/avr/5.4.0/avr5/memx-const\libgcc.a(_umulhisi3.o)
                0x00000000000011ea                __umulhisi3

.text.SYSTEM_Initialize
                0x0000000000001208       0x1a
 .text.SYSTEM_Initialize
                0x0000000000001208       0x1a build/default/production/mcc_generated_files/mcc.o
                0x0000000000001208                SYSTEM_Initialize

.text.PIN_MANAGER_Initialize
                0x0000000000001222       0x18
 .text.PIN_MANAGER_Initialize
                0x0000000000001222       0x18 build/default/production/mcc_generated_files/src/pin_manager.o
                0x0000000000001222                PIN_MANAGER_Initialize

.text.exit      0x000000000000123a       0x16
 .text.exit     0x000000000000123a       0x16 d:/programdata/microchip/xc8/v2.40/avr/bin/../lib/gcc/avr/5.4.0/../../../../avr/lib/avr5/memx-const\libc.a(exit.o)
                0x000000000000123a                exit

.text.libgcc.mul
                0x0000000000001250       0x16
 .text.libgcc.mul
                0x0000000000001250       0x16 d:/programdata/microchip/xc8/v2.40/avr/bin/../lib/gcc/avr/5.4.0/avr5/memx-const\libgcc.a(_muluhisi3.o)
                0x0000000000001250                __muluhisi3

.text.srand     0x0000000000001266       0x14
 .text.srand    0x0000000000001266       0x14 d:/programdata/microchip/xc8/v2.40/avr/bin/../lib/gcc/avr/5.4.0/../../../../avr/lib/avr5/memx-const\libc.a(rand.o)
                0x0000000000001266                srand

.text.USART0_Write
                0x000000000000127a       0x10
 .text.USART0_Write
                0x000000000000127a       0x10 build/default/production/mcc_generated_files/src/usart0.o
                0x000000000000127a                USART0_Write

.text           0x000000000000128a        0xe
 .text          0x000000000000128a        0xe d:/programdata/microchip/xc8/v2.40/avr/bin/../lib/gcc/avr/5.4.0/../../../../avr/lib/avr5/memx-const\libm.a(addsf3.o)
                0x000000000000128a                __subsf3
                0x000000000000128c                __addsf3

.text           0x0000000000001298        0xe
 .text          0x0000000000001298        0xe d:/programdata/microchip/xc8/v2.40/avr/bin/../lib/gcc/avr/5.4.0/../../../../avr/lib/avr5/memx-const\libm.a(fixsfsi.o)
                0x0000000000001298                __fixsfsi

.text           0x00000000000012a6        0xe
 .text          0x00000000000012a6        0xe d:/programdata/microchip/xc8/v2.40/avr/bin/../lib/gcc/avr/5.4.0/../../../../avr/lib/avr5/memx-const\libm.a(fp_pscA.o)
                0x00000000000012a6                __fp_pscA

.text           0x00000000000012b4        0xe
 .text          0x00000000000012b4        0xe d:/programdata/microchip/xc8/v2.40/avr/bin/../lib/gcc/avr/5.4.0/../../../../avr/lib/avr5/memx-const\libm.a(fp_pscB.o)
                0x00000000000012b4                __fp_pscB

.text           0x00000000000012c2        0xe
 .text          0x00000000000012c2        0xe d:/programdata/microchip/xc8/v2.40/avr/bin/../lib/gcc/avr/5.4.0/../../../../avr/lib/avr5/memx-const\libm.a(fp_zero.o)
                0x00000000000012c2                __fp_zero
                0x00000000000012c4                __fp_szero

.text.EEPROM_Initialize
                0x00000000000012d0        0xc
 .text.EEPROM_Initialize
                0x00000000000012d0        0xc build/default/production/mcc_generated_files/src/eeprom.o
                0x00000000000012d0                EEPROM_Initialize

.text.CPU_Initialize
                0x00000000000012dc        0xc
 .text.CPU_Initialize
                0x00000000000012dc        0xc build/default/production/mcc_generated_files/mcc.o
                0x00000000000012dc                CPU_Initialize

.text           0x00000000000012e8        0xc
 .text          0x00000000000012e8        0xc d:/programdata/microchip/xc8/v2.40/avr/bin/../lib/gcc/avr/5.4.0/../../../../avr/lib/avr5/memx-const\libm.a(fp_inf.o)
                0x00000000000012e8                __fp_inf

.text           0x00000000000012f4        0xa
 .text          0x00000000000012f4        0xa d:/programdata/microchip/xc8/v2.40/avr/bin/../lib/gcc/avr/5.4.0/../../../../avr/lib/avr5/memx-const\libm.a(gesf2.o)
                0x00000000000012f4                __gesf2
                0x00000000000012f4                __gtsf2

.text.CPUINT_Initialize
                0x00000000000012fe        0x8
 .text.CPUINT_Initialize
                0x00000000000012fe        0x8 build/default/production/mcc_generated_files/src/cpuint.o
                0x00000000000012fe                CPUINT_Initialize

.text.startMessage
                0x0000000000001306        0x8
 .text.startMessage
                0x0000000000001306        0x8 build/default/production/serialCommunication.o
                0x0000000000001306                startMessage

.text.endMessage
                0x000000000000130e        0x8
 .text.endMessage
                0x000000000000130e        0x8 build/default/production/serialCommunication.o
                0x000000000000130e                endMessage

.text           0x0000000000001316        0x8
 .text          0x0000000000001316        0x8 d:/programdata/microchip/xc8/v2.40/avr/bin/../lib/gcc/avr/5.4.0/../../../../avr/lib/avr5/memx-const\libm.a(divsf3.o)
                0x0000000000001316                __divsf3

.text           0x000000000000131e        0x8
 .text          0x000000000000131e        0x8 d:/programdata/microchip/xc8/v2.40/avr/bin/../lib/gcc/avr/5.4.0/../../../../avr/lib/avr5/memx-const\libm.a(mulsf3.o)
                0x000000000000131e                __mulsf3

.text.snake_getField
                0x0000000000001326        0x6
 .text.snake_getField
                0x0000000000001326        0x6 build/default/production/snake.o
                0x0000000000001326                snake_getField

.text.snake_getFoodPosition
                0x000000000000132c        0x6
 .text.snake_getFoodPosition
                0x000000000000132c        0x6 build/default/production/snake.o
                0x000000000000132c                snake_getFoodPosition

.text.ai_getInputField
                0x0000000000001332        0x6
 .text.ai_getInputField
                0x0000000000001332        0x6 build/default/production/ai_short_float.o
                0x0000000000001332                ai_getInputField

.text           0x0000000000001338        0x6
 .text          0x0000000000001338        0x6 d:/programdata/microchip/xc8/v2.40/avr/bin/../lib/gcc/avr/5.4.0/../../../../avr/lib/avr5/memx-const\libm.a(fp_nan.o)
                0x0000000000001338                __fp_nan

.text           0x000000000000133e        0x4
 .text          0x000000000000133e        0x4 D:/ProgramData/Microchip/MPLABX/v6.00/packs/Microchip/ATmega_DFP/2.4.131/xc8/avr/lib/avr5/memx-const/crtatmega328p.o
                0x000000000000133e                __vector_22
                0x000000000000133e                __vector_1
                0x000000000000133e                __vector_24
                0x000000000000133e                __vector_12
                0x000000000000133e                __bad_interrupt
                0x000000000000133e                __vector_3
                0x000000000000133e                __vector_23
                0x000000000000133e                __vector_25
                0x000000000000133e                __vector_11
                0x000000000000133e                __vector_13
                0x000000000000133e                __vector_17
                0x000000000000133e                __vector_19
                0x000000000000133e                __vector_7
                0x000000000000133e                __vector_5
                0x000000000000133e                __vector_4
                0x000000000000133e                __vector_9
                0x000000000000133e                __vector_2
                0x000000000000133e                __vector_21
                0x000000000000133e                __vector_15
                0x000000000000133e                __vector_8
                0x000000000000133e                __vector_14
                0x000000000000133e                __vector_10
                0x000000000000133e                __vector_16
                0x000000000000133e                __vector_18
                0x000000000000133e                __vector_20

.text._Exit     0x0000000000001342        0x4
 .text._Exit    0x0000000000001342        0x4 d:/programdata/microchip/xc8/v2.40/avr/bin/../lib/gcc/avr/5.4.0/../../../../avr/lib/avr5/memx-const\libc.a(_Exit.o)
                0x0000000000001342                _Exit

.text.__dummy_fini
                0x0000000000001346        0x2
 .text.__dummy_fini
                0x0000000000001346        0x2 d:/programdata/microchip/xc8/v2.40/avr/bin/../lib/gcc/avr/5.4.0/../../../../avr/lib/avr5/memx-const\libc.a(exit.o)
                0x0000000000001346                _fini

.text.__dummy_funcs_on_exit
                0x0000000000001348        0x2
 .text.__dummy_funcs_on_exit
                0x0000000000001348        0x2 d:/programdata/microchip/xc8/v2.40/avr/bin/../lib/gcc/avr/5.4.0/../../../../avr/lib/avr5/memx-const\libc.a(exit.o)
                0x0000000000001348                __funcs_on_exit

.text.__dummy_simulator_exit
                0x000000000000134a        0x2
 .text.__dummy_simulator_exit
                0x000000000000134a        0x2 d:/programdata/microchip/xc8/v2.40/avr/bin/../lib/gcc/avr/5.4.0/../../../../avr/lib/avr5/memx-const\libc.a(exit.o)
                0x000000000000134a                __simulator_exit

.data.snake_mapping
                0x00000000008002a0        0x8 load address 0x000000000000134c
 .data.snake_mapping
                0x00000000008002a0        0x8 build/default/production/snake.o
                0x00000000008002a0                snake_mapping
