Microchip MPLAB XC8 Compiler V2.40

Linker command line:

-W-3 \
  --edf=D:\ProgramData\Microchip\xc8\v2.40\pic\dat\20220703182018_en.msgs \
  -cn -h+dist/default/production\SnakeAI.production.sym \
  --cmf=dist/default/production\SnakeAI.production.cmf -z -Q16F1827 \
  -oC:\Users\160047~1\AppData\Local\Temp\xcAs56c.4 --defsym=__MPLAB_BUILD=1 \
  --fixupoverflow=error -Mdist/default/production/SnakeAI.production.map \
  --md=C:\Users\160047~1\AppData\Local\Temp\xcAs56c.dat -E1 \
  -ver=XC8 Compiler --acfsm=1493 -ACODE=00h-07FFhx2 -ASTRCODE=00h-0FFFh \
  -ASTRING=00h-0FFhx16 -ACONST=00h-0FFhx16 -AENTRY=00h-0FFhx16 \
  -ACOMMON=070h-07Fh -ABANK0=020h-06Fh -ABANK1=0A0h-0EFh \
  -ABANK2=0120h-016Fh -ABANK3=01A0h-01EFh -ABANK4=0220h-024Fh \
  -ABIGRAM=02000h-0216Fh \
  -ARAM=020h-06Fh,0A0h-0EFh,0120h-016Fh,01A0h-01EFh,0220h-024Fh \
  -AABS1=020h-07Fh,0A0h-0EFh,0120h-016Fh,01A0h-01EFh,0220h-024Fh \
  -ASFR0=00h-01Fh -ASFR1=080h-09Fh -ASFR2=0100h-011Fh -ASFR3=0180h-019Fh \
  -ASFR4=0200h-021Fh -ASFR5=0280h-02EFh -ASFR6=0300h-036Fh \
  -ASFR7=0380h-03EFh -ASFR8=0400h-046Fh -ASFR9=0480h-04EFh \
  -ASFR10=0500h-056Fh -ASFR11=0580h-05EFh -ASFR12=0600h-066Fh \
  -ASFR13=0680h-06EFh -ASFR14=0700h-076Fh -ASFR15=0780h-07EFh \
  -ASFR16=0800h-086Fh -ASFR17=0880h-08EFh -ASFR18=0900h-096Fh \
  -ASFR19=0980h-09EFh -ASFR20=0A00h-0A6Fh -ASFR21=0A80h-0AEFh \
  -ASFR22=0B00h-0B6Fh -ASFR23=0B80h-0BEFh -ASFR24=0C00h-0C6Fh \
  -ASFR25=0C80h-0CEFh -ASFR26=0D00h-0D6Fh -ASFR27=0D80h-0DEFh \
  -ASFR28=0E00h-0E6Fh -ASFR29=0E80h-0EEFh -ASFR30=0F00h-0F6Fh \
  -ASFR31=0F80h-0FEFh -ACONFIG=08007h-08008h -DCONFIG=2 \
  -AIDLOC=08000h-08003h -DIDLOC=2 -AEEDATA=00h-0FFh/0F000h \
  -peeprom_data=EEDATA -DEEDATA=2 -DCODE=2 -DSTRCODE=2 -DSTRING=2 -DCONST=2 \
  -DENTRY=2 -preset_vec=00h,intentry,init,end_init -ppowerup=CODE \
  -pcinit=CODE -pfunctab=ENTRY -k \
  C:\Users\160047~1\AppData\Local\Temp\xcAs56c.o \
  dist/default/production\SnakeAI.production.o 

Object code version is 3.11

Machine type is 16F1827



                Name                               Link     Load   Length Selector   Space Scale
C:\Users\160047~1\AppData\Local\Temp\xcAs56c.o
                end_init                              2        2        2        0       0
                reset_vec                             0        0        2        0       0
                config                             8007     8007        2        0       4
                idloc                              8000     8000        4        0       5
dist/default/production\SnakeAI.production.o
                cinit                               7D1      7D1       2F      FA2       0
                config                             8007     8007        2        0       4
                idloc                              8000     8000        4        0       5
                text32                              D97      D97        6     1B2E       0
                text31                              D9D      D9D        6     1B3A       0
                text30                              DA3      DA3        6     1B46       0
                text29                              E7B      E7B       22     1CF6       0
                text28                              DB5      DB5        7     1B6A       0
                text27                              E29      E29       18     1C52       0
                text26                              DCE      DCE        C     1B9C       0
                text25                              D8E      D8E        4     1B1C       0
                text24                              DE7      DE7       10     1BCE       0
                text23                              D89      D89        2     1B12       0
                text22                              EFB      EFB       33     1DF6       0
                text21                              F2E      F2E       35     1E5C       0
                text20                               18       18       6E       30       0
                text19                              FA1      FA1       5F     1F42       0
                text18                              E5B      E5B       20     1CB6       0
                text17                              DF7      DF7       10     1BEE       0
                text16                              548      548      289      A90       0
                text15                              E07      E07       10     1C0E       0
                text14                              219      219      13E      432       0
                text13                              DDA      DDA        D     1BB4       0
                text12                              D92      D92        5     1B24       0
                text11                              E41      E41       1A     1C82       0
                text10                              F63      F63       3E     1EC6       0
                text9                               E17      E17       12     1C2E       0
                text8                                 6        6       12        C       0
                text7                               E9D      E9D       2E     1D3A       0
                text6                                 4        4        2        0       0
                text5                               D8B      D8B        3     1B16       0
                text4                                86       86       C1      10C       0
                text3                               DC4      DC4        A     1B88       0
                text2                               ECB      ECB       30     1D96       0
                text1                               147      147       D2      28E       0
                maintext                            357      357      1F1      6AE       0
                cstackBANK0                          20       20       29       20       1
                cstackCOMMON                         70       70        E       70       1
                clrtext                             DA9      DA9        6     1B52       0
                inittext                            DAF      DAF        6     1B5E       0
                bssBANK3                            1A0      1A0       40      1A0       1
                bssBANK2                            120      120       50      120       1
                dataBANK1                            E0       E0        8       A0       1
                bssBANK1                             A0       A0       40       A0       1
                bssBANK0                             49       49       26       20       1
                nvBANK1                              E8       E8        6       A0       1
                stringtext3                         820      820        4     1000       0
                stringtext2                         810      810       10     1000       0
                stringtext1                         800      800       10     1000       0
                idataBANK1                          DBC      DBC        8     1B78       0

TOTAL           Name                               Link     Load   Length     Space
        CLASS   CODE           
                end_init                              2        2        2         0
                cinit                               7D1      7D1       2F         0
                reset_vec                             0        0        2         0
                text32                              D97      D97        6         0
                text31                              D9D      D9D        6         0
                text30                              DA3      DA3        6         0
                text29                              E7B      E7B       22         0
                text28                              DB5      DB5        7         0
                text27                              E29      E29       18         0
                text26                              DCE      DCE        C         0
                text25                              D8E      D8E        4         0
                text24                              DE7      DE7       10         0
                text23                              D89      D89        2         0
                text22                              EFB      EFB       33         0
                text21                              F2E      F2E       35         0
                text20                               18       18       6E         0
                text19                              FA1      FA1       5F         0
                text18                              E5B      E5B       20         0
                text17                              DF7      DF7       10         0
                text16                              548      548      289         0
                text15                              E07      E07       10         0
                text14                              219      219      13E         0
                text13                              DDA      DDA        D         0
                text12                              D92      D92        5         0
                text11                              E41      E41       1A         0
                text10                              F63      F63       3E         0
                text9                               E17      E17       12         0
                text8                                 6        6       12         0
                text7                               E9D      E9D       2E         0
                text6                                 4        4        2         0
                text5                               D8B      D8B        3         0
                text4                                86       86       C1         0
                text3                               DC4      DC4        A         0
                text2                               ECB      ECB       30         0
                text1                               147      147       D2         0
                maintext                            357      357      1F1         0
                clrtext                             DA9      DA9        6         0
                inittext                            DAF      DAF        6         0
                idataBANK1                          DBC      DBC        8         0

        CLASS   STRCODE        
                stringtext3                         820      820        4         0
                stringtext2                         810      810       10         0
                stringtext1                         800      800       10         0

        CLASS   STRING         

        CLASS   CONST          

        CLASS   ENTRY          

        CLASS   COMMON         
                cstackCOMMON                         70       70        E         1

        CLASS   BANK0          
                cstackBANK0                          20       20       29         1
                bssBANK0                             49       49       26         1

        CLASS   BANK1          
                dataBANK1                            E0       E0        8         1
                bssBANK1                             A0       A0       40         1
                nvBANK1                              E8       E8        6         1

        CLASS   BANK2          
                bssBANK2                            120      120       50         1

        CLASS   BANK3          
                bssBANK3                            1A0      1A0       40         1

        CLASS   BANK4          

        CLASS   BIGRAM         

        CLASS   RAM            

        CLASS   ABS1           
                abs_s1                               7E       7E        2         1

        CLASS   SFR0           

        CLASS   SFR1           

        CLASS   SFR2           

        CLASS   SFR3           

        CLASS   SFR4           

        CLASS   SFR5           

        CLASS   SFR6           

        CLASS   SFR7           

        CLASS   SFR8           

        CLASS   SFR9           

        CLASS   SFR10          

        CLASS   SFR11          

        CLASS   SFR12          

        CLASS   SFR13          

        CLASS   SFR14          

        CLASS   SFR15          

        CLASS   SFR16          

        CLASS   SFR17          

        CLASS   SFR18          

        CLASS   SFR19          

        CLASS   SFR20          

        CLASS   SFR21          

        CLASS   SFR22          

        CLASS   SFR23          

        CLASS   SFR24          

        CLASS   SFR25          

        CLASS   SFR26          

        CLASS   SFR27          

        CLASS   SFR28          

        CLASS   SFR29          

        CLASS   SFR30          

        CLASS   SFR31          

        CLASS   CONFIG         
                config                             8007     8007        2         4

        CLASS   IDLOC          
                idloc                              8000     8000        4         5

        CLASS   EEDATA         

        CLASS   BANK31         

        CLASS   BANK30         

        CLASS   BANK29         

        CLASS   BANK28         

        CLASS   BANK27         

        CLASS   BANK26         

        CLASS   BANK25         

        CLASS   BANK24         

        CLASS   BANK23         

        CLASS   BANK22         

        CLASS   BANK21         

        CLASS   BANK20         

        CLASS   BANK19         

        CLASS   BANK18         

        CLASS   BANK17         

        CLASS   BANK16         

        CLASS   BANK15         

        CLASS   BANK14         

        CLASS   BANK13         

        CLASS   BANK12         

        CLASS   BANK11         

        CLASS   BANK10         

        CLASS   BANK9          

        CLASS   BANK8          

        CLASS   BANK7          

        CLASS   BANK6          

        CLASS   BANK5          

        CLASS   HEAP           

        CLASS   STACK          



SEGMENTS        Name                           Load    Length   Top    Selector   Space  Class     Delta

                reset_vec                      000000  000006  000006         0       0  CODE        2
                text8                          000006  000012  000018         C       0  CODE        2
                cstackBANK0                    000020  00004F  00006F        20       1  BANK0       1
                text20                         000018  00006E  000086        30       0  CODE        2
                cstackCOMMON                   000070  00000E  00007E        70       1  COMMON      1
                bssBANK1                       0000A0  00004E  0000EE        A0       1  BANK1       1
                text4                          000086  0000C1  000147       10C       0  CODE        2
                bssBANK2                       000120  000050  000170       120       1  BANK2       1
                bssBANK3                       0001A0  000040  0001E0       1A0       1  BANK3       1
                text1                          000147  0000D2  000219       28E       0  CODE        2
                text14                         000219  00013E  000357       432       0  CODE        2
                maintext                       000357  0001F1  000548       6AE       0  CODE        2
                text16                         000548  000289  0007D1       A90       0  CODE        2
                cinit                          0007D1  00002F  000800       FA2       0  CODE        2
                stringtext1                    000800  000024  000824      1000       0  STRCODE     2
                text23                         000D89  000002  000D8B      1B12       0  CODE        2
                text5                          000D8B  000003  000D8E      1B16       0  CODE        2
                text25                         000D8E  000004  000D92      1B1C       0  CODE        2
                text12                         000D92  000005  000D97      1B24       0  CODE        2
                text32                         000D97  000006  000D9D      1B2E       0  CODE        2
                text31                         000D9D  000006  000DA3      1B3A       0  CODE        2
                text30                         000DA3  000006  000DA9      1B46       0  CODE        2
                clrtext                        000DA9  000006  000DAF      1B52       0  CODE        2
                inittext                       000DAF  000006  000DB5      1B5E       0  CODE        2
                text28                         000DB5  000007  000DBC      1B6A       0  CODE        2
                idataBANK1                     000DBC  000008  000DC4      1B78       0  CODE        2
                text3                          000DC4  00000A  000DCE      1B88       0  CODE        2
                text26                         000DCE  00000C  000DDA      1B9C       0  CODE        2
                text13                         000DDA  00000D  000DE7      1BB4       0  CODE        2
                text24                         000DE7  000010  000DF7      1BCE       0  CODE        2
                text17                         000DF7  000010  000E07      1BEE       0  CODE        2
                text15                         000E07  000010  000E17      1C0E       0  CODE        2
                text9                          000E17  000012  000E29      1C2E       0  CODE        2
                text27                         000E29  000018  000E41      1C52       0  CODE        2
                text11                         000E41  00001A  000E5B      1C82       0  CODE        2
                text18                         000E5B  000020  000E7B      1CB6       0  CODE        2
                text29                         000E7B  000022  000E9D      1CF6       0  CODE        2
                text7                          000E9D  00002E  000ECB      1D3A       0  CODE        2
                text2                          000ECB  000030  000EFB      1D96       0  CODE        2
                text22                         000EFB  000033  000F2E      1DF6       0  CODE        2
                text21                         000F2E  000035  000F63      1E5C       0  CODE        2
                text10                         000F63  00003E  000FA1      1EC6       0  CODE        2
                text19                         000FA1  00005F  001000      1F42       0  CODE        2


UNUSED ADDRESS RANGES

        Name                Unused          Largest block    Delta
        BANK0            0006F-0006F               1           1
        BANK1            000EE-000EF               2           1
        BANK3            001E0-001EF              10           1
        BANK4            00220-0024F              30           1
        BIGRAM           02000-0216F             170           1
        CODE             00824-00D88             565           2
        CONST            00824-00D88             100           2
        EEDATA           0F000-0F0FF             100           2
        ENTRY            00824-00D88             100           2
        RAM              0006F-0006F               1           1
                         000EE-000EF               2
                         001E0-001EF              10
                         00220-0024F              30
        SFR0             00000-0001F              20           1
        SFR1             00080-0009F              20           1
        SFR10            00500-0056F              70           1
        SFR11            00580-005EF              70           1
        SFR12            00600-0066F              70           1
        SFR13            00680-006EF              70           1
        SFR14            00700-0076F              70           1
        SFR15            00780-007EF              70           1
        SFR16            00800-0086F              70           1
        SFR17            00880-008EF              70           1
        SFR18            00900-0096F              70           1
        SFR19            00980-009EF              70           1
        SFR2             00100-0011F              20           1
        SFR20            00A00-00A6F              70           1
        SFR21            00A80-00AEF              70           1
        SFR22            00B00-00B6F              70           1
        SFR23            00B80-00BEF              70           1
        SFR24            00C00-00C6F              70           1
        SFR25            00C80-00CEF              70           1
        SFR26            00D00-00D6F              70           1
        SFR27            00D80-00DEF              70           1
        SFR28            00E00-00E6F              70           1
        SFR29            00E80-00EEF              70           1
        SFR3             00180-0019F              20           1
        SFR30            00F00-00F6F              70           1
        SFR31            00F80-00FEF              70           1
        SFR4             00200-0021F              20           1
        SFR5             00280-002EF              70           1
        SFR6             00300-0036F              70           1
        SFR7             00380-003EF              70           1
        SFR8             00400-0046F              70           1
        SFR9             00480-004EF              70           1
        STRCODE          00824-00D88             565           2
        STRING           00824-00D88             100           2

                                  Symbol Table

?___awdiv                                      cstackCOMMON 00072
?___lmul                                       cstackCOMMON 00070
?___wmul                                       cstackBANK0  00020
?_rand                                         cstackCOMMON 0007C
EUSART_SetErrorHandler@interruptHandler        cstackCOMMON 00070
EUSART_SetFramingErrorHandler@interruptHandler cstackCOMMON 00070
EUSART_SetOverrunErrorHandler@interruptHandler cstackCOMMON 00070
SPI1_WriteByte@byte                            cstackCOMMON 00070
_ANSELA                                        (abs)        0018C
_ANSELB                                        (abs)        0018D
_APFCON0                                       (abs)        0011D
_APFCON1                                       (abs)        0011E
_B1                                            bssBANK1     000CC
_B2                                            bssBANK1     000C8
_BAUDCON                                       (abs)        0019F
_BORCON                                        (abs)        00116
_DC_DB1                                        bssBANK1     000A8
_DC_DB2                                        bssBANK1     000B4
_DC_DW1                                        bssBANK3     001A0
_DC_DW2                                        bssBANK2     00140
_DC_DY1                                        bssBANK1     000B0
_DC_DY2                                        bssBANK1     000C4
_DC_DZ1                                        bssBANK1     000AC
_DC_DZ2                                        bssBANK0     00049
_EEADRH                                        (abs)        00192
_EEADRL                                        (abs)        00191
_EECON1bits                                    (abs)        00195
_EECON2                                        (abs)        00196
_EEDATH                                        (abs)        00194
_EEDATL                                        (abs)        00193
_EUSART_DefaultErrorHandler                    (abs)        00000
_EUSART_DefaultFramingErrorHandler             (abs)        00000
_EUSART_DefaultOverrunErrorHandler             (abs)        00000
_EUSART_ErrorHandler                           nvBANK1      000E8
_EUSART_FramingErrorHandler                    nvBANK1      000EC
_EUSART_Initialize                             text29       00E7B
_EUSART_OverrunErrorHandler                    nvBANK1      000EA
_EUSART_SetErrorHandler                        text32       00D97
_EUSART_SetFramingErrorHandler                 text31       00D9D
_EUSART_SetOverrunErrorHandler                 text30       00DA3
_INTCONbits                                    (abs)        0000B
_LATA                                          (abs)        0010C
_LATAbits                                      (abs)        0010C
_LATB                                          (abs)        0010D
_LATBbits                                      (abs)        0010D
_OPTION_REGbits                                (abs)        00095
_OSCCON                                        (abs)        00099
_OSCILLATOR_Initialize                         text28       00DB5
_OSCTUNE                                       (abs)        00098
_PIN_MANAGER_Initialize                        text27       00E29
_PIR1bits                                      (abs)        00011
_RCREG                                         (abs)        00199
_RCSTA                                         (abs)        0019D
_RCSTAbits                                     (abs)        0019D
_SPBRGH                                        (abs)        0019C
_SPBRGL                                        (abs)        0019B
_SPI1_Initialize                               text26       00DCE
_SPI1_WriteByte                                text12       00D92
_SSP1ADD                                       (abs)        00212
_SSP1BUF                                       (abs)        00211
_SSP1CON1                                      (abs)        00215
_SSP1CON1bits                                  (abs)        00215
_SSP1CON2                                      (abs)        00216
_SSP1STAT                                      (abs)        00214
_SYSTEM_Initialize                             text24       00DE7
_TRISA                                         (abs)        0008C
_TRISAbits                                     (abs)        0008C
_TRISB                                         (abs)        0008D
_TRISBbits                                     (abs)        0008D
_TXREG                                         (abs)        0019A
_TXSTA                                         (abs)        0019E
_TXSTAbits                                     (abs)        0019E
_W1                                            bssBANK2     00120
_W2                                            bssBANK2     00160
_WDTCON                                        (abs)        00097
_WDT_Initialize                                text25       00D8E
_WPUA                                          (abs)        0020C
_WPUB                                          (abs)        0020D
_Y0                                            bssBANK0     00063
_Y1                                            bssBANK0     00059
_Y2                                            bssBANK0     00055
_Z1                                            bssBANK0     00051
_Z2                                            bssBANK0     0004D
__Habs1                                        abs1         00000
__Hbank0                                       bank0        00000
__Hbank1                                       bank1        00000
__Hbank10                                      bank10       00000
__Hbank11                                      bank11       00000
__Hbank12                                      bank12       00000
__Hbank13                                      bank13       00000
__Hbank14                                      bank14       00000
__Hbank15                                      bank15       00000
__Hbank16                                      bank16       00000
__Hbank17                                      bank17       00000
__Hbank18                                      bank18       00000
__Hbank19                                      bank19       00000
__Hbank2                                       bank2        00000
__Hbank20                                      bank20       00000
__Hbank21                                      bank21       00000
__Hbank22                                      bank22       00000
__Hbank23                                      bank23       00000
__Hbank24                                      bank24       00000
__Hbank25                                      bank25       00000
__Hbank26                                      bank26       00000
__Hbank27                                      bank27       00000
__Hbank28                                      bank28       00000
__Hbank29                                      bank29       00000
__Hbank3                                       bank3        00000
__Hbank30                                      bank30       00000
__Hbank31                                      bank31       00000
__Hbank4                                       bank4        00000
__Hbank5                                       bank5        00000
__Hbank6                                       bank6        00000
__Hbank7                                       bank7        00000
__Hbank8                                       bank8        00000
__Hbank9                                       bank9        00000
__Hbigram                                      bigram       00000
__HbssBANK0                                    bssBANK0     00000
__HbssBANK1                                    bssBANK1     00000
__HbssBANK2                                    bssBANK2     00000
__HbssBANK3                                    bssBANK3     00000
__Hcinit                                       cinit        00800
__Hclrtext                                     clrtext      00000
__Hcode                                        code         00000
__Hcommon                                      common       00000
__Hconfig                                      config       08009
__HcstackBANK0                                 cstackBANK0  00000
__HcstackCOMMON                                cstackCOMMON 00000
__HdataBANK1                                   dataBANK1    00000
__Heeprom_data                                 eeprom_data  00000
__Hend_init                                    end_init     00004
__Hfunctab                                     functab      00000
__Hheap                                        heap         00000
__HidataBANK1                                  idataBANK1   00000
__Hidloc                                       idloc        08004
__Hinit                                        init         00002
__Hinittext                                    inittext     00000
__Hintentry                                    intentry     00002
__Hmaintext                                    maintext     00000
__HnvBANK1                                     nvBANK1      00000
__Hpowerup                                     powerup      00000
__Hram                                         ram          00000
__Hreset_vec                                   reset_vec    00002
__Hsfr0                                        sfr0         00000
__Hsfr1                                        sfr1         00000
__Hsfr10                                       sfr10        00000
__Hsfr11                                       sfr11        00000
__Hsfr12                                       sfr12        00000
__Hsfr13                                       sfr13        00000
__Hsfr14                                       sfr14        00000
__Hsfr15                                       sfr15        00000
__Hsfr16                                       sfr16        00000
__Hsfr17                                       sfr17        00000
__Hsfr18                                       sfr18        00000
__Hsfr19                                       sfr19        00000
__Hsfr2                                        sfr2         00000
__Hsfr20                                       sfr20        00000
__Hsfr21                                       sfr21        00000
__Hsfr22                                       sfr22        00000
__Hsfr23                                       sfr23        00000
__Hsfr24                                       sfr24        00000
__Hsfr25                                       sfr25        00000
__Hsfr26                                       sfr26        00000
__Hsfr27                                       sfr27        00000
__Hsfr28                                       sfr28        00000
__Hsfr29                                       sfr29        00000
__Hsfr3                                        sfr3         00000
__Hsfr30                                       sfr30        00000
__Hsfr31                                       sfr31        00000
__Hsfr4                                        sfr4         00000
__Hsfr5                                        sfr5         00000
__Hsfr6                                        sfr6         00000
__Hsfr7                                        sfr7         00000
__Hsfr8                                        sfr8         00000
__Hsfr9                                        sfr9         00000
__Hspace_0                                     (abs)        01000
__Hspace_1                                     (abs)        001E0
__Hspace_2                                     (abs)        00000
__Hspace_3                                     (abs)        00000
__Hspace_4                                     (abs)        10010
__Hstack                                       stack        00000
__Hstrings                                     strings      00000
__Hstringtext1                                 stringtext1  00000
__Hstringtext2                                 stringtext2  00000
__Hstringtext3                                 stringtext3  00000
__Htext                                        text         00000
__Labs1                                        abs1         00000
__Lbank0                                       bank0        00000
__Lbank1                                       bank1        00000
__Lbank10                                      bank10       00000
__Lbank11                                      bank11       00000
__Lbank12                                      bank12       00000
__Lbank13                                      bank13       00000
__Lbank14                                      bank14       00000
__Lbank15                                      bank15       00000
__Lbank16                                      bank16       00000
__Lbank17                                      bank17       00000
__Lbank18                                      bank18       00000
__Lbank19                                      bank19       00000
__Lbank2                                       bank2        00000
__Lbank20                                      bank20       00000
__Lbank21                                      bank21       00000
__Lbank22                                      bank22       00000
__Lbank23                                      bank23       00000
__Lbank24                                      bank24       00000
__Lbank25                                      bank25       00000
__Lbank26                                      bank26       00000
__Lbank27                                      bank27       00000
__Lbank28                                      bank28       00000
__Lbank29                                      bank29       00000
__Lbank3                                       bank3        00000
__Lbank30                                      bank30       00000
__Lbank31                                      bank31       00000
__Lbank4                                       bank4        00000
__Lbank5                                       bank5        00000
__Lbank6                                       bank6        00000
__Lbank7                                       bank7        00000
__Lbank8                                       bank8        00000
__Lbank9                                       bank9        00000
__Lbigram                                      bigram       00000
__LbssBANK0                                    bssBANK0     00000
__LbssBANK1                                    bssBANK1     00000
__LbssBANK2                                    bssBANK2     00000
__LbssBANK3                                    bssBANK3     00000
__Lcinit                                       cinit        007D1
__Lclrtext                                     clrtext      00000
__Lcode                                        code         00000
__Lcommon                                      common       00000
__Lconfig                                      config       00000
__LcstackBANK0                                 cstackBANK0  00000
__LcstackCOMMON                                cstackCOMMON 00000
__LdataBANK1                                   dataBANK1    00000
__Leeprom_data                                 eeprom_data  00000
__Lend_init                                    end_init     00002
__Lfunctab                                     functab      00000
__Lheap                                        heap         00000
__LidataBANK1                                  idataBANK1   00000
__Lidloc                                       idloc        00000
__Linit                                        init         00002
__Linittext                                    inittext     00000
__Lintentry                                    intentry     00002
__Lmaintext                                    maintext     00000
__LnvBANK1                                     nvBANK1      00000
__Lpowerup                                     powerup      00000
__Lram                                         ram          00000
__Lreset_vec                                   reset_vec    00000
__Lsfr0                                        sfr0         00000
__Lsfr1                                        sfr1         00000
__Lsfr10                                       sfr10        00000
__Lsfr11                                       sfr11        00000
__Lsfr12                                       sfr12        00000
__Lsfr13                                       sfr13        00000
__Lsfr14                                       sfr14        00000
__Lsfr15                                       sfr15        00000
__Lsfr16                                       sfr16        00000
__Lsfr17                                       sfr17        00000
__Lsfr18                                       sfr18        00000
__Lsfr19                                       sfr19        00000
__Lsfr2                                        sfr2         00000
__Lsfr20                                       sfr20        00000
__Lsfr21                                       sfr21        00000
__Lsfr22                                       sfr22        00000
__Lsfr23                                       sfr23        00000
__Lsfr24                                       sfr24        00000
__Lsfr25                                       sfr25        00000
__Lsfr26                                       sfr26        00000
__Lsfr27                                       sfr27        00000
__Lsfr28                                       sfr28        00000
__Lsfr29                                       sfr29        00000
__Lsfr3                                        sfr3         00000
__Lsfr30                                       sfr30        00000
__Lsfr31                                       sfr31        00000
__Lsfr4                                        sfr4         00000
__Lsfr5                                        sfr5         00000
__Lsfr6                                        sfr6         00000
__Lsfr7                                        sfr7         00000
__Lsfr8                                        sfr8         00000
__Lsfr9                                        sfr9         00000
__Lspace_0                                     (abs)        00000
__Lspace_1                                     (abs)        00000
__Lspace_2                                     (abs)        00000
__Lspace_3                                     (abs)        00000
__Lspace_4                                     (abs)        00000
__Lstack                                       stack        00000
__Lstrings                                     strings      00000
__Lstringtext1                                 stringtext1  00000
__Lstringtext2                                 stringtext2  00000
__Lstringtext3                                 stringtext3  00000
__Ltext                                        text         00000
__S0                                           (abs)        01000
__S1                                           (abs)        001E0
__S3                                           (abs)        00000
___awdiv                                       text19       00FA1
___awdiv@counter                               cstackCOMMON 00077
___awdiv@dividend                              cstackCOMMON 00074
___awdiv@divisor                               cstackCOMMON 00072
___awdiv@quotient                              cstackCOMMON 00079
___awdiv@sign                                  cstackCOMMON 00078
___heap_hi                                     (abs)        00000
___heap_lo                                     (abs)        00000
___int_sp                                      stack        00000
___latbits                                     (abs)        00001
___lmul                                        text22       00EFB
___lmul@multiplicand                           cstackCOMMON 00074
___lmul@multiplier                             cstackCOMMON 00070
___lmul@product                                cstackCOMMON 00078
___sp                                          stack        00000
___stackhi                                     (abs)        00000
___stacklo                                     (abs)        00000
___wmul                                        text18       00E5B
___wmul@multiplicand                           cstackBANK0  00022
___wmul@multiplier                             cstackBANK0  00020
___wmul@product                                cstackCOMMON 0007B
__end_of_EUSART_Initialize                     text29       00E9D
__end_of_EUSART_SetErrorHandler                text32       00D9D
__end_of_EUSART_SetFramingErrorHandler         text31       00DA3
__end_of_EUSART_SetOverrunErrorHandler         text30       00DA9
__end_of_OSCILLATOR_Initialize                 text28       00DBC
__end_of_PIN_MANAGER_Initialize                text27       00E41
__end_of_SPI1_Initialize                       text26       00DDA
__end_of_SPI1_WriteByte                        text12       00D97
__end_of_SYSTEM_Initialize                     text24       00DF7
__end_of_WDT_Initialize                        text25       00D92
__end_of___awdiv                               text19       01000
__end_of___lmul                                text22       00F2E
__end_of___wmul                                text18       00E7B
__end_of__initialization                       cinit        007FD
__end_of_ai_getInputField                      text23       00D8B
__end_of_ai_initiate                           text20       00086
__end_of_ai_propagate                          text16       007D1
__end_of_ai_run                                text14       00357
__end_of_de_sigmoid                            text17       00E07
__end_of_de_sigmoidValues                      stringtext1  00810
__end_of_deactivateElevator                    text13       00DE7
__end_of_initMAX7219                           text10       00FA1
__end_of_ledClear                              text9        00E29
__end_of_ledSet                                text8        00018
__end_of_main                                  maintext     00548
__end_of_rand                                  text21       00F63
__end_of_sendMatrix                            text7        00ECB
__end_of_sigmoid                               text15       00E17
__end_of_sigmoidValues                         stringtext2  00820
__end_of_snake_getField                        text6        00006
__end_of_snake_getFoodPosition                 text5        00D8E
__end_of_snake_getSurroundings                 text4        00147
__end_of_snake_initiate                        text2        00EFB
__end_of_snake_move                            text1        00219
__end_of_spi1_configuration                    stringtext3  00824
__end_of_srand                                 text3        00DCE
__end_of_txMAX7219                             text11       00E5B
__initialization                               cinit        007D1
__pbssBANK0                                    bssBANK0     00049
__pbssBANK1                                    bssBANK1     000A0
__pbssBANK2                                    bssBANK2     00120
__pbssBANK3                                    bssBANK3     001A0
__pcstackBANK0                                 cstackBANK0  00020
__pcstackCOMMON                                cstackCOMMON 00070
__pdataBANK1                                   dataBANK1    000E0
__pidataBANK1                                  idataBANK1   00DBC
__pmaintext                                    maintext     00357
__pnvBANK1                                     nvBANK1      000E8
__pstringtext1                                 stringtext1  00800
__pstringtext2                                 stringtext2  00810
__pstringtext3                                 stringtext3  00820
__ptext1                                       text1        00147
__ptext10                                      text10       00F63
__ptext11                                      text11       00E41
__ptext12                                      text12       00D92
__ptext13                                      text13       00DDA
__ptext14                                      text14       00219
__ptext15                                      text15       00E07
__ptext16                                      text16       00548
__ptext17                                      text17       00DF7
__ptext18                                      text18       00E5B
__ptext19                                      text19       00FA1
__ptext2                                       text2        00ECB
__ptext20                                      text20       00018
__ptext21                                      text21       00F2E
__ptext22                                      text22       00EFB
__ptext23                                      text23       00D89
__ptext24                                      text24       00DE7
__ptext25                                      text25       00D8E
__ptext26                                      text26       00DCE
__ptext27                                      text27       00E29
__ptext28                                      text28       00DB5
__ptext29                                      text29       00E7B
__ptext3                                       text3        00DC4
__ptext30                                      text30       00DA3
__ptext31                                      text31       00D9D
__ptext32                                      text32       00D97
__ptext4                                       text4        00086
__ptext5                                       text5        00D8B
__ptext6                                       text6        00004
__ptext7                                       text7        00E9D
__ptext8                                       text8        00006
__ptext9                                       text9        00E17
_ai_getInputField                              text23       00D89
_ai_initiate                                   text20       00018
_ai_propagate                                  text16       00548
_ai_propagate$1579                             cstackBANK0  00035
_ai_run                                        text14       00219
_choice                                        bssBANK0     00060
_de_sigmoid                                    text17       00DF7
_de_sigmoidValues                              stringtext1  00800
_deactivateElevator                            text13       00DDA
_eusartRxLastError                             bssBANK0     00062
_field                                         bssBANK1     000D0
_foodPosition                                  bssBANK0     0005E
_headPosition                                  bssBANK0     0005F
_initMAX7219                                   text10       00F63
_ledClear                                      text9        00E17
_ledSet                                        text8        00006
_main                                          maintext     00357
_mapping                                       dataBANK1    000E0
_matrix                                        bssBANK1     000A0
_rand                                          text21       00F2E
_remainingMoves                                bssBANK0     0005D
_seed                                          bssBANK0     0006B
_sendMatrix                                    text7        00E9D
_sigmoid                                       text15       00E07
_sigmoidValues                                 stringtext2  00810
_snakeSize                                     bssBANK0     00061
_snake_getField                                text6        00004
_snake_getFoodPosition                         text5        00D8B
_snake_getSurroundings                         text4        00086
_snake_initiate                                text2        00ECB
_snake_move                                    text1        00147
_spi1_configuration                            stringtext3  00820
_srand                                         text3        00DC4
_txMAX7219                                     text11       00E41
ai_initiate@i                                  cstackBANK0  00027
ai_initiate@i_870                              cstackBANK0  00028
ai_initiate@j                                  cstackBANK0  00029
ai_initiate@j_869                              cstackBANK0  0002A
ai_propagate@S                                 cstackBANK0  0002A
ai_propagate@i                                 cstackBANK0  0002F
ai_propagate@i_884                             cstackBANK0  00030
ai_propagate@i_889                             cstackBANK0  00038
ai_propagate@i_891                             cstackBANK0  00032
ai_propagate@i_893                             cstackBANK0  00033
ai_propagate@i_895                             cstackBANK0  00034
ai_propagate@incentive                         cstackBANK0  0002E
ai_propagate@j                                 cstackBANK0  00037
ai_propagate@j_886                             cstackBANK0  00031
ai_propagate@j_888                             cstackBANK0  0003C
ai_propagate@j_890                             cstackBANK0  0003B
ai_propagate@j_892                             cstackBANK0  00039
ai_propagate@j_894                             cstackBANK0  0003A
ai_run@i                                       cstackBANK0  00027
ai_run@i_876                                   cstackBANK0  00028
ai_run@i_878                                   cstackBANK0  00029
ai_run@i_879                                   cstackBANK0  0002A
ai_run@j                                       cstackBANK0  0002D
ai_run@j_877                                   cstackBANK0  0002E
ai_run@z                                       cstackBANK0  0002B
btemp                                          (abs)        0007E
clear_ram0                                     clrtext      00DA9
de_sigmoid@z                                   cstackCOMMON 00071
end_of_initialization                          cinit        007FD
init_ram                                       inittext     00DAF
intlevel0                                      functab      00000
intlevel1                                      functab      00000
intlevel2                                      functab      00000
intlevel3                                      functab      00000
intlevel4                                      functab      00000
intlevel5                                      functab      00000
ledClear@c                                     cstackCOMMON 00070
ledClear@l                                     cstackCOMMON 00073
ledSet@c                                       cstackCOMMON 0007B
ledSet@l                                       cstackBANK0  00020
main@choice                                    cstackBANK0  00042
main@field                                     cstackBANK0  00040
main@foodPosition                              cstackBANK0  00041
main@foodPosition_672                          cstackBANK0  00043
main@i                                         cstackBANK0  00045
main@i_670                                     cstackBANK0  00047
main@incentive                                 cstackBANK0  00044
main@j                                         cstackBANK0  00046
main@j_671                                     cstackBANK0  00048
reset_vec                                      reset_vec    00000
sendMatrix@b                                   cstackCOMMON 00074
sendMatrix@i                                   cstackCOMMON 00077
sendMatrix@j                                   cstackCOMMON 00076
sendMatrix@nb                                  cstackCOMMON 00075
sigmoid@z                                      cstackCOMMON 00071
snake_getSurroundings@cf                       cstackBANK0  00022
snake_getSurroundings@ch                       cstackBANK0  00025
snake_getSurroundings@i                        cstackBANK0  00023
snake_getSurroundings@i_804                    cstackBANK0  00026
snake_getSurroundings@lf                       cstackBANK0  00021
snake_getSurroundings@lh                       cstackBANK0  00024
snake_getSurroundings@p                        cstackBANK0  00020
snake_getSurroundings@surroundings             cstackBANK0  00027
snake_initiate@i                               cstackBANK0  00025
snake_move@direction                           cstackBANK0  00028
snake_move@i                                   cstackBANK0  0002A
snake_move@incentive                           cstackBANK0  00029
srand@s                                        cstackCOMMON 00070
start                                          init         00002
start_initialization                           cinit        007D1
txMAX7219@addr0                                cstackCOMMON 00072
txMAX7219@dat0                                 cstackCOMMON 00071
wtemp0                                         (abs)        0007E


MODULE INFORMATION

Module		Function		Class		Link	Load	Size
D:\ProgramData\Microchip\xc8\v2.40\pic\sources\c99\common\Umul16.c
		___wmul        		CODE           	0E5B	0000	32

D:\ProgramData\Microchip\xc8\v2.40\pic\sources\c99\common\Umul16.c estimated size: 32

sigmoid.c
		_sigmoid       		CODE           	0E07	0000	16
		_de_sigmoid    		CODE           	0DF7	0000	16

sigmoid.c estimated size: 32

ledMatrix.c
		_ledSet        		CODE           	0006	0000	18
		_initMAX7219   		CODE           	0F63	0000	62
		_sendMatrix    		CODE           	0E9D	0000	46
		_txMAX7219     		CODE           	0E41	0000	26
		_ledClear      		CODE           	0E17	0000	18

ledMatrix.c estimated size: 170

D:\ProgramData\Microchip\xc8\v2.40\pic\sources\c99\common\Umul32.c
		___lmul        		CODE           	0EFB	0000	51

D:\ProgramData\Microchip\xc8\v2.40\pic\sources\c99\common\Umul32.c estimated size: 51

mcc_generated_files/pin_manager.c
		_PIN_MANAGER_Initialize		CODE           	0E29	0000	24

mcc_generated_files/pin_manager.c estimated size: 24

snake.c
		_snake_move    		CODE           	0147	0000	210
		_snake_getField		CODE           	0004	0000	2
		_snake_initiate		CODE           	0ECB	0000	48
		_snake_getFoodPosition		CODE           	0D8B	0000	3
		_snake_getSurroundings		CODE           	0086	0000	193

snake.c estimated size: 456

mcc_generated_files/spi1.c
		_SPI1_WriteByte		CODE           	0D92	0000	5
		_SPI1_Initialize		CODE           	0DCE	0000	12

mcc_generated_files/spi1.c estimated size: 17

shared
		__initialization		CODE           	07D1	0000	44
		_sigmoidValues 		STRCODE        	0810	0000	16
		_spi1_configuration		STRCODE        	0820	0000	4
		_de_sigmoidValues		STRCODE        	0800	0000	16

shared estimated size: 80

mcc_generated_files/mcc.c
		_WDT_Initialize		CODE           	0D8E	0000	4
		_OSCILLATOR_Initialize		CODE           	0DB5	0000	7
		_SYSTEM_Initialize		CODE           	0DE7	0000	16

mcc_generated_files/mcc.c estimated size: 27

D:\ProgramData\Microchip\xc8\v2.40\pic\sources\c99\common\awdiv.c
		___awdiv       		CODE           	0FA1	0000	95

D:\ProgramData\Microchip\xc8\v2.40\pic\sources\c99\common\awdiv.c estimated size: 95

ai.c
		_ai_run        		CODE           	0219	0000	318
		_ai_initiate   		CODE           	0018	0000	110
		_ai_getInputField		CODE           	0D89	0000	2
		_ai_propagate  		CODE           	0548	0000	649

ai.c estimated size: 1079

D:\ProgramData\Microchip\xc8\v2.40\pic\sources\c99\common\rand.c
		_srand         		CODE           	0DC4	0000	10
		_rand          		CODE           	0F2E	0000	53

D:\ProgramData\Microchip\xc8\v2.40\pic\sources\c99\common\rand.c estimated size: 63

mcc_generated_files/eusart.c
		_EUSART_Initialize		CODE           	0E7B	0000	34
		_EUSART_SetFramingErrorHandler		CODE           	0D9D	0000	6
		_EUSART_SetErrorHandler		CODE           	0D97	0000	6
		_EUSART_SetOverrunErrorHandler		CODE           	0DA3	0000	6

mcc_generated_files/eusart.c estimated size: 52

main.c
		_deactivateElevator		CODE           	0DDA	0000	13
		_main          		CODE           	0357	0000	497

main.c estimated size: 510

