Microchip MPLAB XC8 Compiler V2.40

Linker command line:

-W-3 \
  --edf=D:\ProgramData\Microchip\xc8\v2.40\pic\dat\20220703182018_en.msgs \
  -cn -h+dist/default/production\SnakeAI.production.sym \
  --cmf=dist/default/production\SnakeAI.production.cmf -z -Q16F1827 \
  -oC:\Users\160047~1\AppData\Local\Temp\xcAs9cc.4 --defsym=__MPLAB_BUILD=1 \
  --fixupoverflow=error -Mdist/default/production/SnakeAI.production.map \
  --md=C:\Users\160047~1\AppData\Local\Temp\xcAs9cc.dat -E1 \
  -ver=XC8 Compiler --acfsm=1493 -ACODE=00h-07FFhx2 -ASTRCODE=00h-0FFFh \
  -ASTRING=00h-0FFhx16 -ACONST=00h-0FFhx16 -AENTRY=00h-0FFhx16 \
  -ACOMMON=070h-07Fh -ABANK0=020h-06Fh -ABANK1=0A0h-0EFh \
  -ABANK2=0120h-016Fh -ABANK3=01A0h-01EFh -ABANK4=0220h-024Fh \
  -ABIGRAM=02000h-0216Fh \
  -ARAM=020h-06Fh,0A0h-0EFh,0120h-016Fh,01A0h-01EFh,0220h-024Fh \
  -AABS1=020h-07Fh,0A0h-0EFh,0120h-016Fh,01A0h-01EFh,0220h-024Fh \
  -ASFR0=00h-01Fh -ASFR1=080h-09Fh -ASFR2=0100h-011Fh -ASFR3=0180h-019Fh \
  -ASFR4=0200h-021Fh -ASFR5=0280h-02EFh -ASFR6=0300h-036Fh \
  -ASFR7=0380h-03EFh -ASFR8=0400h-046Fh -ASFR9=0480h-04EFh \
  -ASFR10=0500h-056Fh -ASFR11=0580h-05EFh -ASFR12=0600h-066Fh \
  -ASFR13=0680h-06EFh -ASFR14=0700h-076Fh -ASFR15=0780h-07EFh \
  -ASFR16=0800h-086Fh -ASFR17=0880h-08EFh -ASFR18=0900h-096Fh \
  -ASFR19=0980h-09EFh -ASFR20=0A00h-0A6Fh -ASFR21=0A80h-0AEFh \
  -ASFR22=0B00h-0B6Fh -ASFR23=0B80h-0BEFh -ASFR24=0C00h-0C6Fh \
  -ASFR25=0C80h-0CEFh -ASFR26=0D00h-0D6Fh -ASFR27=0D80h-0DEFh \
  -ASFR28=0E00h-0E6Fh -ASFR29=0E80h-0EEFh -ASFR30=0F00h-0F6Fh \
  -ASFR31=0F80h-0FEFh -ACONFIG=08007h-08008h -DCONFIG=2 \
  -AIDLOC=08000h-08003h -DIDLOC=2 -AEEDATA=00h-0FFh/0F000h \
  -peeprom_data=EEDATA -DEEDATA=2 -DCODE=2 -DSTRCODE=2 -DSTRING=2 -DCONST=2 \
  -DENTRY=2 -preset_vec=00h,intentry,init,end_init -ppowerup=CODE \
  -pcinit=CODE -pfunctab=ENTRY -k \
  C:\Users\160047~1\AppData\Local\Temp\xcAs9cc.o \
  dist/default/production\SnakeAI.production.o 

Object code version is 3.11

Machine type is 16F1827



                Name                               Link     Load   Length Selector   Space Scale
C:\Users\160047~1\AppData\Local\Temp\xcAs9cc.o
                end_init                              2        2        2        0       0
                reset_vec                             0        0        2        0       0
                config                             8007     8007        2        0       4
                idloc                              8000     8000        4        0       5
dist/default/production\SnakeAI.production.o
                cinit                               7BC      7BC       44      F78       0
                config                             8007     8007        2        0       4
                idloc                              8000     8000        4        0       5
                text41                              E73      E73        6     1CE6       0
                text40                              E79      E79        6     1CF2       0
                text39                                4        4        6        0       0
                text38                              FDE      FDE       22     1FBC       0
                text37                              E7F      E7F        7     1CFE       0
                text36                              F8D      F8D       18     1F1A       0
                text35                              EAE      EAE        C     1D5C       0
                text34                              E6A      E6A        4     1CD4       0
                text33                              EFD      EFD       10     1DFA       0
                text32                              E63      E63        2     1CC6       0
                text31                              131      131       60      262       0
                text30                              FBF      FBF       1F     1F7E       0
                text29                              F63      F63       15     1EC6       0
                text28                              E86      E86        7     1D0C       0
                text27                               32       32       2A       64       0
                text26                              E9C      E9C        9     1D38       0
                text25                              E8D      E8D        7     1D1A       0
                text24                              EA5      EA5        9     1D4A       0
                text23                              F0D      F0D       10     1E1A       0
                text22                              EE0      EE0        E     1DC0       0
                text21                              F2D      F2D       11     1E5A       0
                text20                              F78      F78       15     1EF0       0
                text19                              EC6      EC6        D     1D8C       0
                text18                              EEE      EEE        F     1DDC       0
                text17                              4D1      4D1      2EB      9A2       0
                text16                              F1D      F1D       10     1E3A       0
                text15                              3C2      3C2      10F      784       0
                text14                              ED3      ED3        D     1DA6       0
                text13                              E6E      E6E        5     1CDC       0
                text12                              FA5      FA5       1A     1F4A       0
                text11                               F3       F3       3E      1E6       0
                text10                              F50      F50       13     1EA0       0
                text9                               F3E      F3E       12     1E7C       0
                text8                                5C       5C       2F       B8       0
                text7                               E65      E65        2     1CCA       0
                text6                               E67      E67        3     1CCE       0
                text5                               23F      23F       B6      47E       0
                text4                                8B       8B       33      116       0
                text3                                BE       BE       35      17C       0
                text2                                 A        A       28       14       0
                text1                               191      191       AE      322       0
                maintext                            2F5      2F5       CD      5EA       0
                cstackBANK0                          20       20       34       20       1
                cstackCOMMON                         70       70        E       70       1
                clrtext                             EBA      EBA        C     1D74       0
                dataBANK2                           160      160        8      120       1
                bssBANK2                            120      120       40      120       1
                bssBANK1                             A0       A0       50       A0       1
                bssBANK0                             54       54       19       20       1
                nvBANK2                             168      168        4      120       1
                nvBANK0                              6D       6D        2       20       1
                stringtext3                         820      820        4     1000       0
                stringtext2                         810      810       10     1000       0
                stringtext1                         800      800       10     1000       0
                idataBANK2                          E94      E94        8     1D28       0

TOTAL           Name                               Link     Load   Length     Space
        CLASS   CODE           
                end_init                              2        2        2         0
                cinit                               7BC      7BC       44         0
                reset_vec                             0        0        2         0
                text41                              E73      E73        6         0
                text40                              E79      E79        6         0
                text39                                4        4        6         0
                text38                              FDE      FDE       22         0
                text37                              E7F      E7F        7         0
                text36                              F8D      F8D       18         0
                text35                              EAE      EAE        C         0
                text34                              E6A      E6A        4         0
                text33                              EFD      EFD       10         0
                text32                              E63      E63        2         0
                text31                              131      131       60         0
                text30                              FBF      FBF       1F         0
                text29                              F63      F63       15         0
                text28                              E86      E86        7         0
                text27                               32       32       2A         0
                text26                              E9C      E9C        9         0
                text25                              E8D      E8D        7         0
                text24                              EA5      EA5        9         0
                text23                              F0D      F0D       10         0
                text22                              EE0      EE0        E         0
                text21                              F2D      F2D       11         0
                text20                              F78      F78       15         0
                text19                              EC6      EC6        D         0
                text18                              EEE      EEE        F         0
                text17                              4D1      4D1      2EB         0
                text16                              F1D      F1D       10         0
                text15                              3C2      3C2      10F         0
                text14                              ED3      ED3        D         0
                text13                              E6E      E6E        5         0
                text12                              FA5      FA5       1A         0
                text11                               F3       F3       3E         0
                text10                              F50      F50       13         0
                text9                               F3E      F3E       12         0
                text8                                5C       5C       2F         0
                text7                               E65      E65        2         0
                text6                               E67      E67        3         0
                text5                               23F      23F       B6         0
                text4                                8B       8B       33         0
                text3                                BE       BE       35         0
                text2                                 A        A       28         0
                text1                               191      191       AE         0
                maintext                            2F5      2F5       CD         0
                clrtext                             EBA      EBA        C         0
                idataBANK2                          E94      E94        8         0

        CLASS   STRCODE        
                stringtext3                         820      820        4         0
                stringtext2                         810      810       10         0
                stringtext1                         800      800       10         0

        CLASS   STRING         

        CLASS   CONST          

        CLASS   ENTRY          

        CLASS   COMMON         
                cstackCOMMON                         70       70        E         1

        CLASS   BANK0          
                cstackBANK0                          20       20       34         1
                bssBANK0                             54       54       19         1
                nvBANK0                              6D       6D        2         1

        CLASS   BANK1          
                bssBANK1                             A0       A0       50         1

        CLASS   BANK2          
                dataBANK2                           160      160        8         1
                bssBANK2                            120      120       40         1
                nvBANK2                             168      168        4         1

        CLASS   BANK3          

        CLASS   BANK4          

        CLASS   BIGRAM         

        CLASS   RAM            

        CLASS   ABS1           
                abs_s1                               7E       7E        2         1
                abs_s1                              1B0      1B0       40         1
                abs_s1                              220      220       30         1
                abs_s1                             2100     2100        0         1

        CLASS   SFR0           

        CLASS   SFR1           

        CLASS   SFR2           

        CLASS   SFR3           

        CLASS   SFR4           

        CLASS   SFR5           

        CLASS   SFR6           

        CLASS   SFR7           

        CLASS   SFR8           

        CLASS   SFR9           

        CLASS   SFR10          

        CLASS   SFR11          

        CLASS   SFR12          

        CLASS   SFR13          

        CLASS   SFR14          

        CLASS   SFR15          

        CLASS   SFR16          

        CLASS   SFR17          

        CLASS   SFR18          

        CLASS   SFR19          

        CLASS   SFR20          

        CLASS   SFR21          

        CLASS   SFR22          

        CLASS   SFR23          

        CLASS   SFR24          

        CLASS   SFR25          

        CLASS   SFR26          

        CLASS   SFR27          

        CLASS   SFR28          

        CLASS   SFR29          

        CLASS   SFR30          

        CLASS   SFR31          

        CLASS   CONFIG         
                config                             8007     8007        2         4

        CLASS   IDLOC          
                idloc                              8000     8000        4         5

        CLASS   EEDATA         

        CLASS   BANK31         

        CLASS   BANK30         

        CLASS   BANK29         

        CLASS   BANK28         

        CLASS   BANK27         

        CLASS   BANK26         

        CLASS   BANK25         

        CLASS   BANK24         

        CLASS   BANK23         

        CLASS   BANK22         

        CLASS   BANK21         

        CLASS   BANK20         

        CLASS   BANK19         

        CLASS   BANK18         

        CLASS   BANK17         

        CLASS   BANK16         

        CLASS   BANK15         

        CLASS   BANK14         

        CLASS   BANK13         

        CLASS   BANK12         

        CLASS   BANK11         

        CLASS   BANK10         

        CLASS   BANK9          

        CLASS   BANK8          

        CLASS   BANK7          

        CLASS   BANK6          

        CLASS   BANK5          

        CLASS   HEAP           

        CLASS   STACK          



SEGMENTS        Name                           Load    Length   Top    Selector   Space  Class     Delta

                reset_vec                      000000  00000A  00000A         0       0  CODE        2
                text2                          00000A  000028  000032        14       0  CODE        2
                cstackBANK0                    000020  00004F  00006F        20       1  BANK0       1
                text27                         000032  00002A  00005C        64       0  CODE        2
                cstackCOMMON                   000070  00000E  00007E        70       1  COMMON      1
                bssBANK1                       0000A0  000050  0000F0        A0       1  BANK1       1
                text8                          00005C  00002F  00008B        B8       0  CODE        2
                text4                          00008B  000033  0000BE       116       0  CODE        2
                bssBANK2                       000120  00004C  00016C       120       1  BANK2       1
                text3                          0000BE  000035  0000F3       17C       0  CODE        2
                text11                         0000F3  00003E  000131       1E6       0  CODE        2
                text31                         000131  000060  000191       262       0  CODE        2
                text1                          000191  0000AE  00023F       322       0  CODE        2
                text5                          00023F  0000B6  0002F5       47E       0  CODE        2
                maintext                       0002F5  0000CD  0003C2       5EA       0  CODE        2
                text15                         0003C2  00010F  0004D1       784       0  CODE        2
                text17                         0004D1  0002EB  0007BC       9A2       0  CODE        2
                cinit                          0007BC  000044  000800       F78       0  CODE        2
                stringtext1                    000800  000024  000824      1000       0  STRCODE     2
                text32                         000E63  000002  000E65      1CC6       0  CODE        2
                text7                          000E65  000002  000E67      1CCA       0  CODE        2
                text6                          000E67  000003  000E6A      1CCE       0  CODE        2
                text34                         000E6A  000004  000E6E      1CD4       0  CODE        2
                text13                         000E6E  000005  000E73      1CDC       0  CODE        2
                text41                         000E73  000006  000E79      1CE6       0  CODE        2
                text40                         000E79  000006  000E7F      1CF2       0  CODE        2
                text37                         000E7F  000007  000E86      1CFE       0  CODE        2
                text28                         000E86  000007  000E8D      1D0C       0  CODE        2
                text25                         000E8D  000007  000E94      1D1A       0  CODE        2
                idataBANK2                     000E94  000008  000E9C      1D28       0  CODE        2
                text26                         000E9C  000009  000EA5      1D38       0  CODE        2
                text24                         000EA5  000009  000EAE      1D4A       0  CODE        2
                text35                         000EAE  00000C  000EBA      1D5C       0  CODE        2
                clrtext                        000EBA  00000C  000EC6      1D74       0  CODE        2
                text19                         000EC6  00000D  000ED3      1D8C       0  CODE        2
                text14                         000ED3  00000D  000EE0      1DA6       0  CODE        2
                text22                         000EE0  00000E  000EEE      1DC0       0  CODE        2
                text18                         000EEE  00000F  000EFD      1DDC       0  CODE        2
                text33                         000EFD  000010  000F0D      1DFA       0  CODE        2
                text23                         000F0D  000010  000F1D      1E1A       0  CODE        2
                text16                         000F1D  000010  000F2D      1E3A       0  CODE        2
                text21                         000F2D  000011  000F3E      1E5A       0  CODE        2
                text9                          000F3E  000012  000F50      1E7C       0  CODE        2
                text10                         000F50  000013  000F63      1EA0       0  CODE        2
                text29                         000F63  000015  000F78      1EC6       0  CODE        2
                text20                         000F78  000015  000F8D      1EF0       0  CODE        2
                text36                         000F8D  000018  000FA5      1F1A       0  CODE        2
                text12                         000FA5  00001A  000FBF      1F4A       0  CODE        2
                text30                         000FBF  00001F  000FDE      1F7E       0  CODE        2
                text38                         000FDE  000022  001000      1FBC       0  CODE        2


UNUSED ADDRESS RANGES

        Name                Unused          Largest block    Delta
        BANK0            0006F-0006F               1           1
        BANK2            0016C-0016F               4           1
        BANK3            001A0-001AF              10           1
        BIGRAM           02000-0216F             170           1
        CODE             00824-00E62             63F           2
        CONST            00824-00E62             100           2
        EEDATA           0F000-0F0FF             100           2
        ENTRY            00824-00E62             100           2
        RAM              0006F-0006F               1           1
                         0016C-0016F               4
                         001A0-001AF              10
        SFR0             00000-0001F              20           1
        SFR1             00080-0009F              20           1
        SFR10            00500-0056F              70           1
        SFR11            00580-005EF              70           1
        SFR12            00600-0066F              70           1
        SFR13            00680-006EF              70           1
        SFR14            00700-0076F              70           1
        SFR15            00780-007EF              70           1
        SFR16            00800-0086F              70           1
        SFR17            00880-008EF              70           1
        SFR18            00900-0096F              70           1
        SFR19            00980-009EF              70           1
        SFR2             00100-0011F              20           1
        SFR20            00A00-00A6F              70           1
        SFR21            00A80-00AEF              70           1
        SFR22            00B00-00B6F              70           1
        SFR23            00B80-00BEF              70           1
        SFR24            00C00-00C6F              70           1
        SFR25            00C80-00CEF              70           1
        SFR26            00D00-00D6F              70           1
        SFR27            00D80-00DEF              70           1
        SFR28            00E00-00E6F              70           1
        SFR29            00E80-00EEF              70           1
        SFR3             00180-0019F              20           1
        SFR30            00F00-00F6F              70           1
        SFR31            00F80-00FEF              70           1
        SFR4             00200-0021F              20           1
        SFR5             00280-002EF              70           1
        SFR6             00300-0036F              70           1
        SFR7             00380-003EF              70           1
        SFR8             00400-0046F              70           1
        SFR9             00480-004EF              70           1
        STRCODE          00824-00E62             63F           2
        STRING           00824-00E62             100           2

                                  Symbol Table

?___awdiv                                      cstackBANK0  00020
?___lmul                                       cstackCOMMON 00070
?___wmul                                       cstackCOMMON 00077
?_rand                                         cstackCOMMON 0007C
EUSART_SetErrorHandler@interruptHandler        cstackCOMMON 00070
EUSART_SetFramingErrorHandler@interruptHandler cstackCOMMON 00070
EUSART_SetOverrunErrorHandler@interruptHandler cstackCOMMON 00070
SPI1_WriteByte@byte                            cstackCOMMON 00070
_ANSELA                                        (abs)        0018C
_ANSELB                                        (abs)        0018D
_APFCON0                                       (abs)        0011D
_APFCON1                                       (abs)        0011E
_BAUDCON                                       (abs)        0019F
_BORCON                                        (abs)        00116
_DB1                                           bssBANK2     00144
_DB2                                           bssBANK0     00054
_DW1                                           (abs)        02100
_DW2                                           bssBANK2     00120
_DY1                                           bssBANK2     0014B
_DY2                                           bssBANK0     00058
_EEADR                                         (abs)        00191
_EEADRH                                        (abs)        00192
_EEADRL                                        (abs)        00191
_EECON1                                        (abs)        00195
_EECON1bits                                    (abs)        00195
_EECON2                                        (abs)        00196
_EEDATA                                        (abs)        00193
_EEDATH                                        (abs)        00194
_EEDATL                                        (abs)        00193
_EUSART_DefaultErrorHandler                    (abs)        00000
_EUSART_DefaultFramingErrorHandler             (abs)        00000
_EUSART_DefaultOverrunErrorHandler             (abs)        00000
_EUSART_ErrorHandler                           nvBANK2      00168
_EUSART_FramingErrorHandler                    nvBANK0      0006D
_EUSART_Initialize                             text38       00FDE
_EUSART_OverrunErrorHandler                    nvBANK2      0016A
_EUSART_SetErrorHandler                        text41       00E73
_EUSART_SetFramingErrorHandler                 text40       00E79
_EUSART_SetOverrunErrorHandler                 text39       00004
_INTCONbits                                    (abs)        0000B
_LATA                                          (abs)        0010C
_LATAbits                                      (abs)        0010C
_LATB                                          (abs)        0010D
_LATBbits                                      (abs)        0010D
_OPTION_REGbits                                (abs)        00095
_OSCCON                                        (abs)        00099
_OSCILLATOR_Initialize                         text37       00E7F
_OSCTUNE                                       (abs)        00098
_PIN_MANAGER_Initialize                        text36       00F8D
_PIR1bits                                      (abs)        00011
_RCREG                                         (abs)        00199
_RCSTA                                         (abs)        0019D
_RCSTAbits                                     (abs)        0019D
_SPBRGH                                        (abs)        0019C
_SPBRGL                                        (abs)        0019B
_SPI1_Initialize                               text35       00EAE
_SPI1_WriteByte                                text13       00E6E
_SSP1ADD                                       (abs)        00212
_SSP1BUF                                       (abs)        00211
_SSP1CON1                                      (abs)        00215
_SSP1CON1bits                                  (abs)        00215
_SSP1CON2                                      (abs)        00216
_SSP1STAT                                      (abs)        00214
_STATUSbits                                    (abs)        00003
_SYSTEM_Initialize                             text33       00EFD
_TRISA                                         (abs)        0008C
_TRISAbits                                     (abs)        0008C
_TRISB                                         (abs)        0008D
_TRISBbits                                     (abs)        0008D
_TXREG                                         (abs)        0019A
_TXSTA                                         (abs)        0019E
_TXSTAbits                                     (abs)        0019E
_WDTCON                                        (abs)        00097
_WDT_Initialize                                text34       00E6A
_WPUA                                          (abs)        0020C
_WPUB                                          (abs)        0020D
_Y0                                            bssBANK1     000E0
_Y1                                            bssBANK2     00159
_Y2                                            bssBANK0     00060
_Z1                                            bssBANK2     00152
_Z2                                            bssBANK0     0005C
__Habs1                                        abs1         00000
__Hbank0                                       bank0        00000
__Hbank1                                       bank1        00000
__Hbank10                                      bank10       00000
__Hbank11                                      bank11       00000
__Hbank12                                      bank12       00000
__Hbank13                                      bank13       00000
__Hbank14                                      bank14       00000
__Hbank15                                      bank15       00000
__Hbank16                                      bank16       00000
__Hbank17                                      bank17       00000
__Hbank18                                      bank18       00000
__Hbank19                                      bank19       00000
__Hbank2                                       bank2        00000
__Hbank20                                      bank20       00000
__Hbank21                                      bank21       00000
__Hbank22                                      bank22       00000
__Hbank23                                      bank23       00000
__Hbank24                                      bank24       00000
__Hbank25                                      bank25       00000
__Hbank26                                      bank26       00000
__Hbank27                                      bank27       00000
__Hbank28                                      bank28       00000
__Hbank29                                      bank29       00000
__Hbank3                                       bank3        00000
__Hbank30                                      bank30       00000
__Hbank31                                      bank31       00000
__Hbank4                                       bank4        00000
__Hbank5                                       bank5        00000
__Hbank6                                       bank6        00000
__Hbank7                                       bank7        00000
__Hbank8                                       bank8        00000
__Hbank9                                       bank9        00000
__Hbigram                                      bigram       00000
__HbssBANK0                                    bssBANK0     00000
__HbssBANK1                                    bssBANK1     00000
__HbssBANK2                                    bssBANK2     00000
__Hcinit                                       cinit        00800
__Hclrtext                                     clrtext      00000
__Hcode                                        code         00000
__Hcommon                                      common       00000
__Hconfig                                      config       08009
__HcstackBANK0                                 cstackBANK0  00000
__HcstackCOMMON                                cstackCOMMON 00000
__HdataBANK2                                   dataBANK2    00000
__Heeprom_data                                 eeprom_data  00000
__Hend_init                                    end_init     00004
__Hfunctab                                     functab      00000
__Hheap                                        heap         00000
__HidataBANK2                                  idataBANK2   00000
__Hidloc                                       idloc        08004
__Hinit                                        init         00002
__Hintentry                                    intentry     00002
__Hmaintext                                    maintext     00000
__HnvBANK0                                     nvBANK0      00000
__HnvBANK2                                     nvBANK2      00000
__Hpowerup                                     powerup      00000
__Hram                                         ram          00000
__Hreset_vec                                   reset_vec    00002
__Hsfr0                                        sfr0         00000
__Hsfr1                                        sfr1         00000
__Hsfr10                                       sfr10        00000
__Hsfr11                                       sfr11        00000
__Hsfr12                                       sfr12        00000
__Hsfr13                                       sfr13        00000
__Hsfr14                                       sfr14        00000
__Hsfr15                                       sfr15        00000
__Hsfr16                                       sfr16        00000
__Hsfr17                                       sfr17        00000
__Hsfr18                                       sfr18        00000
__Hsfr19                                       sfr19        00000
__Hsfr2                                        sfr2         00000
__Hsfr20                                       sfr20        00000
__Hsfr21                                       sfr21        00000
__Hsfr22                                       sfr22        00000
__Hsfr23                                       sfr23        00000
__Hsfr24                                       sfr24        00000
__Hsfr25                                       sfr25        00000
__Hsfr26                                       sfr26        00000
__Hsfr27                                       sfr27        00000
__Hsfr28                                       sfr28        00000
__Hsfr29                                       sfr29        00000
__Hsfr3                                        sfr3         00000
__Hsfr30                                       sfr30        00000
__Hsfr31                                       sfr31        00000
__Hsfr4                                        sfr4         00000
__Hsfr5                                        sfr5         00000
__Hsfr6                                        sfr6         00000
__Hsfr7                                        sfr7         00000
__Hsfr8                                        sfr8         00000
__Hsfr9                                        sfr9         00000
__Hspace_0                                     (abs)        01000
__Hspace_1                                     (abs)        0016C
__Hspace_2                                     (abs)        00000
__Hspace_3                                     (abs)        00000
__Hspace_4                                     (abs)        10010
__Hstack                                       stack        00000
__Hstrings                                     strings      00000
__Hstringtext1                                 stringtext1  00000
__Hstringtext2                                 stringtext2  00000
__Hstringtext3                                 stringtext3  00000
__Htext                                        text         00000
__Labs1                                        abs1         00000
__Lbank0                                       bank0        00000
__Lbank1                                       bank1        00000
__Lbank10                                      bank10       00000
__Lbank11                                      bank11       00000
__Lbank12                                      bank12       00000
__Lbank13                                      bank13       00000
__Lbank14                                      bank14       00000
__Lbank15                                      bank15       00000
__Lbank16                                      bank16       00000
__Lbank17                                      bank17       00000
__Lbank18                                      bank18       00000
__Lbank19                                      bank19       00000
__Lbank2                                       bank2        00000
__Lbank20                                      bank20       00000
__Lbank21                                      bank21       00000
__Lbank22                                      bank22       00000
__Lbank23                                      bank23       00000
__Lbank24                                      bank24       00000
__Lbank25                                      bank25       00000
__Lbank26                                      bank26       00000
__Lbank27                                      bank27       00000
__Lbank28                                      bank28       00000
__Lbank29                                      bank29       00000
__Lbank3                                       bank3        00000
__Lbank30                                      bank30       00000
__Lbank31                                      bank31       00000
__Lbank4                                       bank4        00000
__Lbank5                                       bank5        00000
__Lbank6                                       bank6        00000
__Lbank7                                       bank7        00000
__Lbank8                                       bank8        00000
__Lbank9                                       bank9        00000
__Lbigram                                      bigram       00000
__LbssBANK0                                    bssBANK0     00000
__LbssBANK1                                    bssBANK1     00000
__LbssBANK2                                    bssBANK2     00000
__Lcinit                                       cinit        007BC
__Lclrtext                                     clrtext      00000
__Lcode                                        code         00000
__Lcommon                                      common       00000
__Lconfig                                      config       00000
__LcstackBANK0                                 cstackBANK0  00000
__LcstackCOMMON                                cstackCOMMON 00000
__LdataBANK2                                   dataBANK2    00000
__Leeprom_data                                 eeprom_data  00000
__Lend_init                                    end_init     00002
__Lfunctab                                     functab      00000
__Lheap                                        heap         00000
__LidataBANK2                                  idataBANK2   00000
__Lidloc                                       idloc        00000
__Linit                                        init         00002
__Lintentry                                    intentry     00002
__Lmaintext                                    maintext     00000
__LnvBANK0                                     nvBANK0      00000
__LnvBANK2                                     nvBANK2      00000
__Lpowerup                                     powerup      00000
__Lram                                         ram          00000
__Lreset_vec                                   reset_vec    00000
__Lsfr0                                        sfr0         00000
__Lsfr1                                        sfr1         00000
__Lsfr10                                       sfr10        00000
__Lsfr11                                       sfr11        00000
__Lsfr12                                       sfr12        00000
__Lsfr13                                       sfr13        00000
__Lsfr14                                       sfr14        00000
__Lsfr15                                       sfr15        00000
__Lsfr16                                       sfr16        00000
__Lsfr17                                       sfr17        00000
__Lsfr18                                       sfr18        00000
__Lsfr19                                       sfr19        00000
__Lsfr2                                        sfr2         00000
__Lsfr20                                       sfr20        00000
__Lsfr21                                       sfr21        00000
__Lsfr22                                       sfr22        00000
__Lsfr23                                       sfr23        00000
__Lsfr24                                       sfr24        00000
__Lsfr25                                       sfr25        00000
__Lsfr26                                       sfr26        00000
__Lsfr27                                       sfr27        00000
__Lsfr28                                       sfr28        00000
__Lsfr29                                       sfr29        00000
__Lsfr3                                        sfr3         00000
__Lsfr30                                       sfr30        00000
__Lsfr31                                       sfr31        00000
__Lsfr4                                        sfr4         00000
__Lsfr5                                        sfr5         00000
__Lsfr6                                        sfr6         00000
__Lsfr7                                        sfr7         00000
__Lsfr8                                        sfr8         00000
__Lsfr9                                        sfr9         00000
__Lspace_0                                     (abs)        00000
__Lspace_1                                     (abs)        00000
__Lspace_2                                     (abs)        00000
__Lspace_3                                     (abs)        00000
__Lspace_4                                     (abs)        00000
__Lstack                                       stack        00000
__Lstrings                                     strings      00000
__Lstringtext1                                 stringtext1  00000
__Lstringtext2                                 stringtext2  00000
__Lstringtext3                                 stringtext3  00000
__Ltext                                        text         00000
__S0                                           (abs)        01000
__S1                                           (abs)        0016C
__S3                                           (abs)        00000
___awdiv                                       text31       00131
___awdiv@counter                               cstackBANK0  00024
___awdiv@dividend                              cstackBANK0  00022
___awdiv@divisor                               cstackBANK0  00020
___awdiv@quotient                              cstackBANK0  00026
___awdiv@sign                                  cstackBANK0  00025
___bmul                                        text20       00F78
___bmul@multiplicand                           cstackCOMMON 00070
___bmul@multiplier                             cstackCOMMON 00073
___bmul@product                                cstackCOMMON 00072
___heap_hi                                     (abs)        00000
___heap_lo                                     (abs)        00000
___int_sp                                      stack        00000
___latbits                                     (abs)        00001
___lmul                                        text4        0008B
___lmul@multiplicand                           cstackCOMMON 00074
___lmul@multiplier                             cstackCOMMON 00070
___lmul@product                                cstackCOMMON 00078
___sp                                          stack        00000
___stackhi                                     (abs)        00000
___stacklo                                     (abs)        00000
___wmul                                        text30       00FBF
___wmul@multiplicand                           cstackCOMMON 00079
___wmul@multiplier                             cstackCOMMON 00077
___wmul@product                                cstackCOMMON 0007B
__end_of_EUSART_Initialize                     text38       01000
__end_of_EUSART_SetErrorHandler                text41       00E79
__end_of_EUSART_SetFramingErrorHandler         text40       00E7F
__end_of_EUSART_SetOverrunErrorHandler         text39       0000A
__end_of_OSCILLATOR_Initialize                 text37       00E86
__end_of_PIN_MANAGER_Initialize                text36       00FA5
__end_of_SPI1_Initialize                       text35       00EBA
__end_of_SPI1_WriteByte                        text13       00E73
__end_of_SYSTEM_Initialize                     text33       00F0D
__end_of_WDT_Initialize                        text34       00E6E
__end_of___awdiv                               text31       00191
__end_of___bmul                                text20       00F8D
__end_of___lmul                                text4        000BE
__end_of___wmul                                text30       00FDE
__end_of__initialization                       cinit        007FD
__end_of_ai_getInputField                      text32       00E65
__end_of_ai_propagate                          text17       007BC
__end_of_ai_run                                text15       004D1
__end_of_biases1_read                          text28       00E8D
__end_of_biases1_write                         text26       00EA5
__end_of_biases2_read                          text25       00E94
__end_of_biases2_write                         text24       00EAE
__end_of_de_sigmoid                            text23       00F1D
__end_of_de_sigmoidValues                      stringtext1  00810
__end_of_deactivateElevator                    text14       00EE0
__end_of_eeprom_read                           text29       00F78
__end_of_eeprom_write                          text27       0005C
__end_of_initMAX7219                           text11       00131
__end_of_ledClear                              text10       00F63
__end_of_ledSet                                text9        00F50
__end_of_main                                  maintext     003C2
__end_of_rand                                  text3        000F3
__end_of_sendMatrix                            text8        0008B
__end_of_sigmoid                               text16       00F2D
__end_of_sigmoidValues                         stringtext2  00820
__end_of_snake_getField                        text7        00E67
__end_of_snake_getFoodPosition                 text6        00E6A
__end_of_snake_getSurroundings                 text5        002F5
__end_of_snake_initiate                        text2        00032
__end_of_snake_move                            text1        0023F
__end_of_spi1_configuration                    stringtext3  00824
__end_of_txMAX7219                             text12       00FBF
__end_of_weights1_read                         text22       00EEE
__end_of_weights1_write                        text21       00F3E
__end_of_weights2_read                         text19       00ED3
__end_of_weights2_write                        text18       00EFD
__initialization                               cinit        007BC
__pbssBANK0                                    bssBANK0     00054
__pbssBANK1                                    bssBANK1     000A0
__pbssBANK2                                    bssBANK2     00120
__pbssBIGRAM                                   (abs)        02100
__pcstackBANK0                                 cstackBANK0  00020
__pcstackCOMMON                                cstackCOMMON 00070
__pdataBANK2                                   dataBANK2    00160
__pidataBANK2                                  idataBANK2   00E94
__pmaintext                                    maintext     002F5
__pnvBANK0                                     nvBANK0      0006D
__pnvBANK2                                     nvBANK2      00168
__pstringtext1                                 stringtext1  00800
__pstringtext2                                 stringtext2  00810
__pstringtext3                                 stringtext3  00820
__ptext1                                       text1        00191
__ptext10                                      text10       00F50
__ptext11                                      text11       000F3
__ptext12                                      text12       00FA5
__ptext13                                      text13       00E6E
__ptext14                                      text14       00ED3
__ptext15                                      text15       003C2
__ptext16                                      text16       00F1D
__ptext17                                      text17       004D1
__ptext18                                      text18       00EEE
__ptext19                                      text19       00EC6
__ptext2                                       text2        0000A
__ptext20                                      text20       00F78
__ptext21                                      text21       00F2D
__ptext22                                      text22       00EE0
__ptext23                                      text23       00F0D
__ptext24                                      text24       00EA5
__ptext25                                      text25       00E8D
__ptext26                                      text26       00E9C
__ptext27                                      text27       00032
__ptext28                                      text28       00E86
__ptext29                                      text29       00F63
__ptext3                                       text3        000BE
__ptext30                                      text30       00FBF
__ptext31                                      text31       00131
__ptext32                                      text32       00E63
__ptext33                                      text33       00EFD
__ptext34                                      text34       00E6A
__ptext35                                      text35       00EAE
__ptext36                                      text36       00F8D
__ptext37                                      text37       00E7F
__ptext38                                      text38       00FDE
__ptext39                                      text39       00004
__ptext4                                       text4        0008B
__ptext40                                      text40       00E79
__ptext41                                      text41       00E73
__ptext5                                       text5        0023F
__ptext6                                       text6        00E67
__ptext7                                       text7        00E65
__ptext8                                       text8        0005C
__ptext9                                       text9        00F3E
_ai_getInputField                              text32       00E63
_ai_propagate                                  text17       004D1
_ai_run                                        text15       003C2
_biases1_read                                  text28       00E86
_biases1_write                                 text26       00E9C
_biases2_read                                  text25       00E8D
_biases2_write                                 text24       00EA5
_choice                                        bssBANK0     00066
_de_sigmoid                                    text23       00F0D
_de_sigmoidValues                              stringtext1  00800
_deactivateElevator                            text14       00ED3
_eeprom_read                                   text29       00F63
_eeprom_write                                  text27       00032
_eusartRxLastError                             bssBANK0     00068
_field                                         bssBANK1     000A0
_foodPosition                                  bssBANK0     00064
_headPosition                                  bssBANK0     00065
_initMAX7219                                   text11       000F3
_ledClear                                      text10       00F50
_ledSet                                        text9        00F3E
_main                                          maintext     002F5
_mapping                                       dataBANK2    00160
_matrix                                        bssBANK2     0013C
_rand                                          text3        000BE
_seed                                          bssBANK0     00069
_sendMatrix                                    text8        0005C
_sigmoid                                       text16       00F1D
_sigmoidValues                                 stringtext2  00810
_snakeSize                                     bssBANK0     00067
_snake_getField                                text7        00E65
_snake_getFoodPosition                         text6        00E67
_snake_getSurroundings                         text5        0023F
_snake_initiate                                text2        0000A
_snake_move                                    text1        00191
_spi1_configuration                            stringtext3  00820
_txMAX7219                                     text12       00FA5
_weights1_read                                 text22       00EE0
_weights1_write                                text21       00F2D
_weights2_read                                 text19       00EC6
_weights2_write                                text18       00EEE
ai_propagate@S                                 cstackBANK0  00035
ai_propagate@dz                                cstackBANK0  00048
ai_propagate@i                                 cstackBANK0  0003A
ai_propagate@i_910                             cstackBANK0  0003B
ai_propagate@i_912                             cstackBANK0  0003C
ai_propagate@i_914                             cstackBANK0  0003D
ai_propagate@i_921                             cstackBANK0  00040
ai_propagate@i_923                             cstackBANK0  00041
ai_propagate@incentive                         cstackBANK0  00039
ai_propagate@j                                 cstackBANK0  0003F
ai_propagate@j_913                             cstackBANK0  00044
ai_propagate@j_917                             cstackBANK0  00042
ai_propagate@j_919                             cstackBANK0  0003E
ai_propagate@j_920                             cstackBANK0  00046
ai_propagate@j_922                             cstackBANK0  00047
ai_propagate@k                                 cstackBANK0  00045
ai_propagate@k_918                             cstackBANK0  00043
ai_run@i                                       cstackBANK0  0002A
ai_run@i_899                                   cstackBANK0  0002B
ai_run@i_903                                   cstackBANK0  0002C
ai_run@i_905                                   cstackBANK0  0002D
ai_run@j                                       cstackBANK0  00030
ai_run@j_901                                   cstackBANK0  00031
ai_run@z                                       cstackBANK0  0002E
biases1_read@add                               cstackCOMMON 00074
biases1_write@add                              cstackCOMMON 00079
biases1_write@val                              cstackCOMMON 00078
biases2_read@add                               cstackCOMMON 00074
biases2_write@add                              cstackCOMMON 00079
biases2_write@val                              cstackCOMMON 00078
btemp                                          (abs)        0007E
clear_ram0                                     clrtext      00EBA
de_sigmoid@z                                   cstackCOMMON 00071
eeprom_read@addr                               cstackCOMMON 00073
eeprom_write@addr                              cstackCOMMON 00077
eeprom_write@value                             cstackCOMMON 00074
end_of_initialization                          cinit        007FD
intlevel0                                      functab      00000
intlevel1                                      functab      00000
intlevel2                                      functab      00000
intlevel3                                      functab      00000
intlevel4                                      functab      00000
intlevel5                                      functab      00000
ledClear@c                                     cstackCOMMON 00070
ledClear@l                                     cstackCOMMON 00073
ledSet@c                                       cstackCOMMON 00070
ledSet@l                                       cstackCOMMON 00073
main@field                                     cstackBANK0  0004D
main@foodPosition                              cstackBANK0  0004E
main@foodPosition_661                          cstackBANK0  0004F
main@i                                         cstackBANK0  00050
main@i_659                                     cstackBANK0  00052
main@j                                         cstackBANK0  00051
main@j_660                                     cstackBANK0  00053
reset_vec                                      reset_vec    00000
sendMatrix@b                                   cstackCOMMON 00074
sendMatrix@i                                   cstackCOMMON 00077
sendMatrix@j                                   cstackCOMMON 00076
sendMatrix@nb                                  cstackCOMMON 00075
sigmoid@z                                      cstackCOMMON 00071
snake_getSurroundings@i                        cstackCOMMON 00072
snake_getSurroundings@i_783                    cstackCOMMON 00073
snake_getSurroundings@p                        cstackCOMMON 00071
snake_getSurroundings@surroundings             cstackCOMMON 00074
snake_initiate@i                               cstackBANK0  00025
snake_move@direction                           cstackBANK0  00028
snake_move@i                                   cstackBANK0  0002A
snake_move@incentive                           cstackBANK0  00029
start                                          init         00002
start_initialization                           cinit        007BC
txMAX7219@addr0                                cstackCOMMON 00072
txMAX7219@dat0                                 cstackCOMMON 00071
weights1_read@add1                             cstackCOMMON 00076
weights1_read@add2                             cstackCOMMON 00074
weights1_write@add1                            cstackBANK0  00022
weights1_write@add2                            cstackBANK0  00020
weights1_write@val                             cstackBANK0  00021
weights2_read@add1                             cstackCOMMON 00075
weights2_read@add2                             cstackCOMMON 00074
weights2_write@add1                            cstackCOMMON 0007A
weights2_write@add2                            cstackCOMMON 00078
weights2_write@val                             cstackCOMMON 00079
wtemp0                                         (abs)        0007E


MODULE INFORMATION

Module		Function		Class		Link	Load	Size
D:\ProgramData\Microchip\xc8\v2.40\pic\sources\c99\common\Umul16.c
		___wmul        		CODE           	0FBF	0000	31

D:\ProgramData\Microchip\xc8\v2.40\pic\sources\c99\common\Umul16.c estimated size: 31

sigmoid.c
		_sigmoid       		CODE           	0F1D	0000	16
		_de_sigmoid    		CODE           	0F0D	0000	16

sigmoid.c estimated size: 32

ledMatrix.c
		_ledSet        		CODE           	0F3E	0000	18
		_initMAX7219   		CODE           	00F3	0000	62
		_sendMatrix    		CODE           	005C	0000	47
		_txMAX7219     		CODE           	0FA5	0000	26
		_ledClear      		CODE           	0F50	0000	19

ledMatrix.c estimated size: 172

D:\ProgramData\Microchip\xc8\v2.40\pic\sources\c99\common\Umul32.c
		___lmul        		CODE           	008B	0000	51

D:\ProgramData\Microchip\xc8\v2.40\pic\sources\c99\common\Umul32.c estimated size: 51

mcc_generated_files/pin_manager.c
		_PIN_MANAGER_Initialize		CODE           	0F8D	0000	24

mcc_generated_files/pin_manager.c estimated size: 24

snake.c
		_snake_move    		CODE           	0191	0000	174
		_snake_getField		CODE           	0E65	0000	2
		_snake_initiate		CODE           	000A	0000	40
		_snake_getFoodPosition		CODE           	0E67	0000	3
		_snake_getSurroundings		CODE           	023F	0000	182

snake.c estimated size: 401

mcc_generated_files/spi1.c
		_SPI1_WriteByte		CODE           	0E6E	0000	5
		_SPI1_Initialize		CODE           	0EAE	0000	12

mcc_generated_files/spi1.c estimated size: 17

D:\ProgramData\Microchip\xc8\v2.40\pic\sources\c99\pic\__eewrite.c
		_eeprom_write  		CODE           	0032	0000	42

D:\ProgramData\Microchip\xc8\v2.40\pic\sources\c99\pic\__eewrite.c estimated size: 42

D:\ProgramData\Microchip\xc8\v2.40\pic\sources\c99\pic\__eeread.c
		_eeprom_read   		CODE           	0F63	0000	21

D:\ProgramData\Microchip\xc8\v2.40\pic\sources\c99\pic\__eeread.c estimated size: 21

D:\ProgramData\Microchip\xc8\v2.40\pic\sources\c99\common\Umul8.c
		___bmul        		CODE           	0F78	0000	21

D:\ProgramData\Microchip\xc8\v2.40\pic\sources\c99\common\Umul8.c estimated size: 21

shared
		__initialization		CODE           	07BC	0000	65
		_sigmoidValues 		STRCODE        	0810	0000	16
		_spi1_configuration		STRCODE        	0820	0000	4
		_de_sigmoidValues		STRCODE        	0800	0000	16

shared estimated size: 101

mcc_generated_files/mcc.c
		_WDT_Initialize		CODE           	0E6A	0000	4
		_OSCILLATOR_Initialize		CODE           	0E7F	0000	7
		_SYSTEM_Initialize		CODE           	0EFD	0000	16

mcc_generated_files/mcc.c estimated size: 27

D:\ProgramData\Microchip\xc8\v2.40\pic\sources\c99\common\awdiv.c
		___awdiv       		CODE           	0131	0000	96

D:\ProgramData\Microchip\xc8\v2.40\pic\sources\c99\common\awdiv.c estimated size: 96

ai.c
		_weights1_write		CODE           	0F2D	0000	17
		_weights2_write		CODE           	0EEE	0000	15
		_biases1_read  		CODE           	0E86	0000	7
		_ai_run        		CODE           	03C2	0000	271
		_biases1_write 		CODE           	0E9C	0000	9
		_biases2_read  		CODE           	0E8D	0000	7
		_ai_getInputField		CODE           	0E63	0000	2
		_biases2_write 		CODE           	0EA5	0000	9
		_weights1_read 		CODE           	0EE0	0000	14
		_weights2_read 		CODE           	0EC6	0000	13
		_ai_propagate  		CODE           	04D1	0000	747

ai.c estimated size: 1111

D:\ProgramData\Microchip\xc8\v2.40\pic\sources\c99\common\rand.c
		_rand          		CODE           	00BE	0000	53

D:\ProgramData\Microchip\xc8\v2.40\pic\sources\c99\common\rand.c estimated size: 53

mcc_generated_files/eusart.c
		_EUSART_Initialize		CODE           	0FDE	0000	34
		_EUSART_SetFramingErrorHandler		CODE           	0E79	0000	6
		_EUSART_SetErrorHandler		CODE           	0E73	0000	6
		_EUSART_SetOverrunErrorHandler		CODE           	0004	0000	6

mcc_generated_files/eusart.c estimated size: 52

main.c
		_deactivateElevator		CODE           	0ED3	0000	13
		_main          		CODE           	02F5	0000	205

main.c estimated size: 218

